 handmade

 Timestamp is 58c696a7 (Mon Mar 13 07:55:03 2017)

 Preferred load address is 0000000180000000

 Start         Length     Name                   Class
 0001:00000000 00000627H .text                   CODE
 0001:00000630 0003110aH .text$mn                CODE
 0001:00031740 00000012H .text$mn$00             CODE
 0001:00031760 000006c9H .text$x                 CODE
 0002:00000000 00000260H .idata$5                DATA
 0002:00000260 00000010H .00cfg                  DATA
 0002:00000270 00000008H .CRT$XCA                DATA
 0002:00000278 00000008H .CRT$XCZ                DATA
 0002:00000280 00000008H .CRT$XIA                DATA
 0002:00000288 00000018H .CRT$XIC                DATA
 0002:000002a0 00000008H .CRT$XIZ                DATA
 0002:000002a8 00000008H .CRT$XPA                DATA
 0002:000002b0 00000010H .CRT$XPX                DATA
 0002:000002c0 00000008H .CRT$XPXA               DATA
 0002:000002c8 00000008H .CRT$XPZ                DATA
 0002:000002d0 00000008H .CRT$XTA                DATA
 0002:000002d8 00000008H .CRT$XTZ                DATA
 0002:000002e0 0000f144H .rdata                  DATA
 0002:0000f428 0000016cH .rdata$r                DATA
 0002:0000f598 00000010H .rdata$zETW0            DATA
 0002:0000f5a8 00000077H .rdata$zETW1            DATA
 0002:0000f61f 0000002cH .rdata$zETW2            DATA
 0002:0000f64b 00000001H .rdata$zETW9            DATA
 0002:0000f64c 00000388H .rdata$zzzdbg           DATA
 0002:0000f9d8 00000008H .rtc$IAA                DATA
 0002:0000f9e0 00000008H .rtc$IZZ                DATA
 0002:0000f9e8 00000008H .rtc$TAA                DATA
 0002:0000f9f0 00000008H .rtc$TZZ                DATA
 0002:0000fa00 00000eecH .xdata                  DATA
 0002:000108f0 00000084H .xdata$x                DATA
 0002:00010980 00000071H .edata                  DATA
 0002:000109f4 00000028H .idata$2                DATA
 0002:00010a1c 00000014H .idata$3                DATA
 0002:00010a30 00000260H .idata$4                DATA
 0002:00010c90 0000059aH .idata$6                DATA
 0003:00000000 00000990H .data                   DATA
 0003:00000990 0000006cH .data$r                 DATA
 0003:00000a00 00001740H .bss                    DATA
 0004:00000000 0000273cH .pdata                  DATA
 0005:00000000 00000084H .gfids$x                DATA
 0005:00000084 0000003cH .gfids$y                DATA

  Address         Publics by Value              Rva+Base               Lib:Object

 0000:00000000       __guard_iat_table          0000000000000000     <absolute>
 0000:00000000       __guard_iat_count          0000000000000000     <absolute>
 0000:00000000       __guard_fids_count         0000000000000000     <absolute>
 0000:00000000       __guard_longjmp_table      0000000000000000     <absolute>
 0000:00000000       __guard_longjmp_count      0000000000000000     <absolute>
 0000:00000000       ___safe_se_handler_table   0000000000000000     <absolute>
 0000:00000000       ___safe_se_handler_count   0000000000000000     <absolute>
 0000:00000000       __guard_fids_table         0000000000000000     <absolute>
 0000:00000100       __guard_flags              0000000000000100     <absolute>
 0000:00000000       __ImageBase                0000000180000000     <linker-defined>
 0001:00000000       ?TraceLoggingRegister@__vcrt_trace_logging_provider@@YAJPEBU_TlgProvider_t@1@PEBU_GUID@@P6AX1KE_K2PEAU_EVENT_FILTER_DESCRIPTOR@@PEAX@Z4@Z 0000000180001000 f i libvcruntimed:telemetry.obj
 0001:000000f0       ?TraceLoggingSetInformation@__vcrt_trace_logging_provider@@YAJPEBU_TlgProvider_t@1@W4_EVENT_INFO_CLASS@@PEAXK@Z 00000001800010f0 f i libvcruntimed:telemetry.obj
 0001:00000140       ?TraceLoggingUnregister@__vcrt_trace_logging_provider@@YAXPEBU_TlgProvider_t@1@@Z 0000000180001140 f i libvcruntimed:telemetry.obj
 0001:00000170       ?_TlgCreateSz@__vcrt_trace_logging_provider@@YAXPEAU_EVENT_DATA_DESCRIPTOR@@PEBD@Z 0000000180001170 f i libvcruntimed:telemetry.obj
 0001:000001e0       ?_TlgCreateWsz@__vcrt_trace_logging_provider@@YAXPEAU_EVENT_DATA_DESCRIPTOR@@PEB_W@Z 00000001800011e0 f i libvcruntimed:telemetry.obj
 0001:00000250       ?_TlgEnableCallback@__vcrt_trace_logging_provider@@YAXPEBU_GUID@@KE_K1PEAU_EVENT_FILTER_DESCRIPTOR@@PEAX@Z 0000000180001250 f i libvcruntimed:telemetry.obj
 0001:00000370       ?_TlgKeywordOn@__vcrt_trace_logging_provider@@YAEPEBU_TlgProvider_t@1@_K@Z 0000000180001370 f i libvcruntimed:telemetry.obj
 0001:000003e0       ?_TlgWrite@__vcrt_trace_logging_provider@@YAJPEBU_TlgProvider_t@1@PEFBXPEBU_GUID@@2IPEAU_EVENT_DATA_DESCRIPTOR@@@Z 00000001800013e0 f i libvcruntimed:telemetry.obj
 0001:00000af0       gameUpdateAndRender        0000000180001af0 f   handmade.obj
 0001:00002c50       gameGetSoundSamples        0000000180003c50 f   handmade.obj
 0001:00002c90       ?getController@@YAPEAUGameControllerInput@@PEAUGameInput@@H@Z 0000000180003c90 f i handmade.obj
 0001:00002ce0       ?getTileMap@@YAPEAUtilemap@@PEAUworld@@HH@Z 0000000180003ce0 f i handmade.obj
 0001:00002d60       ?getTileValue@@YAIPEAUworld@@PEAUtilemap@@HH@Z 0000000180003d60 f i handmade.obj
 0001:00002e00       __GSHandlerCheck           0000000180003e00 f   LIBCMTD:_gshandler_.obj
 0001:00002e40       __GSHandlerCheckCommon     0000000180003e40 f   LIBCMTD:_gshandler_.obj
 0001:00002f50       __security_check_cookie    0000000180003f50 f   LIBCMTD:_amdsecgs_.obj
 0001:00003380       _DllMainCRTStartup         0000000180004380 f   LIBCMTD:dll_dllmain.obj
 0001:000033c0       __raise_securityfailure    00000001800043c0 f   LIBCMTD:gs_report.obj
 0001:00003400       __report_gsfailure         0000000180004400 f   LIBCMTD:gs_report.obj
 0001:000034e0       __report_rangecheckfailure 00000001800044e0 f   LIBCMTD:gs_report.obj
 0001:00003500       __report_securityfailure   0000000180004500 f   LIBCMTD:gs_report.obj
 0001:00003700       ?__crt_rotate_pointer_value@@YA_K_KH@Z 0000000180004700 f i LIBCMTD:utility.obj
 0001:00003880       NtCurrentTeb               0000000180004880 f i LIBCMTD:utility.obj
 0001:00003890       __scrt_acquire_startup_lock 0000000180004890 f   LIBCMTD:utility.obj
 0001:00003900       __scrt_dllmain_after_initialize_c 0000000180004900 f   LIBCMTD:utility.obj
 0001:00003920       __scrt_dllmain_before_initialize_c 0000000180004920 f   LIBCMTD:utility.obj
 0001:00003940       __scrt_dllmain_crt_thread_attach 0000000180004940 f   LIBCMTD:utility.obj
 0001:00003970       __scrt_dllmain_crt_thread_detach 0000000180004970 f   LIBCMTD:utility.obj
 0001:00003990       __scrt_dllmain_exception_filter 0000000180004990 f   LIBCMTD:utility.obj
 0001:000039f0       __scrt_dllmain_uninitialize_c 00000001800049f0 f   LIBCMTD:utility.obj
 0001:00003a20       __scrt_dllmain_uninitialize_critical 0000000180004a20 f   LIBCMTD:utility.obj
 0001:00003a40       __scrt_initialize_crt      0000000180004a40 f   LIBCMTD:utility.obj
 0001:00003a90       __scrt_initialize_onexit_tables 0000000180004a90 f   LIBCMTD:utility.obj
 0001:00003b90       __scrt_is_nonwritable_in_current_image 0000000180004b90 f   LIBCMTD:utility.obj
 0001:00003c20       __scrt_release_startup_lock 0000000180004c20 f   LIBCMTD:utility.obj
 0001:00003c50       __scrt_uninitialize_crt    0000000180004c50 f   LIBCMTD:utility.obj
 0001:00003c90       _onexit                    0000000180004c90 f   LIBCMTD:utility.obj
 0001:00003d20       atexit                     0000000180004d20 f   LIBCMTD:utility.obj
 0001:00003d60       __security_init_cookie     0000000180004d60 f   LIBCMTD:gs_support.obj
 0001:00003e80       DllMain                    0000000180004e80 f   LIBCMTD:dll_dllmain_stub.obj
 0001:00003ea0       ?__scrt_initialize_type_info@@YAXXZ 0000000180004ea0 f   LIBCMTD:tncleanup.obj
 0001:00003ec0       ?__scrt_uninitialize_type_info@@YAXXZ 0000000180004ec0 f   LIBCMTD:tncleanup.obj
 0001:00003ee0       __local_stdio_printf_options 0000000180004ee0 f i LIBCMTD:default_local_stdio_options.obj
 0001:00003ef0       __local_stdio_scanf_options 0000000180004ef0 f i LIBCMTD:default_local_stdio_options.obj
 0001:00003f00       __scrt_initialize_default_local_stdio_options 0000000180004f00 f   LIBCMTD:default_local_stdio_options.obj
 0001:00003f50       __scrt_get_dyn_tls_init_callback 0000000180004f50 f   LIBCMTD:dyn_tls_init.obj
 0001:00003f60       __crt_debugger_hook        0000000180004f60 f   LIBCMTD:utility_desktop.obj
 0001:00003f70       __scrt_fastfail            0000000180004f70 f   LIBCMTD:utility_desktop.obj
 0001:00004110       _RTC_Initialize            0000000180005110 f   LIBCMTD:_initsect_.obj
 0001:00004160       _RTC_Terminate             0000000180005160 f   LIBCMTD:_initsect_.obj
 0001:000041b0       _guard_check_icall         00000001800051b0 f i LIBCMTD:checkcfg.obj
 0001:000041d0       __isa_available_init       00000001800051d0 f   LIBCMTD:_cpu_disp_.obj
 0001:00004550       __scrt_is_ucrt_dll_in_use  0000000180005550 f   LIBCMTD:ucrt_detection.obj
 0001:00004580       _guard_icall_checks_enforced 0000000180005580 f i LIBCMTD:guard_support.obj
 0001:000045b0       IsProcessorFeaturePresent  00000001800055b0 f   kernel32:KERNEL32.dll
 0001:00004650       EventDataDescCreate        0000000180005650 f i libvcruntimed:telemetry.obj
 0001:00004690       HRESULT_FROM_WIN32         0000000180005690 f i libvcruntimed:telemetry.obj
 0001:000046d0       __telemetry_main_invoke_trigger 00000001800056d0 f   libvcruntimed:telemetry.obj
 0001:00004810       __telemetry_main_return_trigger 0000000180005810 f   libvcruntimed:telemetry.obj
 0001:00004950       __vcrt_initialize_telemetry_provider 0000000180005950 f   libvcruntimed:telemetry.obj
 0001:00004970       __vcrt_uninitialize_telemetry_provider 0000000180005970 f   libvcruntimed:telemetry.obj
 0001:00004990       __C_specific_handler       0000000180005990 f   libvcruntimed:_chandler_.obj
 0001:00004dc0       __vcrt_initialize          0000000180005dc0 f   libvcruntimed:initialization.obj
 0001:00004e10       __vcrt_thread_attach       0000000180005e10 f   libvcruntimed:initialization.obj
 0001:00004e30       __vcrt_thread_detach       0000000180005e30 f   libvcruntimed:initialization.obj
 0001:00004e50       __vcrt_uninitialize        0000000180005e50 f   libvcruntimed:initialization.obj
 0001:00004e80       __vcrt_uninitialize_critical 0000000180005e80 f   libvcruntimed:initialization.obj
 0001:00004e90       ??1?$__crt_unique_heap_ptr@DU__crt_internal_free_policy@@@@QEAA@XZ 0000000180005e90 f i libvcruntimed:std_type_info.obj
 0001:00004e90       ??1?$__crt_unique_heap_ptr@U__vcrt_ptd@@U__crt_internal_free_policy@@@@QEAA@XZ 0000000180005e90 f i libvcruntimed:per_thread_data.obj
 0001:00004eb0       ?release@?$__crt_unique_heap_ptr@U__vcrt_ptd@@U__crt_internal_free_policy@@@@QEAAXXZ 0000000180005eb0 f i libvcruntimed:per_thread_data.obj
 0001:00004eb0       ?release@?$__crt_unique_heap_ptr@DU__crt_internal_free_policy@@@@QEAAXXZ 0000000180005eb0 f i libvcruntimed:std_type_info.obj
 0001:00004ee0       __std_type_info_compare    0000000180005ee0 f   libvcruntimed:std_type_info.obj
 0001:00004f20       __std_type_info_destroy_list 0000000180005f20 f   libvcruntimed:std_type_info.obj
 0001:00004f80       ??$__crt_interlocked_compare_exchange_pointer@UHINSTANCE__@@$$T$$T@@YAPEAUHINSTANCE__@@PEDSEAU0@$$T1@Z 0000000180005f80 f i libvcruntimed:winapi_downlevel.obj
 0001:00004f80       ??$__crt_interlocked_compare_exchange_pointer@X$$T$$T@@YAPEAXPEDSEAX$$T1@Z 0000000180005f80 f i libvcruntimed:winapi_downlevel.obj
 0001:00004fc0       ??$__crt_interlocked_exchange_pointer@XPEAX@@YAPEAXPEDSEAXQEAX@Z 0000000180005fc0 f i libvcruntimed:winapi_downlevel.obj
 0001:00004fc0       ??$__crt_interlocked_exchange_pointer@UHINSTANCE__@@PEAX@@YAPEAUHINSTANCE__@@PEDSEAU0@QEAX@Z 0000000180005fc0 f i libvcruntimed:winapi_downlevel.obj
 0001:00004fc0       ??$__crt_interlocked_exchange_pointer@UHINSTANCE__@@PEAU1@@@YAPEAUHINSTANCE__@@PEDSEAU0@QEAU0@@Z 0000000180005fc0 f i libvcruntimed:winapi_downlevel.obj
 0001:00004fe0       ??$__crt_interlocked_read_pointer@UHINSTANCE__@@@@YAPEAUHINSTANCE__@@PEDSEAU0@@Z 0000000180005fe0 f i libvcruntimed:winapi_downlevel.obj
 0001:00004fe0       ??$__crt_interlocked_read_pointer@X@@YAPEAXPEDSEAX@Z 0000000180005fe0 f i libvcruntimed:winapi_downlevel.obj
 0001:00005000       ?__crt_fast_encode_pointer@@YA?AU__crt_fast_encoded_nullptr_t@@$$T@Z 0000000180006000 f i libvcruntimed:winapi_downlevel.obj
 0001:00005020       ?get_invalid_value@__crt_handle_traits@@SAPEAXXZ 0000000180006020 f   libucrtd:crtmbox.obj
 0001:000055f0       __vcrt_EventRegister       00000001800065f0 f   libvcruntimed:winapi_downlevel.obj
 0001:00005660       __vcrt_EventSetInformation 0000000180006660 f   libvcruntimed:winapi_downlevel.obj
 0001:000056c0       __vcrt_EventUnregister     00000001800066c0 f   libvcruntimed:winapi_downlevel.obj
 0001:00005710       __vcrt_EventWriteTransfer  0000000180006710 f   libvcruntimed:winapi_downlevel.obj
 0001:00005790       __vcrt_FlsAlloc            0000000180006790 f   libvcruntimed:winapi_downlevel.obj
 0001:000057e0       __vcrt_FlsFree             00000001800067e0 f   libvcruntimed:winapi_downlevel.obj
 0001:00005830       __vcrt_FlsGetValue         0000000180006830 f   libvcruntimed:winapi_downlevel.obj
 0001:00005880       __vcrt_FlsSetValue         0000000180006880 f   libvcruntimed:winapi_downlevel.obj
 0001:000058e0       __vcrt_InitializeCriticalSectionEx 00000001800068e0 f   libvcruntimed:winapi_downlevel.obj
 0001:00005940       __vcrt_initialize_winapi_thunks 0000000180006940 f   libvcruntimed:winapi_downlevel.obj
 0001:000059c0       __vcrt_uninitialize_winapi_thunks 00000001800069c0 f   libvcruntimed:winapi_downlevel.obj
 0001:00005a70       _local_unwind              0000000180006a70 f   libvcruntimed:_jmpuwind_.obj
 0001:00005aa0       _NLG_Notify                0000000180006aa0 f   libvcruntimed:_jmpuwind_.obj
 0001:00005ac0       __NLG_Dispatch2            0000000180006ac0 f   libvcruntimed:_jmpuwind_.obj
 0001:00005ad0       __NLG_Return2              0000000180006ad0 f   libvcruntimed:_jmpuwind_.obj
 0001:00005ae0       __except_validate_context_record 0000000180006ae0 f   libvcruntimed:jbcxrval.obj
 0001:00005b70       __vcrt_freefls             0000000180006b70 f   libvcruntimed:per_thread_data.obj
 0001:00005bb0       __vcrt_freeptd             0000000180006bb0 f   libvcruntimed:per_thread_data.obj
 0001:00005c10       __vcrt_getptd              0000000180006c10 f   libvcruntimed:per_thread_data.obj
 0001:00005c40       __vcrt_getptd_noexit       0000000180006c40 f   libvcruntimed:per_thread_data.obj
 0001:00005d60       __vcrt_initialize_ptd      0000000180006d60 f   libvcruntimed:per_thread_data.obj
 0001:00005db0       __vcrt_uninitialize_ptd    0000000180006db0 f   libvcruntimed:per_thread_data.obj
 0001:00005de0       __vcrt_initialize_locks    0000000180006de0 f   libvcruntimed:locks.obj
 0001:00005e50       __vcrt_uninitialize_locks  0000000180006e50 f   libvcruntimed:locks.obj
 0001:00005eb0       __vcrt_initialize_pure_virtual_call_handler 0000000180006eb0 f   libvcruntimed:purevirt_data.obj
 0001:00005ee0       ??$__vcrt_va_start_verify_argument_type@QEBD@@YAXXZ 0000000180006ee0 f i libvcruntimed:undname.obj
 0001:00005ee0       ??$__vcrt_va_start_verify_argument_type@QEB_W@@YAXXZ 0000000180006ee0 f i libucrtd:dbgrpt.obj
 0001:00005ef0       _vsprintf_s_l              0000000180006ef0 f i libvcruntimed:undname.obj
 0001:00005f60       sprintf_s                  0000000180006f60 f i libvcruntimed:undname.obj
 0001:00005fc0       _initterm                  0000000180006fc0 f   libucrtd:initterm.obj
 0001:00006030       _initterm_e                0000000180007030 f   libucrtd:initterm.obj
 0001:00006120       _seh_filter_dll            0000000180007120 f   libucrtd:exception_filter.obj
 0001:00006150       _seh_filter_exe            0000000180007150 f   libucrtd:exception_filter.obj
 0001:00006400       ??$__crt_get_proc_address@P6AXI@Z@@YAP6AXI@ZQEAUHINSTANCE__@@QEBD@Z 0000000180007400 f i libucrtd:exit.obj
 0001:00006430       ??$__crt_interlocked_read@J@@YAJPEDJ@Z 0000000180007430 f i libucrtd:exit.obj
 0001:00006450       ??1?$__crt_unique_handle_t@U__crt_hmodule_traits@@@@QEAA@XZ 0000000180007450 f i libucrtd:exit.obj
 0001:00006470       ?__crt_interlocked_read_32@@YAHPEDH@Z 0000000180007470 f i libucrtd:exit.obj
 0001:000064b0       ?close@?$__crt_unique_handle_t@U__crt_hmodule_traits@@@@QEAAXXZ 00000001800074b0 f i libucrtd:exit.obj
 0001:000064f0       ?close@__crt_hmodule_traits@@SA_NPEAUHINSTANCE__@@@Z 00000001800074f0 f i libucrtd:exit.obj
 0001:000066c0       ?get@?$__crt_unique_heap_ptr@DU__crt_public_free_policy@@@@QEBAPEADXZ 00000001800076c0 f i libvcruntimed:std_exception.obj
 0001:000066c0       ?get@?$__crt_scoped_stack_ptr@_W@@QEBAPEA_WXZ 00000001800076c0 f i libucrtd:getstringtypea.obj
 0001:000066c0       ?get@?$__crt_unique_handle_t@U__crt_hmodule_traits@@@@QEBAPEAUHINSTANCE__@@XZ 00000001800076c0 f i libucrtd:exit.obj
 0001:000066c0       ?public_stream@__crt_stdio_stream@@QEBAPEAU_iobuf@@XZ 00000001800076c0 f i libucrtd:output.obj
 0001:000066c0       ?save_state@?$c_string_character_source@D@__crt_strtox@@QEBAPEBDXZ 00000001800076c0 f i libucrtd:atox.obj
 0001:000066c0       ?get@?$__crt_unique_heap_ptr@U__acrt_ptd@@U__crt_internal_free_policy@@@@QEBAPEAU__acrt_ptd@@XZ 00000001800076c0 f i libucrtd:per_thread_data.obj
 0001:000066c0       ?get@?$__crt_unique_heap_ptr@DU__crt_internal_free_policy@@@@QEBAPEADXZ 00000001800076c0 f i libvcruntimed:std_type_info.obj
 0001:000066c0       ??C__crt_stdio_stream@@QEBAPEAU__crt_stdio_stream_data@@XZ 00000001800076c0 f i libucrtd:output.obj
 0001:000066c0       ?get@?$__crt_unique_heap_ptr@U__vcrt_ptd@@U__crt_internal_free_policy@@@@QEBAPEAU__vcrt_ptd@@XZ 00000001800076c0 f i libvcruntimed:per_thread_data.obj
 0001:000066c0       ?get@?$__crt_unique_handle_t@U__crt_handle_traits@@@@QEBAPEAXXZ 00000001800076c0 f i libucrtd:crtmbox.obj
 0001:000066c0       ?get@?$__crt_unique_heap_ptr@U__crt_multibyte_data@@U__crt_internal_free_policy@@@@QEBAPEAU__crt_multibyte_data@@XZ 00000001800076c0 f i libucrtd:mbctype.obj
 0001:000066c0       ?get@?$__crt_unique_heap_ptr@U__crt_lowio_handle_data@@U__crt_internal_free_policy@@@@QEBAPEAU__crt_lowio_handle_data@@XZ 00000001800076c0 f i libucrtd:osfinfo.obj
 0001:000066c0       ?save_state@?$c_string_character_source@_W@__crt_strtox@@QEBAPEB_WXZ 00000001800076c0 f i libucrtd:atox.obj
 0001:000066d0       ?get_address_of@?$__crt_unique_handle_t@U__crt_hmodule_traits@@@@QEAAPEAPEAUHINSTANCE__@@XZ 00000001800076d0 f i libucrtd:exit.obj
 0001:000066d0       ?dangerous_get_state_array@?$dual_state_global@PEAU__crt_locale_data@@@__crt_state_management@@QEAAPEAPEAU__crt_locale_data@@XZ 00000001800076d0 f i libucrtd:per_thread_data.obj
 0001:000066e0       ?get_invalid_value@__crt_hmodule_traits@@SAPEAUHINSTANCE__@@XZ 00000001800076e0 f i libucrtd:exit.obj
 0001:000066e0       ?get_current_state_index@__crt_state_management@@YA_KXZ 00000001800076e0 f i libucrtd:environment_initialization.obj
 0001:000068b0       __acrt_initialize_thread_local_exit_callback 00000001800078b0 f   libucrtd:exit.obj
 0001:000068d0       _cexit                     00000001800078d0 f   libucrtd:exit.obj
 0001:000068f0       _exit                      00000001800078f0 f   libucrtd:exit.obj
 0001:00006910       _is_c_termination_complete 0000000180007910 f   libucrtd:exit.obj
 0001:00006b70       __dcrt_uninitialize_environments_nolock 0000000180007b70 f   libucrtd:environment_initialization.obj
 0001:00006ba8       _initialize_narrow_environment 0000000180007ba8 f   libucrtd:environment_initialization.obj
 0001:00006bb0       _invoke_watson_if_error    0000000180007bb0 f i libucrtd:environment_initialization.obj
 0001:00006bf0       ??$?BP6AXXZ@__crt_fast_encoded_nullptr_t@@QEBAPEAP6AXXZXZ 0000000180007bf0 f i libucrtd:onexit.obj
 0001:00006bf0       ??$?B$$A6AXXZ@__crt_fast_encoded_nullptr_t@@QEBAP6AXXZXZ 0000000180007bf0 f i libvcruntimed:purevirt_data.obj
 0001:00006bf0       ??$?BX@__crt_fast_encoded_nullptr_t@@QEBAPEAXXZ 0000000180007bf0 f i libvcruntimed:winapi_downlevel.obj
 0001:00006bf0       ??$?B$$A6AXPEAXK0@Z@__crt_fast_encoded_nullptr_t@@QEBAP6AXPEAXK0@ZXZ 0000000180007bf0 f i libucrtd:exit.obj
 0001:00006bf0       ??$?B$$A6AXH@Z@__crt_fast_encoded_nullptr_t@@QEBAP6AXH@ZXZ 0000000180007bf0 f i libucrtd:signal.obj
 0001:00006c10       ??$?RV<lambda_b0d8f1f77f5878de4f648f281b223c15>@@AEAV<lambda_942beefa13ab35ff55f86422493ffd6a>@@V<lambda_7adb6fc9c0d6a5bd4e2d9c212ec7cdcc>@@@?$__crt_seh_guarded_call@H@@QEAAH$$QEAV<lambda_b0d8f1f77f5878de4f648f281b223c15>@@AEAV<lambda_942beefa13ab35ff55f86422493ffd6a>@@$$QEAV<lambda_7adb6fc9c0d6a5bd4e2d9c212ec7cdcc>@@@Z 0000000180007c10 f i libucrtd:onexit.obj
 0001:00006c60       ??$?RV<lambda_d22e02de4d14401f49897516b29a2b7c>@@AEAV<lambda_e971338317bfa523bb8920b43d823727>@@V<lambda_b0b8599c9027f5b14541fbbd6863d1f1>@@@?$__crt_seh_guarded_call@H@@QEAAH$$QEAV<lambda_d22e02de4d14401f49897516b29a2b7c>@@AEAV<lambda_e971338317bfa523bb8920b43d823727>@@$$QEAV<lambda_b0b8599c9027f5b14541fbbd6863d1f1>@@@Z 0000000180007c60 f i libucrtd:onexit.obj
 0001:00006cb0       ??$__acrt_lock_and_call@V<lambda_942beefa13ab35ff55f86422493ffd6a>@@@@YAHW4__acrt_lock_id@@$$QEAV<lambda_942beefa13ab35ff55f86422493ffd6a>@@@Z 0000000180007cb0 f i libucrtd:onexit.obj
 0001:00006d20       ??$__acrt_lock_and_call@V<lambda_e971338317bfa523bb8920b43d823727>@@@@YAHW4__acrt_lock_id@@$$QEAV<lambda_e971338317bfa523bb8920b43d823727>@@@Z 0000000180007d20 f i libucrtd:onexit.obj
 0001:00006d90       ??$__crt_fast_encode_pointer@P6AXXZ@@YAP6AXXZQ6AXXZ@Z 0000000180007d90 f i libvcruntimed:purevirt_data.obj
 0001:00006d90       ??$__crt_fast_encode_pointer@PEAP6AXXZ@@YAPEAP6AXXZQEAP6AXXZ@Z 0000000180007d90 f i LIBCMTD:utility.obj
 0001:00006d90       ??$__crt_fast_encode_pointer@P6AHXZ@@YAP6AHXZQ6AHXZ@Z 0000000180007d90 f i libucrtd:onexit.obj
 0001:00006d90       ??$__crt_fast_encode_pointer@P6AXH@Z@@YAP6AXH@ZQ6AXH@Z@Z 0000000180007d90 f i libucrtd:signal.obj
 0001:00006d90       ??$__crt_fast_encode_pointer@P6AXPEAXK0@Z@@YAP6AXPEAXK0@ZQ6AX0K0@Z@Z 0000000180007d90 f i libucrtd:exit.obj
 0001:00006d90       ??$__crt_fast_encode_pointer@PEAX@@YAPEAXQEAX@Z 0000000180007d90 f i libvcruntimed:winapi_downlevel.obj
 0001:00007320       _crt_atexit                0000000180008320 f   libucrtd:onexit.obj
 0001:00007340       _execute_onexit_table      0000000180008340 f   libucrtd:onexit.obj
 0001:00007370       _initialize_onexit_table   0000000180008370 f   libucrtd:onexit.obj
 0001:000073f0       _register_onexit_function  00000001800083f0 f   libucrtd:onexit.obj
 0001:000074c0       __acrt_uninitialize_command_line 00000001800084c0 f   libucrtd:argv_data.obj
 0001:00007650       __acrt_initialize          0000000180008650 f   libucrtd:initialization.obj
 0001:00007680       __acrt_thread_attach       0000000180008680 f   libucrtd:initialization.obj
 0001:000076a0       __acrt_thread_detach       00000001800086a0 f   libucrtd:initialization.obj
 0001:000076b0       __acrt_uninitialize        00000001800086b0 f   libucrtd:initialization.obj
 0001:000076e0       __acrt_uninitialize_critical 00000001800086e0 f   libucrtd:initialization.obj
 0001:00007700       terminate                  0000000180008700 f   libucrtd:terminate.obj
 0001:00007740       wcslen                     0000000180008740 f   libucrtd:wcslen.obj
 0001:000077a0       strlen                     00000001800087a0 f   libucrtd:strlen.obj
 0001:00007850       ??0_LocaleUpdate@@QEAA@QEAU__crt_locale_pointers@@@Z 0000000180008850 f i libucrtd:debug_heap.obj
 0001:00007970       ??1_LocaleUpdate@@QEAA@XZ  0000000180008970 f i libucrtd:debug_heap.obj
 0001:000079b0       ?GetLocaleT@_LocaleUpdate@@QEAAPEAU__crt_locale_pointers@@XZ 00000001800089b0 f i libucrtd:debug_heap.obj
 0001:000099a0       _CrtCheckMemory            000000018000a9a0 f   libucrtd:debug_heap.obj
 0001:00009b30       _CrtDumpMemoryLeaks        000000018000ab30 f   libucrtd:debug_heap.obj
 0001:00009bf0       _CrtIsValidHeapPointer     000000018000abf0 f   libucrtd:debug_heap.obj
 0001:00009c30       _CrtIsValidPointer         000000018000ac30 f   libucrtd:debug_heap.obj
 0001:00009c70       _CrtMemCheckpoint          000000018000ac70 f   libucrtd:debug_heap.obj
 0001:00009ef0       _CrtMemDumpAllObjectsSince 000000018000aef0 f   libucrtd:debug_heap.obj
 0001:00009f50       _CrtSetDbgFlag             000000018000af50 f   libucrtd:debug_heap.obj
 0001:0000a0b0       _CrtSetDumpClient          000000018000b0b0 f   libucrtd:debug_heap.obj
 0001:0000a0e0       __acrt_get_locale_data_prefix 000000018000b0e0 f i libucrtd:debug_heap.obj
 0001:0000a100       __acrt_locale_changed      000000018000b100 f i libucrtd:debug_heap.obj
 0001:0000a130       _calloc_dbg                000000018000b130 f   libucrtd:debug_heap.obj
 0001:0000a1d0       _chvalidchk_l              000000018000b1d0 f i libucrtd:debug_heap.obj
 0001:0000a200       _free_dbg                  000000018000b200 f   libucrtd:debug_heap.obj
 0001:0000a270       _invoke_watson_if_oneof    000000018000b270 f i libucrtd:debug_heap.obj
 0001:0000a2d0       _ischartype_l              000000018000b2d0 f i libucrtd:debug_heap.obj
 0001:0000a330       _malloc_dbg                000000018000b330 f   libucrtd:debug_heap.obj
 0001:0000a370       _msize_dbg                 000000018000b370 f   libucrtd:debug_heap.obj
 0001:0000a510       _realloc_dbg               000000018000b510 f   libucrtd:debug_heap.obj
 0001:0000a580       _recalloc_dbg              000000018000b580 f   libucrtd:debug_heap.obj
 0001:0000ab50       strcpy_s                   000000018000bb50 f   libucrtd:strcpy_s.obj
 0001:0000ab90       strcmp                     000000018000bb90 f   libucrtd:strcmp.obj
 0001:0000b970       ??$get_module_file_name@AEAPEAUHINSTANCE__@@AEAY0BAF@DK@?$__crt_char_traits@D@@SAKAEAPEAUHINSTANCE__@@AEAY0BAF@D$$QEAK@Z 000000018000c970 f i libucrtd:dbgrpt.obj
 0001:0000b9b0       ??$get_module_file_name@AEAPEAUHINSTANCE__@@AEAY0BAF@_WK@?$__crt_char_traits@_W@@SAKAEAPEAUHINSTANCE__@@AEAY0BAF@_W$$QEAK@Z 000000018000c9b0 f i libucrtd:dbgrpt.obj
 0001:0000b9f0       ??$tcscpy_s@AEAY0BAF@D_KPEBD@?$__crt_char_traits@D@@SAHAEAY0BAF@D$$QEA_K$$QEAPEBD@Z 000000018000c9f0 f i libucrtd:dbgrpt.obj
 0001:0000ba30       ??$tcscpy_s@AEAY0BAF@_W_KPEB_W@?$__crt_char_traits@_W@@SAHAEAY0BAF@_W$$QEA_K$$QEAPEB_W@Z 000000018000ca30 f i libucrtd:dbgrpt.obj
 0001:0000ba70       ??$tcslen@AEAY0BAF@D@?$__crt_char_traits@D@@SA_KAEAY0BAF@D@Z 000000018000ca70 f i libucrtd:dbgrpt.obj
 0001:0000ba90       ??$tcslen@AEAY0BAF@_W@?$__crt_char_traits@_W@@SA_KAEAY0BAF@_W@Z 000000018000ca90 f i libucrtd:dbgrpt.obj
 0001:0000bab0       ??$tcslen@AEBQEBD@?$__crt_char_traits@D@@SA_KAEBQEBD@Z 000000018000cab0 f i libucrtd:dbgrpt.obj
 0001:0000bad0       ??$tcslen@AEBQEB_W@?$__crt_char_traits@_W@@SA_KAEBQEB_W@Z 000000018000cad0 f i libucrtd:dbgrpt.obj
 0001:0000bb30       _CrtDbgReport              000000018000cb30 f   libucrtd:dbgrpt.obj
 0001:0000bbb0       _CrtDbgReportW             000000018000cbb0 f   libucrtd:dbgrpt.obj
 0001:0000bc30       __acrt_MessageWindowA      000000018000cc30 f   libucrtd:dbgrpt.obj
 0001:0000bc80       __acrt_MessageWindowW      000000018000cc80 f   libucrtd:dbgrpt.obj
 0001:0000bcd0       _snwprintf_s               000000018000ccd0 f i libucrtd:dbgrpt.obj
 0001:0000bd40       _vsnwprintf_s_l            000000018000cd40 f i libucrtd:dbgrpt.obj
 0001:0000bdc0       abort                      000000018000cdc0 f   libucrtd:abort.obj
 0001:0000be40       ??$?0AEBV?$string_output_adapter@D@__crt_stdio_output@@AEB_KAEBQEBDAEBQEAU__crt_locale_pointers@@AEBQEAD@?$format_validation_base@DV?$string_output_adapter@D@__crt_stdio_output@@@__crt_stdio_output@@IEAA@AEBV?$string_output_adapter@D@1@AEB_KAEBQEBDAEBQEAU__crt_locale_pointers@@AEBQEAD@Z 000000018000ce40 f i libucrtd:output.obj
 0001:0000be90       ??$?0AEBV?$string_output_adapter@D@__crt_stdio_output@@AEB_KAEBQEBDAEBQEAU__crt_locale_pointers@@AEBQEAD@?$standard_base@DV?$string_output_adapter@D@__crt_stdio_output@@@__crt_stdio_output@@IEAA@AEBV?$string_output_adapter@D@1@AEB_KAEBQEBDAEBQEAU__crt_locale_pointers@@AEBQEAD@Z 000000018000ce90 f i libucrtd:output.obj
 0001:0000bf00       ??$?0AEBV?$string_output_adapter@_W@__crt_stdio_output@@AEB_KAEBQEB_WAEBQEAU__crt_locale_pointers@@AEBQEAD@?$format_validation_base@_WV?$string_output_adapter@_W@__crt_stdio_output@@@__crt_stdio_output@@IEAA@AEBV?$string_output_adapter@_W@1@AEB_KAEBQEB_WAEBQEAU__crt_locale_pointers@@AEBQEAD@Z 000000018000cf00 f i libucrtd:output.obj
 0001:0000bf50       ??$?0AEBV?$string_output_adapter@_W@__crt_stdio_output@@AEB_KAEBQEB_WAEBQEAU__crt_locale_pointers@@AEBQEAD@?$standard_base@_WV?$string_output_adapter@_W@__crt_stdio_output@@@__crt_stdio_output@@IEAA@AEBV?$string_output_adapter@_W@1@AEB_KAEBQEB_WAEBQEAU__crt_locale_pointers@@AEBQEAD@Z 000000018000cf50 f i libucrtd:output.obj
 0001:0000d8d0       ??$count@D@formatting_buffer@__crt_stdio_output@@QEBA_KXZ 000000018000e8d0 f i libucrtd:output.obj
 0001:0000d920       ??$data@_W@formatting_buffer@__crt_stdio_output@@QEAAPEA_WXZ 000000018000e920 f i libucrtd:output.obj
 0001:0000d920       ??$data@D@formatting_buffer@__crt_stdio_output@@QEAAPEADXZ 000000018000e920 f i libucrtd:output.obj
 0001:0000d970       ??$ensure_buffer_is_big_enough@D@formatting_buffer@__crt_stdio_output@@QEAA_N_K@Z 000000018000e970 f i libucrtd:output.obj
 0001:0000daa0       ??$extract_argument_from_va_list@C_J@?$standard_base@DV?$string_output_adapter@D@__crt_stdio_output@@@__crt_stdio_output@@IEAA_NAEA_J@Z 000000018000eaa0 f i libucrtd:output.obj
 0001:0000daa0       ??$extract_argument_from_va_list@C_J@?$standard_base@_WV?$string_output_adapter@_W@__crt_stdio_output@@@__crt_stdio_output@@IEAA_NAEA_J@Z 000000018000eaa0 f i libucrtd:output.obj
 0001:0000dae0       ??$extract_argument_from_va_list@E_J@?$standard_base@DV?$string_output_adapter@D@__crt_stdio_output@@@__crt_stdio_output@@IEAA_NAEA_J@Z 000000018000eae0 f i libucrtd:output.obj
 0001:0000dae0       ??$extract_argument_from_va_list@E_J@?$standard_base@_WV?$string_output_adapter@_W@__crt_stdio_output@@@__crt_stdio_output@@IEAA_NAEA_J@Z 000000018000eae0 f i libucrtd:output.obj
 0001:0000db20       ??$extract_argument_from_va_list@F_J@?$standard_base@_WV?$string_output_adapter@_W@__crt_stdio_output@@@__crt_stdio_output@@IEAA_NAEA_J@Z 000000018000eb20 f i libucrtd:output.obj
 0001:0000db20       ??$extract_argument_from_va_list@F_J@?$standard_base@DV?$string_output_adapter@D@__crt_stdio_output@@@__crt_stdio_output@@IEAA_NAEA_J@Z 000000018000eb20 f i libucrtd:output.obj
 0001:0000db60       ??$extract_argument_from_va_list@GD@?$standard_base@DV?$string_output_adapter@D@__crt_stdio_output@@@__crt_stdio_output@@IEAA_NAEAD@Z 000000018000eb60 f i libucrtd:output.obj
 0001:0000db90       ??$extract_argument_from_va_list@G_J@?$standard_base@DV?$string_output_adapter@D@__crt_stdio_output@@@__crt_stdio_output@@IEAA_NAEA_J@Z 000000018000eb90 f i libucrtd:output.obj
 0001:0000db90       ??$extract_argument_from_va_list@G_J@?$standard_base@_WV?$string_output_adapter@_W@__crt_stdio_output@@@__crt_stdio_output@@IEAA_NAEA_J@Z 000000018000eb90 f i libucrtd:output.obj
 0001:0000dbd0       ??$extract_argument_from_va_list@H_J@?$standard_base@_WV?$string_output_adapter@_W@__crt_stdio_output@@@__crt_stdio_output@@IEAA_NAEA_J@Z 000000018000ebd0 f i libucrtd:output.obj
 0001:0000dbd0       ??$extract_argument_from_va_list@H_J@?$standard_base@DV?$string_output_adapter@D@__crt_stdio_output@@@__crt_stdio_output@@IEAA_NAEA_J@Z 000000018000ebd0 f i libucrtd:output.obj
 0001:0000dc00       ??$extract_argument_from_va_list@I_J@?$standard_base@_WV?$string_output_adapter@_W@__crt_stdio_output@@@__crt_stdio_output@@IEAA_NAEA_J@Z 000000018000ec00 f i libucrtd:output.obj
 0001:0000dc00       ??$extract_argument_from_va_list@I_J@?$standard_base@DV?$string_output_adapter@D@__crt_stdio_output@@@__crt_stdio_output@@IEAA_NAEA_J@Z 000000018000ec00 f i libucrtd:output.obj
 0001:0000dc30       ??$extract_argument_from_va_list@_K_J@?$standard_base@_WV?$string_output_adapter@_W@__crt_stdio_output@@@__crt_stdio_output@@IEAA_NAEA_J@Z 000000018000ec30 f i libucrtd:output.obj
 0001:0000dc30       ??$extract_argument_from_va_list@PEAXPEAX@?$standard_base@DV?$string_output_adapter@D@__crt_stdio_output@@@__crt_stdio_output@@IEAA_NAEAPEAX@Z 000000018000ec30 f i libucrtd:output.obj
 0001:0000dc30       ??$extract_argument_from_va_list@PEADPEAD@?$standard_base@DV?$string_output_adapter@D@__crt_stdio_output@@@__crt_stdio_output@@IEAA_NAEAPEAD@Z 000000018000ec30 f i libucrtd:output.obj
 0001:0000dc30       ??$extract_argument_from_va_list@PEAXPEAX@?$standard_base@_WV?$string_output_adapter@_W@__crt_stdio_output@@@__crt_stdio_output@@IEAA_NAEAPEAX@Z 000000018000ec30 f i libucrtd:output.obj
 0001:0000dc30       ??$extract_argument_from_va_list@PEAUansi_string@?1??type_case_Z@?$output_processor@DV?$string_output_adapter@D@__crt_stdio_output@@V?$format_validation_base@DV?$string_output_adapter@D@__crt_stdio_output@@@2@@__crt_stdio_output@@AEAA_NXZ@PEAU1?1??234@AEAA_NXZ@@?$standard_base@DV?$string_output_adapter@D@__crt_stdio_output@@@__crt_stdio_output@@IEAA_NAEAPEAUansi_string@?1??type_case_Z@?$output_processor@DV?$string_output_adapter@D@__crt_stdio_output@@V?$format_validation_base@DV?$string_output_adapter@D@__crt_stdio_output@@@2@@1@AEAA_NXZ@@Z 000000018000ec30 f i libucrtd:output.obj
 0001:0000dc30       ??$extract_argument_from_va_list@_J_J@?$standard_base@_WV?$string_output_adapter@_W@__crt_stdio_output@@@__crt_stdio_output@@IEAA_NAEA_J@Z 000000018000ec30 f i libucrtd:output.obj
 0001:0000dc30       ??$extract_argument_from_va_list@PEADPEAD@?$standard_base@_WV?$string_output_adapter@_W@__crt_stdio_output@@@__crt_stdio_output@@IEAA_NAEAPEAD@Z 000000018000ec30 f i libucrtd:output.obj
 0001:0000dc30       ??$extract_argument_from_va_list@PEAUansi_string@?1??type_case_Z@?$output_processor@_WV?$string_output_adapter@_W@__crt_stdio_output@@V?$format_validation_base@_WV?$string_output_adapter@_W@__crt_stdio_output@@@2@@__crt_stdio_output@@AEAA_NXZ@PEAU1?1??234@AEAA_NXZ@@?$standard_base@_WV?$string_output_adapter@_W@__crt_stdio_output@@@__crt_stdio_output@@IEAA_NAEAPEAUansi_string@?1??type_case_Z@?$output_processor@_WV?$string_output_adapter@_W@__crt_stdio_output@@V?$format_validation_base@_WV?$string_output_adapter@_W@__crt_stdio_output@@@2@@1@AEAA_NXZ@@Z 000000018000ec30 f i libucrtd:output.obj
 0001:0000dc30       ??$extract_argument_from_va_list@_J_J@?$standard_base@DV?$string_output_adapter@D@__crt_stdio_output@@@__crt_stdio_output@@IEAA_NAEA_J@Z 000000018000ec30 f i libucrtd:output.obj
 0001:0000dc30       ??$extract_argument_from_va_list@_K_J@?$standard_base@DV?$string_output_adapter@D@__crt_stdio_output@@@__crt_stdio_output@@IEAA_NAEA_J@Z 000000018000ec30 f i libucrtd:output.obj
 0001:0000dc60       ??$extract_argument_from_va_list@U_CRT_DOUBLE@@U1@@?$standard_base@DV?$string_output_adapter@D@__crt_stdio_output@@@__crt_stdio_output@@IEAA_NAEAU_CRT_DOUBLE@@@Z 000000018000ec60 f i libucrtd:output.obj
 0001:0000dc60       ??$extract_argument_from_va_list@U_CRT_DOUBLE@@U1@@?$standard_base@_WV?$string_output_adapter@_W@__crt_stdio_output@@@__crt_stdio_output@@IEAA_NAEAU_CRT_DOUBLE@@@Z 000000018000ec60 f i libucrtd:output.obj
 0001:0000dcb0       ??$extract_argument_from_va_list@_W_W@?$standard_base@_WV?$string_output_adapter@_W@__crt_stdio_output@@@__crt_stdio_output@@IEAA_NAEA_W@Z 000000018000ecb0 f i libucrtd:output.obj
 0001:0000dcb0       ??$extract_argument_from_va_list@_W_W@?$standard_base@DV?$string_output_adapter@D@__crt_stdio_output@@@__crt_stdio_output@@IEAA_NAEA_W@Z 000000018000ecb0 f i libucrtd:output.obj
 0001:0000dce0       ??$is_wide_character_specifier@D@__crt_stdio_output@@YA_N_KDW4length_modifier@0@@Z 000000018000ece0 f i libucrtd:output.obj
 0001:0000dd80       ??$is_wide_character_specifier@_W@__crt_stdio_output@@YA_N_K_WW4length_modifier@0@@Z 000000018000ed80 f i libucrtd:output.obj
 0001:0000de50       ??$read_va_arg@E@__crt_stdio_output@@YAEAEAPEAD@Z 000000018000ee50 f i libucrtd:output.obj
 0001:0000de50       ??$read_va_arg@C@__crt_stdio_output@@YACAEAPEAD@Z 000000018000ee50 f i libucrtd:output.obj
 0001:0000dec0       ??$read_va_arg@H@__crt_stdio_output@@YAHAEAPEAD@Z 000000018000eec0 f i libucrtd:output.obj
 0001:0000dec0       ??$read_va_arg@I@__crt_stdio_output@@YAIAEAPEAD@Z 000000018000eec0 f i libucrtd:output.obj
 0001:0000df20       ??$read_va_arg@PEAUansi_string@?1??type_case_Z@?$output_processor@DV?$string_output_adapter@D@__crt_stdio_output@@V?$format_validation_base@DV?$string_output_adapter@D@__crt_stdio_output@@@2@@__crt_stdio_output@@AEAA_NXZ@@__crt_stdio_output@@YAPEAUansi_string@?1??type_case_Z@?$output_processor@DV?$string_output_adapter@D@__crt_stdio_output@@V?$format_validation_base@DV?$string_output_adapter@D@__crt_stdio_output@@@2@@0@AEAA_NXZ@AEAPEAD@Z 000000018000ef20 f i libucrtd:output.obj
 0001:0000df20       ??$read_va_arg@PEAUansi_string@?1??type_case_Z@?$output_processor@_WV?$string_output_adapter@_W@__crt_stdio_output@@V?$format_validation_base@_WV?$string_output_adapter@_W@__crt_stdio_output@@@2@@__crt_stdio_output@@AEAA_NXZ@@__crt_stdio_output@@YAPEAUansi_string@?1??type_case_Z@?$output_processor@_WV?$string_output_adapter@_W@__crt_stdio_output@@V?$format_validation_base@_WV?$string_output_adapter@_W@__crt_stdio_output@@@2@@0@AEAA_NXZ@AEAPEAD@Z 000000018000ef20 f i libucrtd:output.obj
 0001:0000df20       ??$read_va_arg@_J@__crt_stdio_output@@YA_JAEAPEAD@Z 000000018000ef20 f i libucrtd:output.obj
 0001:0000df20       ??$read_va_arg@PEAX@__crt_stdio_output@@YAPEAXAEAPEAD@Z 000000018000ef20 f i libucrtd:output.obj
 0001:0000df20       ??$read_va_arg@U_CRT_DOUBLE@@@__crt_stdio_output@@YA?AU_CRT_DOUBLE@@AEAPEAD@Z 000000018000ef20 f i libucrtd:output.obj
 0001:0000df20       ??$read_va_arg@PEAD@__crt_stdio_output@@YAPEADAEAPEAD@Z 000000018000ef20 f i libucrtd:output.obj
 0001:0000df20       ??$read_va_arg@_K@__crt_stdio_output@@YA_KAEAPEAD@Z 000000018000ef20 f i libucrtd:output.obj
 0001:0000df90       ??$read_va_arg@_W@__crt_stdio_output@@YA_WAEAPEAD@Z 000000018000ef90 f i libucrtd:output.obj
 0001:0000df90       ??$read_va_arg@G@__crt_stdio_output@@YAGAEAPEAD@Z 000000018000ef90 f i libucrtd:output.obj
 0001:0000df90       ??$read_va_arg@F@__crt_stdio_output@@YAFAEAPEAD@Z 000000018000ef90 f i libucrtd:output.obj
 0001:0000e000       ??$scratch_count@D@formatting_buffer@__crt_stdio_output@@QEBA_KXZ 000000018000f000 f i libucrtd:output.obj
 0001:0000e020       ??$scratch_data@D@formatting_buffer@__crt_stdio_output@@QEAAPEADXZ 000000018000f020 f i libucrtd:output.obj
 0001:0000e090       ??$tcstol@PEBDPEAPEADH@?$__crt_char_traits@D@@SAJ$$QEAPEBD$$QEAPEAPEAD$$QEAH@Z 000000018000f090 f i libucrtd:output.obj
 0001:0000e0d0       ??$tcstol@PEB_WPEAPEA_WH@?$__crt_char_traits@_W@@SAJ$$QEAPEB_W$$QEAPEAPEA_W$$QEAH@Z 000000018000f0d0 f i libucrtd:output.obj
 0001:0000e110       ??$type_case_integer_parse_into_buffer@I@?$output_processor@DV?$string_output_adapter@D@__crt_stdio_output@@V?$format_validation_base@DV?$string_output_adapter@D@__crt_stdio_output@@@2@@__crt_stdio_output@@AEAAXII_N@Z 000000018000f110 f i libucrtd:output.obj
 0001:0000e230       ??$type_case_integer_parse_into_buffer@I@?$output_processor@_WV?$string_output_adapter@_W@__crt_stdio_output@@V?$format_validation_base@_WV?$string_output_adapter@_W@__crt_stdio_output@@@2@@__crt_stdio_output@@AEAAXII_N@Z 000000018000f230 f i libucrtd:output.obj
 0001:0000e360       ??$type_case_integer_parse_into_buffer@_K@?$output_processor@DV?$string_output_adapter@D@__crt_stdio_output@@V?$format_validation_base@DV?$string_output_adapter@D@__crt_stdio_output@@@2@@__crt_stdio_output@@AEAAX_KI_N@Z 000000018000f360 f i libucrtd:output.obj
 0001:0000e4b0       ??$type_case_integer_parse_into_buffer@_K@?$output_processor@_WV?$string_output_adapter@_W@__crt_stdio_output@@V?$format_validation_base@_WV?$string_output_adapter@_W@__crt_stdio_output@@@2@@__crt_stdio_output@@AEAAX_KI_N@Z 000000018000f4b0 f i libucrtd:output.obj
 0001:0000e600       ??$write_multiple_characters@V?$string_output_adapter@D@__crt_stdio_output@@D@__crt_stdio_output@@YAXAEBV?$string_output_adapter@D@0@DHQEAH@Z 000000018000f600 f i libucrtd:output.obj
 0001:0000e660       ??$write_multiple_characters@V?$string_output_adapter@_W@__crt_stdio_output@@D@__crt_stdio_output@@YAXAEBV?$string_output_adapter@_W@0@DHQEAH@Z 000000018000f660 f i libucrtd:output.obj
 0001:0000e6c0       ??0?$common_data@D@__crt_stdio_output@@IEAA@XZ 000000018000f6c0 f i libucrtd:output.obj
 0001:0000e790       ??0?$common_data@_W@__crt_stdio_output@@IEAA@XZ 000000018000f790 f i libucrtd:output.obj
 0001:0000e860       ??0?$output_adapter_data@DV?$string_output_adapter@D@__crt_stdio_output@@@__crt_stdio_output@@IEAA@AEBV?$string_output_adapter@D@1@_KQEBDQEAU__crt_locale_pointers@@QEAD@Z 000000018000f860 f i libucrtd:output.obj
 0001:0000e8e0       ??0?$output_adapter_data@_WV?$string_output_adapter@_W@__crt_stdio_output@@@__crt_stdio_output@@IEAA@AEBV?$string_output_adapter@_W@1@_KQEB_WQEAU__crt_locale_pointers@@QEAD@Z 000000018000f8e0 f i libucrtd:output.obj
 0001:0000e960       ??0?$output_processor@DV?$string_output_adapter@D@__crt_stdio_output@@V?$format_validation_base@DV?$string_output_adapter@D@__crt_stdio_output@@@2@@__crt_stdio_output@@QEAA@AEBV?$string_output_adapter@D@1@_KQEBDQEAU__crt_locale_pointers@@QEAD@Z 000000018000f960 f i libucrtd:output.obj
 0001:0000e9c0       ??0?$output_processor@_WV?$string_output_adapter@_W@__crt_stdio_output@@V?$format_validation_base@_WV?$string_output_adapter@_W@__crt_stdio_output@@@2@@__crt_stdio_output@@QEAA@AEBV?$string_output_adapter@_W@1@_KQEB_WQEAU__crt_locale_pointers@@QEAD@Z 000000018000f9c0 f i libucrtd:output.obj
 0001:0000ea20       ??0__crt_errno_guard@@QEAA@QEAH@Z 000000018000fa20 f i libucrtd:output.obj
 0001:0000ea60       ??0formatting_buffer@__crt_stdio_output@@QEAA@XZ 000000018000fa60 f i libucrtd:output.obj
 0001:0000eaa0       ??1?$common_data@_W@__crt_stdio_output@@QEAA@XZ 000000018000faa0 f i libucrtd:output.obj
 0001:0000eaa0       ??1?$common_data@D@__crt_stdio_output@@QEAA@XZ 000000018000faa0 f i libucrtd:output.obj
 0001:0000eac0       ??1?$format_validation_base@_WV?$string_output_adapter@_W@__crt_stdio_output@@@__crt_stdio_output@@QEAA@XZ 000000018000fac0 f i libucrtd:output.obj
 0001:0000eac0       ??1?$format_validation_base@DV?$string_output_adapter@D@__crt_stdio_output@@@__crt_stdio_output@@QEAA@XZ 000000018000fac0 f i libucrtd:output.obj
 0001:0000eae0       ??1?$output_adapter_data@_WV?$string_output_adapter@_W@__crt_stdio_output@@@__crt_stdio_output@@QEAA@XZ 000000018000fae0 f i libucrtd:output.obj
 0001:0000eae0       ??1?$output_adapter_data@DV?$string_output_adapter@D@__crt_stdio_output@@@__crt_stdio_output@@QEAA@XZ 000000018000fae0 f i libucrtd:output.obj
 0001:0000eb00       ??1?$output_processor@DV?$string_output_adapter@D@__crt_stdio_output@@V?$format_validation_base@DV?$string_output_adapter@D@__crt_stdio_output@@@2@@__crt_stdio_output@@QEAA@XZ 000000018000fb00 f i libucrtd:output.obj
 0001:0000eb00       ??1?$output_processor@_WV?$string_output_adapter@_W@__crt_stdio_output@@V?$format_validation_base@_WV?$string_output_adapter@_W@__crt_stdio_output@@@2@@__crt_stdio_output@@QEAA@XZ 000000018000fb00 f i libucrtd:output.obj
 0001:0000eb20       ??1?$standard_base@DV?$string_output_adapter@D@__crt_stdio_output@@@__crt_stdio_output@@QEAA@XZ 000000018000fb20 f i libucrtd:output.obj
 0001:0000eb20       ??1?$standard_base@_WV?$string_output_adapter@_W@__crt_stdio_output@@@__crt_stdio_output@@QEAA@XZ 000000018000fb20 f i libucrtd:output.obj
 0001:0000eb40       ??1__crt_errno_guard@@QEAA@XZ 000000018000fb40 f i libucrtd:output.obj
 0001:0000eb70       ??1formatting_buffer@__crt_stdio_output@@QEAA@XZ 000000018000fb70 f i libucrtd:output.obj
 0001:0000eba0       ??4?$__crt_unique_heap_ptr@DU__crt_internal_free_policy@@@@QEAAAEAV0@$$QEAV0@@Z 000000018000fba0 f i libucrtd:output.obj
 0001:0000ebe0       ?adjust_hexit@?$output_processor@DV?$string_output_adapter@D@__crt_stdio_output@@V?$format_validation_base@DV?$string_output_adapter@D@__crt_stdio_output@@@2@@__crt_stdio_output@@CADH_N@Z 000000018000fbe0 f i libucrtd:output.obj
 0001:0000ebe0       ?adjust_hexit@?$output_processor@_WV?$string_output_adapter@_W@__crt_stdio_output@@V?$format_validation_base@_WV?$string_output_adapter@_W@__crt_stdio_output@@@2@@__crt_stdio_output@@CADH_N@Z 000000018000fbe0 f i libucrtd:output.obj
 0001:0000ec30       ?advance_to_next_pass@?$standard_base@_WV?$string_output_adapter@_W@__crt_stdio_output@@@__crt_stdio_output@@IEAA_NXZ 000000018000fc30 f i libucrtd:output.obj
 0001:0000ec30       ?advance_to_next_pass@?$standard_base@DV?$string_output_adapter@D@__crt_stdio_output@@@__crt_stdio_output@@IEAA_NXZ 000000018000fc30 f i libucrtd:output.obj
 0001:0000ec80       ?crop_zeroes@__crt_stdio_output@@YAXPEADQEAU__crt_locale_pointers@@@Z 000000018000fc80 f i libucrtd:output.obj
 0001:0000edc0       ?find_next_state@?$output_processor@DV?$string_output_adapter@D@__crt_stdio_output@@V?$format_validation_base@DV?$string_output_adapter@D@__crt_stdio_output@@@2@@__crt_stdio_output@@AEBA?AW4state@2@DW432@@Z 000000018000fdc0 f i libucrtd:output.obj
 0001:0000ee60       ?find_next_state@?$output_processor@_WV?$string_output_adapter@_W@__crt_stdio_output@@V?$format_validation_base@_WV?$string_output_adapter@_W@__crt_stdio_output@@@2@@__crt_stdio_output@@AEBA?AW4state@2@_WW432@@Z 000000018000fe60 f i libucrtd:output.obj
 0001:0000ef00       ?force_decimal_point@__crt_stdio_output@@YAXPEADQEAU__crt_locale_pointers@@@Z 000000018000ff00 f i libucrtd:output.obj
 0001:0000efe0       ?get_flags@__crt_stdio_stream@@QEBAJXZ 000000018000ffe0 f i libucrtd:output.obj
 0001:0000f010       ?has_flag@?$output_processor@_WV?$string_output_adapter@_W@__crt_stdio_output@@V?$format_validation_base@_WV?$string_output_adapter@_W@__crt_stdio_output@@@2@@__crt_stdio_output@@AEBA_NI@Z 0000000180010010 f i libucrtd:output.obj
 0001:0000f010       ?has_flag@?$output_processor@DV?$string_output_adapter@D@__crt_stdio_output@@V?$format_validation_base@DV?$string_output_adapter@D@__crt_stdio_output@@@2@@__crt_stdio_output@@AEBA_NI@Z 0000000180010010 f i libucrtd:output.obj
 0001:0000f050       ?is_string_backed@__crt_stdio_stream@@QEBA_NXZ 0000000180010050 f i libucrtd:output.obj
 0001:0000f090       ?narrow_null_string@?$output_processor@DV?$string_output_adapter@D@__crt_stdio_output@@V?$format_validation_base@DV?$string_output_adapter@D@__crt_stdio_output@@@2@@__crt_stdio_output@@CAPEADXZ 0000000180010090 f i libucrtd:output.obj
 0001:0000f090       ?narrow_null_string@?$output_processor@_WV?$string_output_adapter@_W@__crt_stdio_output@@V?$format_validation_base@_WV?$string_output_adapter@_W@__crt_stdio_output@@@2@@__crt_stdio_output@@CAPEADXZ 0000000180010090 f i libucrtd:output.obj
 0001:0000f0a0       ?parse_int_from_format_string@?$output_processor@DV?$string_output_adapter@D@__crt_stdio_output@@V?$format_validation_base@DV?$string_output_adapter@D@__crt_stdio_output@@@2@@__crt_stdio_output@@AEAA_NQEAH@Z 00000001800100a0 f i libucrtd:output.obj
 0001:0000f180       ?parse_int_from_format_string@?$output_processor@_WV?$string_output_adapter@_W@__crt_stdio_output@@V?$format_validation_base@_WV?$string_output_adapter@_W@__crt_stdio_output@@@2@@__crt_stdio_output@@AEAA_NQEAH@Z 0000000180010180 f i libucrtd:output.obj
 0001:0000f260       ?process@?$output_processor@DV?$string_output_adapter@D@__crt_stdio_output@@V?$format_validation_base@DV?$string_output_adapter@D@__crt_stdio_output@@@2@@__crt_stdio_output@@QEAAHXZ 0000000180010260 f i libucrtd:output.obj
 0001:0000f5c0       ?process@?$output_processor@_WV?$string_output_adapter@_W@__crt_stdio_output@@V?$format_validation_base@_WV?$string_output_adapter@_W@__crt_stdio_output@@@2@@__crt_stdio_output@@QEAAHXZ 00000001800105c0 f i libucrtd:output.obj
 0001:0000f920       ?set_flag@?$output_processor@DV?$string_output_adapter@D@__crt_stdio_output@@V?$format_validation_base@DV?$string_output_adapter@D@__crt_stdio_output@@@2@@__crt_stdio_output@@AEAAXI@Z 0000000180010920 f i libucrtd:output.obj
 0001:0000f920       ?set_flag@?$output_processor@_WV?$string_output_adapter@_W@__crt_stdio_output@@V?$format_validation_base@_WV?$string_output_adapter@_W@__crt_stdio_output@@@2@@__crt_stdio_output@@AEAAXI@Z 0000000180010920 f i libucrtd:output.obj
 0001:0000f940       ?should_skip_normal_state_processing@?$standard_base@DV?$string_output_adapter@D@__crt_stdio_output@@@__crt_stdio_output@@IEAA_NXZ 0000000180010940 f i libucrtd:output.obj
 0001:0000f940       ?should_skip_type_state_output@?$standard_base@DV?$string_output_adapter@D@__crt_stdio_output@@@__crt_stdio_output@@IEBA_NXZ 0000000180010940 f i libucrtd:output.obj
 0001:0000f940       ?should_skip_normal_state_processing@?$standard_base@_WV?$string_output_adapter@_W@__crt_stdio_output@@@__crt_stdio_output@@IEAA_NXZ 0000000180010940 f i libucrtd:output.obj
 0001:0000f940       ?should_skip_type_state_output@?$standard_base@_WV?$string_output_adapter@_W@__crt_stdio_output@@@__crt_stdio_output@@IEBA_NXZ 0000000180010940 f i libucrtd:output.obj
 0001:0000f950       ?state_case_dot@?$output_processor@_WV?$string_output_adapter@_W@__crt_stdio_output@@V?$format_validation_base@_WV?$string_output_adapter@_W@__crt_stdio_output@@@2@@__crt_stdio_output@@AEAA_NXZ 0000000180010950 f i libucrtd:output.obj
 0001:0000f950       ?state_case_dot@?$output_processor@DV?$string_output_adapter@D@__crt_stdio_output@@V?$format_validation_base@DV?$string_output_adapter@D@__crt_stdio_output@@@2@@__crt_stdio_output@@AEAA_NXZ 0000000180010950 f i libucrtd:output.obj
 0001:0000f970       ?state_case_flag@?$output_processor@DV?$string_output_adapter@D@__crt_stdio_output@@V?$format_validation_base@DV?$string_output_adapter@D@__crt_stdio_output@@@2@@__crt_stdio_output@@AEAA_NXZ 0000000180010970 f i libucrtd:output.obj
 0001:0000fa10       ?state_case_flag@?$output_processor@_WV?$string_output_adapter@_W@__crt_stdio_output@@V?$format_validation_base@_WV?$string_output_adapter@_W@__crt_stdio_output@@@2@@__crt_stdio_output@@AEAA_NXZ 0000000180010a10 f i libucrtd:output.obj
 0001:0000fab0       ?state_case_normal@?$output_processor@DV?$string_output_adapter@D@__crt_stdio_output@@V?$format_validation_base@DV?$string_output_adapter@D@__crt_stdio_output@@@2@@__crt_stdio_output@@AEAA_NXZ 0000000180010ab0 f i libucrtd:output.obj
 0001:0000fb90       ?state_case_normal@?$output_processor@_WV?$string_output_adapter@_W@__crt_stdio_output@@V?$format_validation_base@_WV?$string_output_adapter@_W@__crt_stdio_output@@@2@@__crt_stdio_output@@AEAA_NXZ 0000000180010b90 f i libucrtd:output.obj
 0001:0000fc70       ?state_case_normal_common@?$output_processor@DV?$string_output_adapter@D@__crt_stdio_output@@V?$format_validation_base@DV?$string_output_adapter@D@__crt_stdio_output@@@2@@__crt_stdio_output@@AEAA_NXZ 0000000180010c70 f i libucrtd:output.obj
 0001:0000fcc0       ?state_case_normal_common@?$output_processor@_WV?$string_output_adapter@_W@__crt_stdio_output@@V?$format_validation_base@_WV?$string_output_adapter@_W@__crt_stdio_output@@@2@@__crt_stdio_output@@AEAA_NXZ 0000000180010cc0 f i libucrtd:output.obj
 0001:0000fd10       ?state_case_normal_tchar@?$output_processor@DV?$string_output_adapter@D@__crt_stdio_output@@V?$format_validation_base@DV?$string_output_adapter@D@__crt_stdio_output@@@2@@__crt_stdio_output@@AEAA_ND@Z 0000000180010d10 f i libucrtd:output.obj
 0001:0000fe50       ?state_case_normal_tchar@?$output_processor@_WV?$string_output_adapter@_W@__crt_stdio_output@@V?$format_validation_base@_WV?$string_output_adapter@_W@__crt_stdio_output@@@2@@__crt_stdio_output@@AEAA_N_W@Z 0000000180010e50 f i libucrtd:output.obj
 0001:0000fe70       ?state_case_percent@?$output_processor@DV?$string_output_adapter@D@__crt_stdio_output@@V?$format_validation_base@DV?$string_output_adapter@D@__crt_stdio_output@@@2@@__crt_stdio_output@@AEAA_NXZ 0000000180010e70 f i libucrtd:output.obj
 0001:0000fe70       ?state_case_percent@?$output_processor@_WV?$string_output_adapter@_W@__crt_stdio_output@@V?$format_validation_base@_WV?$string_output_adapter@_W@__crt_stdio_output@@@2@@__crt_stdio_output@@AEAA_NXZ 0000000180010e70 f i libucrtd:output.obj
 0001:0000fec0       ?state_case_precision@?$output_processor@DV?$string_output_adapter@D@__crt_stdio_output@@V?$format_validation_base@DV?$string_output_adapter@D@__crt_stdio_output@@@2@@__crt_stdio_output@@AEAA_NXZ 0000000180010ec0 f i libucrtd:output.obj
 0001:0000ff40       ?state_case_precision@?$output_processor@_WV?$string_output_adapter@_W@__crt_stdio_output@@V?$format_validation_base@_WV?$string_output_adapter@_W@__crt_stdio_output@@@2@@__crt_stdio_output@@AEAA_NXZ 0000000180010f40 f i libucrtd:output.obj
 0001:0000ffc0       ?state_case_size@?$output_processor@DV?$string_output_adapter@D@__crt_stdio_output@@V?$format_validation_base@DV?$string_output_adapter@D@__crt_stdio_output@@@2@@__crt_stdio_output@@AEAA_NXZ 0000000180010fc0 f i libucrtd:output.obj
 0001:00010440       ?state_case_size@?$output_processor@_WV?$string_output_adapter@_W@__crt_stdio_output@@V?$format_validation_base@_WV?$string_output_adapter@_W@__crt_stdio_output@@@2@@__crt_stdio_output@@AEAA_NXZ 0000000180011440 f i libucrtd:output.obj
 0001:000108c0       ?state_case_type@?$output_processor@DV?$string_output_adapter@D@__crt_stdio_output@@V?$format_validation_base@DV?$string_output_adapter@D@__crt_stdio_output@@@2@@__crt_stdio_output@@AEAA_NXZ 00000001800118c0 f i libucrtd:output.obj
 0001:00010d50       ?state_case_type@?$output_processor@_WV?$string_output_adapter@_W@__crt_stdio_output@@V?$format_validation_base@_WV?$string_output_adapter@_W@__crt_stdio_output@@@2@@__crt_stdio_output@@AEAA_NXZ 0000000180011d50 f i libucrtd:output.obj
 0001:00011220       ?state_case_width@?$output_processor@DV?$string_output_adapter@D@__crt_stdio_output@@V?$format_validation_base@DV?$string_output_adapter@D@__crt_stdio_output@@@2@@__crt_stdio_output@@AEAA_NXZ 0000000180012220 f i libucrtd:output.obj
 0001:000112b0       ?state_case_width@?$output_processor@_WV?$string_output_adapter@_W@__crt_stdio_output@@V?$format_validation_base@_WV?$string_output_adapter@_W@__crt_stdio_output@@@2@@__crt_stdio_output@@AEAA_NXZ 00000001800122b0 f i libucrtd:output.obj
 0001:00011340       ?state_count@?$format_validation_base@_WV?$string_output_adapter@_W@__crt_stdio_output@@@__crt_stdio_output@@KAIXZ 0000000180012340 f i libucrtd:output.obj
 0001:00011340       ?state_count@?$format_validation_base@DV?$string_output_adapter@D@__crt_stdio_output@@@__crt_stdio_output@@KAIXZ 0000000180012340 f i libucrtd:output.obj
 0001:00011350       ?state_transition_table@?$format_validation_base@_WV?$string_output_adapter@_W@__crt_stdio_output@@@__crt_stdio_output@@KAPEBEXZ 0000000180012350 f i libucrtd:output.obj
 0001:00011350       ?state_transition_table@?$format_validation_base@DV?$string_output_adapter@D@__crt_stdio_output@@@__crt_stdio_output@@KAPEBEXZ 0000000180012350 f i libucrtd:output.obj
 0001:00011360       ?to_integer_size@__crt_stdio_output@@YA_KW4length_modifier@1@@Z 0000000180012360 f i libucrtd:output.obj
 0001:00011410       ?type_case_X@?$output_processor@DV?$string_output_adapter@D@__crt_stdio_output@@V?$format_validation_base@DV?$string_output_adapter@D@__crt_stdio_output@@@2@@__crt_stdio_output@@AEAA_NXZ 0000000180012410 f i libucrtd:output.obj
 0001:00011430       ?type_case_X@?$output_processor@_WV?$string_output_adapter@_W@__crt_stdio_output@@V?$format_validation_base@_WV?$string_output_adapter@_W@__crt_stdio_output@@@2@@__crt_stdio_output@@AEAA_NXZ 0000000180012430 f i libucrtd:output.obj
 0001:00011450       ?type_case_Z@?$output_processor@DV?$string_output_adapter@D@__crt_stdio_output@@V?$format_validation_base@DV?$string_output_adapter@D@__crt_stdio_output@@@2@@__crt_stdio_output@@AEAA_NXZ 0000000180012450 f i libucrtd:output.obj
 0001:00011570       ?type_case_Z@?$output_processor@_WV?$string_output_adapter@_W@__crt_stdio_output@@V?$format_validation_base@_WV?$string_output_adapter@_W@__crt_stdio_output@@@2@@__crt_stdio_output@@AEAA_NXZ 0000000180012570 f i libucrtd:output.obj
 0001:00011690       ?type_case_a@?$output_processor@DV?$string_output_adapter@D@__crt_stdio_output@@V?$format_validation_base@DV?$string_output_adapter@D@__crt_stdio_output@@@2@@__crt_stdio_output@@AEAA_NXZ 0000000180012690 f i libucrtd:output.obj
 0001:00011a40       ?type_case_a@?$output_processor@_WV?$string_output_adapter@_W@__crt_stdio_output@@V?$format_validation_base@_WV?$string_output_adapter@_W@__crt_stdio_output@@@2@@__crt_stdio_output@@AEAA_NXZ 0000000180012a40 f i libucrtd:output.obj
 0001:00011df0       ?type_case_c@?$output_processor@DV?$string_output_adapter@D@__crt_stdio_output@@V?$format_validation_base@DV?$string_output_adapter@D@__crt_stdio_output@@@2@@__crt_stdio_output@@AEAA_NXZ 0000000180012df0 f i libucrtd:output.obj
 0001:00011e10       ?type_case_c@?$output_processor@_WV?$string_output_adapter@_W@__crt_stdio_output@@V?$format_validation_base@_WV?$string_output_adapter@_W@__crt_stdio_output@@@2@@__crt_stdio_output@@AEAA_NXZ 0000000180012e10 f i libucrtd:output.obj
 0001:00011e30       ?type_case_c_tchar@?$output_processor@DV?$string_output_adapter@D@__crt_stdio_output@@V?$format_validation_base@DV?$string_output_adapter@D@__crt_stdio_output@@@2@@__crt_stdio_output@@AEAA_ND@Z 0000000180012e30 f i libucrtd:output.obj
 0001:00011f80       ?type_case_c_tchar@?$output_processor@_WV?$string_output_adapter@_W@__crt_stdio_output@@V?$format_validation_base@_WV?$string_output_adapter@_W@__crt_stdio_output@@@2@@__crt_stdio_output@@AEAA_N_W@Z 0000000180012f80 f i libucrtd:output.obj
 0001:000120b0       ?type_case_d@?$output_processor@DV?$string_output_adapter@D@__crt_stdio_output@@V?$format_validation_base@DV?$string_output_adapter@D@__crt_stdio_output@@@2@@__crt_stdio_output@@AEAA_NXZ 00000001800130b0 f i libucrtd:output.obj
 0001:000120e0       ?type_case_d@?$output_processor@_WV?$string_output_adapter@_W@__crt_stdio_output@@V?$format_validation_base@_WV?$string_output_adapter@_W@__crt_stdio_output@@@2@@__crt_stdio_output@@AEAA_NXZ 00000001800130e0 f i libucrtd:output.obj
 0001:00012110       ?type_case_integer@?$output_processor@DV?$string_output_adapter@D@__crt_stdio_output@@V?$format_validation_base@DV?$string_output_adapter@D@__crt_stdio_output@@@2@@__crt_stdio_output@@AEAA_NI_N@Z 0000000180013110 f i libucrtd:output.obj
 0001:00012540       ?type_case_integer@?$output_processor@_WV?$string_output_adapter@_W@__crt_stdio_output@@V?$format_validation_base@_WV?$string_output_adapter@_W@__crt_stdio_output@@@2@@__crt_stdio_output@@AEAA_NI_N@Z 0000000180013540 f i libucrtd:output.obj
 0001:00012970       ?type_case_n@?$output_processor@DV?$string_output_adapter@D@__crt_stdio_output@@V?$format_validation_base@DV?$string_output_adapter@D@__crt_stdio_output@@@2@@__crt_stdio_output@@AEAA_NXZ 0000000180013970 f i libucrtd:output.obj
 0001:00012bb0       ?type_case_n@?$output_processor@_WV?$string_output_adapter@_W@__crt_stdio_output@@V?$format_validation_base@_WV?$string_output_adapter@_W@__crt_stdio_output@@@2@@__crt_stdio_output@@AEAA_NXZ 0000000180013bb0 f i libucrtd:output.obj
 0001:00012df0       ?type_case_o@?$output_processor@DV?$string_output_adapter@D@__crt_stdio_output@@V?$format_validation_base@DV?$string_output_adapter@D@__crt_stdio_output@@@2@@__crt_stdio_output@@AEAA_NXZ 0000000180013df0 f i libucrtd:output.obj
 0001:00012e40       ?type_case_o@?$output_processor@_WV?$string_output_adapter@_W@__crt_stdio_output@@V?$format_validation_base@_WV?$string_output_adapter@_W@__crt_stdio_output@@@2@@__crt_stdio_output@@AEAA_NXZ 0000000180013e40 f i libucrtd:output.obj
 0001:00012e90       ?type_case_p@?$output_processor@DV?$string_output_adapter@D@__crt_stdio_output@@V?$format_validation_base@DV?$string_output_adapter@D@__crt_stdio_output@@@2@@__crt_stdio_output@@AEAA_NXZ 0000000180013e90 f i libucrtd:output.obj
 0001:00012ed0       ?type_case_p@?$output_processor@_WV?$string_output_adapter@_W@__crt_stdio_output@@V?$format_validation_base@_WV?$string_output_adapter@_W@__crt_stdio_output@@@2@@__crt_stdio_output@@AEAA_NXZ 0000000180013ed0 f i libucrtd:output.obj
 0001:00012f10       ?type_case_s@?$output_processor@DV?$string_output_adapter@D@__crt_stdio_output@@V?$format_validation_base@DV?$string_output_adapter@D@__crt_stdio_output@@@2@@__crt_stdio_output@@AEAA_NXZ 0000000180013f10 f i libucrtd:output.obj
 0001:00013030       ?type_case_s@?$output_processor@_WV?$string_output_adapter@_W@__crt_stdio_output@@V?$format_validation_base@_WV?$string_output_adapter@_W@__crt_stdio_output@@@2@@__crt_stdio_output@@AEAA_NXZ 0000000180014030 f i libucrtd:output.obj
 0001:00013150       ?type_case_s_compute_narrow_string_length@?$output_processor@DV?$string_output_adapter@D@__crt_stdio_output@@V?$format_validation_base@DV?$string_output_adapter@D@__crt_stdio_output@@@2@@__crt_stdio_output@@AEBAHHD@Z 0000000180014150 f i libucrtd:output.obj
 0001:00013180       ?type_case_s_compute_narrow_string_length@?$output_processor@_WV?$string_output_adapter@_W@__crt_stdio_output@@V?$format_validation_base@_WV?$string_output_adapter@_W@__crt_stdio_output@@@2@@__crt_stdio_output@@AEBAHH_W@Z 0000000180014180 f i libucrtd:output.obj
 0001:00013210       ?type_case_u@?$output_processor@DV?$string_output_adapter@D@__crt_stdio_output@@V?$format_validation_base@DV?$string_output_adapter@D@__crt_stdio_output@@@2@@__crt_stdio_output@@AEAA_NXZ 0000000180014210 f i libucrtd:output.obj
 0001:00013230       ?type_case_u@?$output_processor@_WV?$string_output_adapter@_W@__crt_stdio_output@@V?$format_validation_base@_WV?$string_output_adapter@_W@__crt_stdio_output@@@2@@__crt_stdio_output@@AEAA_NXZ 0000000180014230 f i libucrtd:output.obj
 0001:00013250       ?type_case_x@?$output_processor@DV?$string_output_adapter@D@__crt_stdio_output@@V?$format_validation_base@DV?$string_output_adapter@D@__crt_stdio_output@@@2@@__crt_stdio_output@@AEAA_NXZ 0000000180014250 f i libucrtd:output.obj
 0001:00013270       ?type_case_x@?$output_processor@_WV?$string_output_adapter@_W@__crt_stdio_output@@V?$format_validation_base@_WV?$string_output_adapter@_W@__crt_stdio_output@@@2@@__crt_stdio_output@@AEAA_NXZ 0000000180014270 f i libucrtd:output.obj
 0001:00013290       ?unset_flag@?$output_processor@DV?$string_output_adapter@D@__crt_stdio_output@@V?$format_validation_base@DV?$string_output_adapter@D@__crt_stdio_output@@@2@@__crt_stdio_output@@AEAAXI@Z 0000000180014290 f i libucrtd:output.obj
 0001:00013290       ?unset_flag@?$output_processor@_WV?$string_output_adapter@_W@__crt_stdio_output@@V?$format_validation_base@_WV?$string_output_adapter@_W@__crt_stdio_output@@@2@@__crt_stdio_output@@AEAAXI@Z 0000000180014290 f i libucrtd:output.obj
 0001:000132c0       ?update_field_width@?$standard_base@DV?$string_output_adapter@D@__crt_stdio_output@@@__crt_stdio_output@@IEAA_NXZ 00000001800142c0 f i libucrtd:output.obj
 0001:000132c0       ?update_field_width@?$standard_base@_WV?$string_output_adapter@_W@__crt_stdio_output@@@__crt_stdio_output@@IEAA_NXZ 00000001800142c0 f i libucrtd:output.obj
 0001:000132f0       ?update_precision@?$standard_base@DV?$string_output_adapter@D@__crt_stdio_output@@@__crt_stdio_output@@IEAA_NXZ 00000001800142f0 f i libucrtd:output.obj
 0001:000132f0       ?update_precision@?$standard_base@_WV?$string_output_adapter@_W@__crt_stdio_output@@@__crt_stdio_output@@IEAA_NXZ 00000001800142f0 f i libucrtd:output.obj
 0001:00013320       ?validate@?$string_output_adapter@D@__crt_stdio_output@@QEBA_NXZ 0000000180014320 f i libucrtd:output.obj
 0001:000133e0       ?validate@?$string_output_adapter@_W@__crt_stdio_output@@QEBA_NXZ 00000001800143e0 f i libucrtd:output.obj
 0001:000134a0       ?should_format@?$standard_base@DV?$string_output_adapter@D@__crt_stdio_output@@@__crt_stdio_output@@IEAA_NXZ 00000001800144a0 f i libucrtd:output.obj
 0001:000134a0       ?should_format@?$standard_base@_WV?$string_output_adapter@_W@__crt_stdio_output@@@__crt_stdio_output@@IEAA_NXZ 00000001800144a0 f i libucrtd:output.obj
 0001:000134a0       ?validate_and_update_state_at_beginning_of_format_character@?$standard_base@DV?$string_output_adapter@D@__crt_stdio_output@@@__crt_stdio_output@@IEAA_NXZ 00000001800144a0 f i libucrtd:output.obj
 0001:000134a0       ?validate_state_for_type_case_a@?$standard_base@DV?$string_output_adapter@D@__crt_stdio_output@@@__crt_stdio_output@@IEBA_NXZ 00000001800144a0 f i libucrtd:output.obj
 0001:000134a0       ?validate_state_for_type_case_a@?$standard_base@_WV?$string_output_adapter@_W@__crt_stdio_output@@@__crt_stdio_output@@IEBA_NXZ 00000001800144a0 f i libucrtd:output.obj
 0001:000134a0       ?validate_and_update_state_at_beginning_of_format_character@?$standard_base@_WV?$string_output_adapter@_W@__crt_stdio_output@@@__crt_stdio_output@@IEAA_NXZ 00000001800144a0 f i libucrtd:output.obj
 0001:000134b0       ?validate_and_update_state_at_end_of_format_string@?$format_validation_base@DV?$string_output_adapter@D@__crt_stdio_output@@@__crt_stdio_output@@IEBA_NXZ 00000001800144b0 f i libucrtd:output.obj
 0001:00013570       ?validate_and_update_state_at_end_of_format_string@?$format_validation_base@_WV?$string_output_adapter@_W@__crt_stdio_output@@@__crt_stdio_output@@IEBA_NXZ 0000000180014570 f i libucrtd:output.obj
 0001:00013630       ?wide_null_string@?$output_processor@_WV?$string_output_adapter@_W@__crt_stdio_output@@V?$format_validation_base@_WV?$string_output_adapter@_W@__crt_stdio_output@@@2@@__crt_stdio_output@@CAPEA_WXZ 0000000180014630 f i libucrtd:output.obj
 0001:00013630       ?wide_null_string@?$output_processor@DV?$string_output_adapter@D@__crt_stdio_output@@V?$format_validation_base@DV?$string_output_adapter@D@__crt_stdio_output@@@2@@__crt_stdio_output@@CAPEA_WXZ 0000000180014630 f i libucrtd:output.obj
 0001:00013640       ?write_character@?$string_output_adapter@D@__crt_stdio_output@@QEBA_NDQEAH@Z 0000000180014640 f i libucrtd:output.obj
 0001:00013700       ?write_character@?$string_output_adapter@_W@__crt_stdio_output@@QEBA_N_WQEAH@Z 0000000180014700 f i libucrtd:output.obj
 0001:000137c0       ?write_stored_string_tchar@?$output_processor@DV?$string_output_adapter@D@__crt_stdio_output@@V?$format_validation_base@DV?$string_output_adapter@D@__crt_stdio_output@@@2@@__crt_stdio_output@@AEAA_ND@Z 00000001800147c0 f i libucrtd:output.obj
 0001:00013920       ?write_stored_string_tchar@?$output_processor@_WV?$string_output_adapter@_W@__crt_stdio_output@@V?$format_validation_base@_WV?$string_output_adapter@_W@__crt_stdio_output@@@2@@__crt_stdio_output@@AEAA_N_W@Z 0000000180014920 f i libucrtd:output.obj
 0001:00013a60       ?write_string@?$string_output_adapter@D@__crt_stdio_output@@QEBAXQEBDHQEAH1@Z 0000000180014a60 f i libucrtd:output.obj
 0001:00013be0       ?write_string@?$string_output_adapter@_W@__crt_stdio_output@@QEBAXQEB_WHQEAH1@Z 0000000180014be0 f i libucrtd:output.obj
 0001:00013d70       __acrt_isleadbyte_l_noupdate 0000000180014d70 f i libucrtd:output.obj
 0001:00013da0       __stdio_common_vsnprintf_s 0000000180014da0 f   libucrtd:output.obj
 0001:00013e00       __stdio_common_vsnwprintf_s 0000000180014e00 f   libucrtd:output.obj
 0001:00013e60       __stdio_common_vsprintf_s  0000000180014e60 f   libucrtd:output.obj
 0001:00013eb0       ??$is_overflow_condition@K@__crt_strtox@@YA_NIK@Z 0000000180014eb0 f i libucrtd:atox.obj
 0001:00013f20       ??$parse_integer@KV?$c_string_character_source@D@__crt_strtox@@@__crt_strtox@@YAKQEAU__crt_locale_pointers@@V?$c_string_character_source@D@0@H_N@Z 0000000180014f20 f i libucrtd:atox.obj
 0001:000143b0       ??$parse_integer@KV?$c_string_character_source@_W@__crt_strtox@@@__crt_strtox@@YAKQEAU__crt_locale_pointers@@V?$c_string_character_source@_W@0@H_N@Z 00000001800153b0 f i libucrtd:atox.obj
 0001:00014860       ??0?$c_string_character_source@D@__crt_strtox@@QEAA@QEBDQEAPEBD@Z 0000000180015860 f i libucrtd:atox.obj
 0001:00014860       ??0?$c_string_character_source@_W@__crt_strtox@@QEAA@QEB_WQEAPEB_W@Z 0000000180015860 f i libucrtd:atox.obj
 0001:000148b0       ??1?$c_string_character_source@D@__crt_strtox@@QEAA@XZ 00000001800158b0 f i libucrtd:atox.obj
 0001:000148b0       ??1?$c_string_character_source@_W@__crt_strtox@@QEAA@XZ 00000001800158b0 f i libucrtd:atox.obj
 0001:000148e0       ?get@?$c_string_character_source@D@__crt_strtox@@QEAADXZ 00000001800158e0 f i libucrtd:atox.obj
 0001:00014920       ?get@?$c_string_character_source@_W@__crt_strtox@@QEAA_WXZ 0000000180015920 f i libucrtd:atox.obj
 0001:00014960       ?is_space@__crt_strtox@@YA_NDQEAU__crt_locale_pointers@@@Z 0000000180015960 f i libucrtd:atox.obj
 0001:000149b0       ?is_space@__crt_strtox@@YA_N_WPEAU__crt_locale_pointers@@@Z 00000001800159b0 f i libucrtd:atox.obj
 0001:000149f0       ?maximum_signed_value@__crt_strtox@@YAJK@Z 00000001800159f0 f i libucrtd:atox.obj
 0001:00014a00       ?minimum_signed_value@__crt_strtox@@YAJK@Z 0000000180015a00 f i libucrtd:atox.obj
 0001:00014a10       ?parse_digit@__crt_strtox@@YAID@Z 0000000180015a10 f i libucrtd:atox.obj
 0001:00014a80       ?parse_digit@__crt_strtox@@YAI_W@Z 0000000180015a80 f i libucrtd:atox.obj
 0001:00014b10       ?restore_state@?$c_string_character_source@D@__crt_strtox@@QEAA_NQEBD@Z 0000000180015b10 f i libucrtd:atox.obj
 0001:00014b10       ?restore_state@?$c_string_character_source@_W@__crt_strtox@@QEAA_NQEB_W@Z 0000000180015b10 f i libucrtd:atox.obj
 0001:00014b30       ?unget@?$c_string_character_source@D@__crt_strtox@@QEAAXD@Z 0000000180015b30 f i libucrtd:atox.obj
 0001:00014c10       ?unget@?$c_string_character_source@_W@__crt_strtox@@QEAAX_W@Z 0000000180015c10 f i libucrtd:atox.obj
 0001:00014cf0       ?validate@?$c_string_character_source@D@__crt_strtox@@QEBA_NXZ 0000000180015cf0 f i libucrtd:atox.obj
 0001:00014db0       ?validate@?$c_string_character_source@_W@__crt_strtox@@QEBA_NXZ 0000000180015db0 f i libucrtd:atox.obj
 0001:00014e70       ?wide_character_to_digit@__crt_strtox@@YAH_W@Z 0000000180015e70 f i libucrtd:atox.obj
 0001:000151e0       ??$?RV<lambda_5e887d1dcbef67a5eb4283622ba103bf>@@AEAV<lambda_4466841279450cc726390878d4a41900>@@V<lambda_341c25c0346d94847f1f3c463c57e077>@@@?$__crt_seh_guarded_call@X@@QEAAX$$QEAV<lambda_5e887d1dcbef67a5eb4283622ba103bf>@@AEAV<lambda_4466841279450cc726390878d4a41900>@@$$QEAV<lambda_341c25c0346d94847f1f3c463c57e077>@@@Z 00000001800161e0 f i libucrtd:per_thread_data.obj
 0001:00015220       ??$?RV<lambda_72d1df2b273a38828b1ce30cbf4cdab5>@@AEAV<lambda_876a65b173b8412d3a47c70a915b0cf4>@@V<lambda_41932305e351933ebe8f8be3ed8bb5dc>@@@?$__crt_seh_guarded_call@X@@QEAAX$$QEAV<lambda_72d1df2b273a38828b1ce30cbf4cdab5>@@AEAV<lambda_876a65b173b8412d3a47c70a915b0cf4>@@$$QEAV<lambda_41932305e351933ebe8f8be3ed8bb5dc>@@@Z 0000000180016220 f i libucrtd:per_thread_data.obj
 0001:00015260       ??$?RV<lambda_8773731b9ba2edf4362dda13ebc82854>@@AEAV<lambda_6ac21da2756cd333d25ba1adc9a0001e>@@V<lambda_2c95662d60720604e97e3009a1ee1859>@@@?$__crt_seh_guarded_call@X@@QEAAX$$QEAV<lambda_8773731b9ba2edf4362dda13ebc82854>@@AEAV<lambda_6ac21da2756cd333d25ba1adc9a0001e>@@$$QEAV<lambda_2c95662d60720604e97e3009a1ee1859>@@@Z 0000000180016260 f i libucrtd:per_thread_data.obj
 0001:000152a0       ??$?RV<lambda_fb3a7dec4e47f37f22dae91bb15c9095>@@AEAV<lambda_698284760c8add0bfb0756c19673e34b>@@V<lambda_dfb8eca1e75fef3034a8fb18dd509707>@@@?$__crt_seh_guarded_call@X@@QEAAX$$QEAV<lambda_fb3a7dec4e47f37f22dae91bb15c9095>@@AEAV<lambda_698284760c8add0bfb0756c19673e34b>@@$$QEAV<lambda_dfb8eca1e75fef3034a8fb18dd509707>@@@Z 00000001800162a0 f i libucrtd:per_thread_data.obj
 0001:000152e0       ??$__acrt_lock_and_call@V<lambda_4466841279450cc726390878d4a41900>@@@@YAXW4__acrt_lock_id@@$$QEAV<lambda_4466841279450cc726390878d4a41900>@@@Z 00000001800162e0 f i libucrtd:per_thread_data.obj
 0001:00015350       ??$__acrt_lock_and_call@V<lambda_698284760c8add0bfb0756c19673e34b>@@@@YAXW4__acrt_lock_id@@$$QEAV<lambda_698284760c8add0bfb0756c19673e34b>@@@Z 0000000180016350 f i libucrtd:per_thread_data.obj
 0001:000153c0       ??$__acrt_lock_and_call@V<lambda_6ac21da2756cd333d25ba1adc9a0001e>@@@@YAXW4__acrt_lock_id@@$$QEAV<lambda_6ac21da2756cd333d25ba1adc9a0001e>@@@Z 00000001800163c0 f i libucrtd:per_thread_data.obj
 0001:00015430       ??$__acrt_lock_and_call@V<lambda_876a65b173b8412d3a47c70a915b0cf4>@@@@YAXW4__acrt_lock_id@@$$QEAV<lambda_876a65b173b8412d3a47c70a915b0cf4>@@@Z 0000000180016430 f i libucrtd:per_thread_data.obj
 0001:000154d0       ??0__crt_scoped_get_last_error_reset@@QEAA@XZ 00000001800164d0 f i libucrtd:per_thread_data.obj
 0001:000154f0       ??1__crt_scoped_get_last_error_reset@@QEAA@XZ 00000001800164f0 f i libucrtd:per_thread_data.obj
 0001:00015910       ?detach@?$__crt_unique_heap_ptr@U__crt_multibyte_data@@U__crt_internal_free_policy@@@@QEAAPEAU__crt_multibyte_data@@XZ 0000000180016910 f i libucrtd:mbctype.obj
 0001:00015910       ?detach@?$__crt_unique_heap_ptr@U__crt_lowio_handle_data@@U__crt_internal_free_policy@@@@QEAAPEAU__crt_lowio_handle_data@@XZ 0000000180016910 f i libucrtd:osfinfo.obj
 0001:00015910       ?detach@?$__crt_unique_heap_ptr@U__vcrt_ptd@@U__crt_internal_free_policy@@@@QEAAPEAU__vcrt_ptd@@XZ 0000000180016910 f i libvcruntimed:per_thread_data.obj
 0001:00015910       ?detach@?$__crt_unique_heap_ptr@U__acrt_ptd@@U__crt_internal_free_policy@@@@QEAAPEAU__acrt_ptd@@XZ 0000000180016910 f i libucrtd:per_thread_data.obj
 0001:00015910       ?detach@?$__crt_unique_heap_ptr@P6AXXZU__crt_internal_free_policy@@@@QEAAPEAP6AXXZXZ 0000000180016910 f i libucrtd:onexit.obj
 0001:00015910       ?detach@?$__crt_unique_heap_ptr@PEAU__crt_stdio_stream_data@@U__crt_internal_free_policy@@@@QEAAPEAPEAU__crt_stdio_stream_data@@XZ 0000000180016910 f i libucrtd:_file.obj
 0001:00015910       ?detach@?$__crt_unique_heap_ptr@DU__crt_public_free_policy@@@@QEAAPEADXZ 0000000180016910 f i libvcruntimed:std_exception.obj
 0001:00015ba0       __acrt_freeptd             0000000180016ba0 f   libucrtd:per_thread_data.obj
 0001:00015be0       __acrt_getptd              0000000180016be0 f   libucrtd:per_thread_data.obj
 0001:00015c10       __acrt_getptd_noexit       0000000180016c10 f   libucrtd:per_thread_data.obj
 0001:00015c20       __acrt_initialize_ptd      0000000180016c20 f   libucrtd:per_thread_data.obj
 0001:00015c60       __acrt_uninitialize_ptd    0000000180016c60 f   libucrtd:per_thread_data.obj
 0001:00015c90       __acrt_initialize_locks    0000000180016c90 f   libucrtd:locks.obj
 0001:00015d00       __acrt_lock                0000000180016d00 f   libucrtd:locks.obj
 0001:00015d30       __acrt_uninitialize_locks  0000000180016d30 f   libucrtd:locks.obj
 0001:00015d90       __acrt_unlock              0000000180016d90 f   libucrtd:locks.obj
 0001:00016410       __acrt_FlsAlloc            0000000180017410 f   libucrtd:winapi_thunks.obj
 0001:00016460       __acrt_FlsFree             0000000180017460 f   libucrtd:winapi_thunks.obj
 0001:000164b0       __acrt_FlsGetValue         00000001800174b0 f   libucrtd:winapi_thunks.obj
 0001:00016500       __acrt_FlsSetValue         0000000180017500 f   libucrtd:winapi_thunks.obj
 0001:00016560       __acrt_InitializeCriticalSectionEx 0000000180017560 f   libucrtd:winapi_thunks.obj
 0001:000165d0       __acrt_LCMapStringEx       00000001800175d0 f   libucrtd:winapi_thunks.obj
 0001:000166c0       __acrt_LocaleNameToLCID    00000001800176c0 f   libucrtd:winapi_thunks.obj
 0001:00016720       __acrt_MessageBoxW         0000000180017720 f   libucrtd:winapi_thunks.obj
 0001:00016790       __acrt_can_show_message_box 0000000180017790 f   libucrtd:winapi_thunks.obj
 0001:000167d0       __acrt_get_parent_window   00000001800177d0 f   libucrtd:winapi_thunks.obj
 0001:00016850       __acrt_initialize_winapi_thunks 0000000180017850 f   libucrtd:winapi_thunks.obj
 0001:000168d0       __acrt_is_interactive      00000001800178d0 f   libucrtd:winapi_thunks.obj
 0001:000169c0       __acrt_is_packaged_app     00000001800179c0 f   libucrtd:winapi_thunks.obj
 0001:00016b00       __acrt_uninitialize_winapi_thunks 0000000180017b00 f   libucrtd:winapi_thunks.obj
 0001:00016ba0       __acrt_call_reportfault    0000000180017ba0 f   libucrtd:invalid_parameter.obj
 0001:00016cd0       __acrt_initialize_invalid_parameter_handler 0000000180017cd0 f   libucrtd:invalid_parameter.obj
 0001:00016cf0       _invalid_parameter         0000000180017cf0 f   libucrtd:invalid_parameter.obj
 0001:00016e00       _invalid_parameter_noinfo  0000000180017e00 f   libucrtd:invalid_parameter.obj
 0001:00016e30       _invoke_watson             0000000180017e30 f   libucrtd:invalid_parameter.obj
 0001:00017370       wcscpy_s                   0000000180018370 f   libucrtd:wcscpy_s.obj
 0001:000173a0       ??$?RU__vcrt_ptd@@@__crt_internal_free_policy@@QEBAXQEBU__vcrt_ptd@@@Z 00000001800183a0 f i libvcruntimed:per_thread_data.obj
 0001:000173a0       ??$?RP6AXXZ@__crt_internal_free_policy@@QEBAXQEBQ6AXXZ@Z 00000001800183a0 f i libucrtd:onexit.obj
 0001:000173a0       ??$?RU__crt_lowio_handle_data@@@__crt_internal_free_policy@@QEBAXQEBU__crt_lowio_handle_data@@@Z 00000001800183a0 f i libucrtd:osfinfo.obj
 0001:000173a0       ??$?RPEAU__crt_stdio_stream_data@@@__crt_internal_free_policy@@QEBAXQEBQEAU__crt_stdio_stream_data@@@Z 00000001800183a0 f i libucrtd:_file.obj
 0001:000173a0       ??$?RU__acrt_ptd@@@__crt_internal_free_policy@@QEBAXQEBU__acrt_ptd@@@Z 00000001800183a0 f i libucrtd:per_thread_data.obj
 0001:000173a0       ??$?RD@__crt_internal_free_policy@@QEBAXQEBD@Z 00000001800183a0 f i libvcruntimed:std_type_info.obj
 0001:000173a0       ??$?RU__crt_multibyte_data@@@__crt_internal_free_policy@@QEBAXQEBU__crt_multibyte_data@@@Z 00000001800183a0 f i libucrtd:mbctype.obj
 0001:000173d0       ??$?RV<lambda_441f2315ac0f593d45428a8fceb6abe6>@@AEAV<lambda_2f900415df1f7f624cdaaefe86d0b1c0>@@V<lambda_1d10a5a8ccb596b49763520e59d5af47>@@@?$__crt_seh_guarded_call@X@@QEAAX$$QEAV<lambda_441f2315ac0f593d45428a8fceb6abe6>@@AEAV<lambda_2f900415df1f7f624cdaaefe86d0b1c0>@@$$QEAV<lambda_1d10a5a8ccb596b49763520e59d5af47>@@@Z 00000001800183d0 f i libucrtd:mbctype.obj
 0001:00017410       ??$__acrt_lock_and_call@V<lambda_2f900415df1f7f624cdaaefe86d0b1c0>@@@@YAXW4__acrt_lock_id@@$$QEAV<lambda_2f900415df1f7f624cdaaefe86d0b1c0>@@@Z 0000000180018410 f i libucrtd:mbctype.obj
 0001:000174a0       ??1?$__crt_unique_heap_ptr@U__crt_multibyte_data@@U__crt_internal_free_policy@@@@QEAA@XZ 00000001800184a0 f i libucrtd:mbctype.obj
 0001:000174a0       ??1?$__crt_unique_heap_ptr@U__crt_lowio_handle_data@@U__crt_internal_free_policy@@@@QEAA@XZ 00000001800184a0 f i libucrtd:osfinfo.obj
 0001:000174a0       ??1?$__crt_unique_heap_ptr@PEAU__crt_stdio_stream_data@@U__crt_internal_free_policy@@@@QEAA@XZ 00000001800184a0 f i libucrtd:_file.obj
 0001:000174a0       ??1?$__crt_unique_heap_ptr@P6AXXZU__crt_internal_free_policy@@@@QEAA@XZ 00000001800184a0 f i libucrtd:onexit.obj
 0001:000174a0       ??1?$__crt_unique_heap_ptr@U__acrt_ptd@@U__crt_internal_free_policy@@@@QEAA@XZ 00000001800184a0 f i libucrtd:per_thread_data.obj
 0001:000177a0       ?release@?$__crt_unique_heap_ptr@U__crt_multibyte_data@@U__crt_internal_free_policy@@@@QEAAXXZ 00000001800187a0 f i libucrtd:mbctype.obj
 0001:000177a0       ?release@?$__crt_unique_heap_ptr@U__crt_lowio_handle_data@@U__crt_internal_free_policy@@@@QEAAXXZ 00000001800187a0 f i libucrtd:osfinfo.obj
 0001:000177a0       ?release@?$__crt_unique_heap_ptr@PEAU__crt_stdio_stream_data@@U__crt_internal_free_policy@@@@QEAAXXZ 00000001800187a0 f i libucrtd:_file.obj
 0001:000177a0       ?release@?$__crt_unique_heap_ptr@U__acrt_ptd@@U__crt_internal_free_policy@@@@QEAAXXZ 00000001800187a0 f i libucrtd:per_thread_data.obj
 0001:000177a0       ?release@?$__crt_unique_heap_ptr@P6AXXZU__crt_internal_free_policy@@@@QEAAXXZ 00000001800187a0 f i libucrtd:onexit.obj
[...]
 0004:00002238       $pdata$??_Gtype_info@@UEAAPEAXI@Z 000000018004a238     LIBCMTD:std_type_info_static.obj
 0004:00002250       $pdata$__GSHandlerCheck_SEH 000000018004a250     LIBCMTD:_gshandlerseh_.obj
 0004:0000225c       $pdata$__GSHandlerCheck_EH 000000018004a25c     LIBCMTD:gshandlereh.obj
 0004:00002268       $pdata$??3@YAXPEAX_K@Z     000000018004a268     LIBCMTD:delete_scalar_size.obj
 0004:00002274       $pdata$??3@YAXPEAX@Z       000000018004a274     LIBCMTD:delete_scalar.obj
 0004:000022a4       $pdata$strrchr             000000018004a2a4     libvcruntimed:strrchr.obj
 0004:000022b0       $pdata$?_CatchTryBlock@@YAPEBU_s_TryBlockMapEntry@@PEBU_s_FuncInfo@@H@Z 000000018004a2b0     libvcruntimed:trnsctrl.obj
 0004:000022bc       $pdata$?_GetEstablisherFrame@@YAPEA_KPEA_KPEAU_xDISPATCHER_CONTEXT@@PEBU_s_FuncInfo@@0@Z 000000018004a2bc     libvcruntimed:trnsctrl.obj
 0004:000022c8       $pdata$?_GetRangeOfTrysToCheck@@YAPEBU_s_TryBlockMapEntry@@PEA_KPEBU_s_FuncInfo@@HHPEAI2PEAU_xDISPATCHER_CONTEXT@@@Z 000000018004a2c8     libvcruntimed:trnsctrl.obj
 0004:000022d4       $pdata$?__FrameUnwindToEmptyState@@YAXPEA_KPEAU_xDISPATCHER_CONTEXT@@PEBU_s_FuncInfo@@@Z 000000018004a2d4     libvcruntimed:trnsctrl.obj
 0004:000022e0       $pdata$?__SehTransFilter@@YAHPEAU_EXCEPTION_POINTERS@@PEAUEHExceptionRecord@@PEA_KPEAU_CONTEXT@@PEAU_xDISPATCHER_CONTEXT@@PEBU_s_FuncInfo@@PEAH@Z 000000018004a2e0     libvcruntimed:trnsctrl.obj
 0004:000022ec       $pdata$_CallSETranslator   000000018004a2ec     libvcruntimed:trnsctrl.obj
 0004:000022f8       $pdata$_CreateFrameInfo    000000018004a2f8     libvcruntimed:trnsctrl.obj
 0004:00002304       $pdata$_FindAndUnlinkFrame 000000018004a304     libvcruntimed:trnsctrl.obj
 0004:00002310       $pdata$_GetImageBase       000000018004a310     libvcruntimed:trnsctrl.obj
 0004:0000231c       $pdata$_GetThrowImageBase  000000018004a31c     libvcruntimed:trnsctrl.obj
 0004:00002328       $pdata$_IsExceptionObjectToBeDestroyed 000000018004a328     libvcruntimed:trnsctrl.obj
 0004:00002334       $pdata$_SetImageBase       000000018004a334     libvcruntimed:trnsctrl.obj
 0004:00002340       $pdata$_SetThrowImageBase  000000018004a340     libvcruntimed:trnsctrl.obj
 0004:0000234c       $pdata$_UnwindNestedFrames 000000018004a34c     libvcruntimed:trnsctrl.obj
 0004:00002358       $pdata$__CxxFrameHandler3  000000018004a358     libvcruntimed:trnsctrl.obj
 0004:00002364       $pdata$?__GetCurrentState@@YAHPEA_KPEAU_xDISPATCHER_CONTEXT@@PEBU_s_FuncInfo@@@Z 000000018004a364     libvcruntimed:ehstate.obj
 0004:00002370       $pdata$?__GetUnwindTryBlock@@YAHPEA_KPEAU_xDISPATCHER_CONTEXT@@PEBU_s_FuncInfo@@@Z 000000018004a370     libvcruntimed:ehstate.obj
 0004:0000237c       $pdata$?__SetUnwindTryBlock@@YAXPEA_KPEAU_xDISPATCHER_CONTEXT@@PEBU_s_FuncInfo@@H@Z 000000018004a37c     libvcruntimed:ehstate.obj
 0004:00002388       $pdata$?__StateFromControlPc@@YAHPEBU_s_FuncInfo@@PEAU_xDISPATCHER_CONTEXT@@@Z 000000018004a388     libvcruntimed:ehstate.obj
 0004:00002394       $pdata$?__StateFromIp@@YAHPEBU_s_FuncInfo@@PEAU_xDISPATCHER_CONTEXT@@_J@Z 000000018004a394     libvcruntimed:ehstate.obj
 0004:000023a0       $pdata$__DestructExceptionObject 000000018004a3a0     libvcruntimed:frame.obj
 0004:000023ac       $pdata$??0bad_exception@std@@QEAA@AEBV01@@Z 000000018004a3ac     libvcruntimed:frame.obj
 0004:000023b8       $pdata$??0bad_exception@std@@QEAA@XZ 000000018004a3b8     libvcruntimed:frame.obj
 0004:000023c4       $pdata$??0exception@std@@QEAA@AEBV01@@Z 000000018004a3c4     libvcruntimed:frame.obj
 0004:000023d0       $pdata$??0exception@std@@QEAA@QEBDH@Z 000000018004a3d0     libvcruntimed:frame.obj
 0004:000023dc       $pdata$??1bad_exception@std@@UEAA@XZ 000000018004a3dc     libvcruntimed:frame.obj
 0004:000023e8       $pdata$??1exception@std@@UEAA@XZ 000000018004a3e8     libvcruntimed:frame.obj
 0004:000023f4       $pdata$??8type_info@@QEBA_NAEBV0@@Z 000000018004a3f4     libvcruntimed:frame.obj
 0004:00002400       $pdata$??_Gbad_exception@std@@UEAAPEAXI@Z 000000018004a400     libvcruntimed:frame.obj
 0004:0000240c       $pdata$??_Gexception@std@@UEAAPEAXI@Z 000000018004a40c     libvcruntimed:frame.obj
 0004:00002418       $pdata$?CatchIt@@YAXPEAUEHExceptionRecord@@PEA_KPEAU_CONTEXT@@PEAU_xDISPATCHER_CONTEXT@@PEBU_s_FuncInfo@@PEBU_s_HandlerType@@PEBU_s_CatchableType@@PEBU_s_TryBlockMapEntry@@H1EE@Z 000000018004a418     libvcruntimed:frame.obj
 0004:00002424       $pdata$?ExFilterRethrow@@YAHPEAU_EXCEPTION_POINTERS@@PEAUEHExceptionRecord@@PEAH@Z 000000018004a424     libvcruntimed:frame.obj
 0004:00002430       $pdata$?FindHandler@@YAXPEAUEHExceptionRecord@@PEA_KPEAU_CONTEXT@@PEAU_xDISPATCHER_CONTEXT@@PEBU_s_FuncInfo@@EH1@Z 000000018004a430     libvcruntimed:frame.obj
 0004:0000243c       $pdata$?FindHandlerForForeignException@@YAXPEAUEHExceptionRecord@@PEA_KPEAU_CONTEXT@@PEAU_xDISPATCHER_CONTEXT@@PEBU_s_FuncInfo@@HH1@Z 000000018004a43c     libvcruntimed:frame.obj
 0004:00002448       $pdata$?IsInExceptionSpec@@YAEPEAUEHExceptionRecord@@PEBU_s_ESTypeList@@@Z 000000018004a448     libvcruntimed:frame.obj
 0004:00002454       $pdata$?Is_bad_exception_allowed@@YAEPEBU_s_ESTypeList@@@Z 000000018004a454     libvcruntimed:frame.obj
 0004:00002460       $pdata$?_CallMemberFunction0@@YAXPEAXP6AX0@Z@Z 000000018004a460     libvcruntimed:frame.obj
 0004:0000246c       $pdata$?_CallMemberFunction1@@YAXPEAXP6AX0@Z0@Z 000000018004a46c     libvcruntimed:frame.obj
 0004:00002478       $pdata$?_CallMemberFunction2@@YAXPEAXP6AX0@Z0H@Z 000000018004a478     libvcruntimed:frame.obj
 0004:00002484       $pdata$?__RethrowException@@YAXPEAUEHExceptionRecord@@@Z 000000018004a484     libvcruntimed:frame.obj
 0004:00002490       $pdata$?what@exception@std@@UEBAPEBDXZ 000000018004a490     libvcruntimed:frame.obj
 0004:0000249c       $pdata$__AdjustPointer     000000018004a49c     libvcruntimed:frame.obj
 0004:000024a8       $pdata$__BuildCatchObject  000000018004a4a8     libvcruntimed:frame.obj
 0004:000024b4       $pdata$__BuildCatchObjectHelper 000000018004a4b4     libvcruntimed:frame.obj
 0004:000024c0       $pdata$__CxxCallCatchBlock 000000018004a4c0     libvcruntimed:frame.obj
 0004:000024cc       $pdata$__FrameUnwindFilter 000000018004a4cc     libvcruntimed:frame.obj
 0004:000024d8       $pdata$__FrameUnwindToState 000000018004a4d8     libvcruntimed:frame.obj
 0004:000024e4       $pdata$__InternalCxxFrameHandler 000000018004a4e4     libvcruntimed:frame.obj
 0004:000024f0       $pdata$__TypeMatch         000000018004a4f0     libvcruntimed:frame.obj
 0004:00002508       $pdata$??$?RD@__crt_public_free_policy@@QEBAXQEBD@Z 000000018004a508     libvcruntimed:std_exception.obj
 0004:00002514       $pdata$??1?$__crt_unique_heap_ptr@DU__crt_public_free_policy@@@@QEAA@XZ 000000018004a514     libvcruntimed:std_exception.obj
 0004:00002520       $pdata$?is_valid@?$__crt_unique_heap_ptr@U__vcrt_ptd@@U__crt_internal_free_policy@@@@QEBA_NXZ 000000018004a520     libvcruntimed:per_thread_data.obj
 0004:00002520       $pdata$?is_valid@?$__crt_unique_heap_ptr@DU__crt_public_free_policy@@@@QEBA_NXZ 000000018004a520     libvcruntimed:std_exception.obj
 0004:00002520       $pdata$?is_valid@?$__crt_unique_heap_ptr@U__crt_multibyte_data@@U__crt_internal_free_policy@@@@QEBA_NXZ 000000018004a520     libucrtd:mbctype.obj
 0004:00002520       $pdata$?is_valid@?$__crt_unique_heap_ptr@DU__crt_internal_free_policy@@@@QEBA_NXZ 000000018004a520     libvcruntimed:std_type_info.obj
 0004:00002520       $pdata$?is_valid@?$__crt_unique_heap_ptr@U__crt_lowio_handle_data@@U__crt_internal_free_policy@@@@QEBA_NXZ 000000018004a520     libucrtd:osfinfo.obj
 0004:00002520       $pdata$?valid@__crt_stdio_stream@@QEBA_NXZ 000000018004a520     libucrtd:output.obj
 0004:00002520       $pdata$??B?$__crt_scoped_stack_ptr@_W@@QEBA_NXZ 000000018004a520     libucrtd:lcmapstringa.obj
 0004:00002520       $pdata$?is_valid@?$__crt_unique_heap_ptr@U__acrt_ptd@@U__crt_internal_free_policy@@@@QEBA_NXZ 000000018004a520     libucrtd:per_thread_data.obj
 0004:0000252c       $pdata$?release@?$__crt_unique_heap_ptr@DU__crt_public_free_policy@@@@QEAAXXZ 000000018004a52c     libvcruntimed:std_exception.obj
 0004:00002538       $pdata$__std_exception_copy 000000018004a538     libvcruntimed:std_exception.obj
 0004:00002544       $pdata$__std_exception_destroy 000000018004a544     libvcruntimed:std_exception.obj
 0004:00002550       $pdata$_CxxThrowException  000000018004a550     libvcruntimed:throw.obj
 0004:00002568       $pdata$?fin$0@?0??dllmain_crt_process_attach@@YAHQEAUHINSTANCE__@@QEAX@Z@4HA 000000018004a568     LIBCMTD:dll_dllmain.obj
 0004:00002574       $pdata$?fin$0@?0??dllmain_crt_process_detach@@YAH_N@Z@4HA 000000018004a574     LIBCMTD:dll_dllmain.obj
 0004:00002580       $pdata$?filt$0@?0??dllmain_dispatch@@YAHQEAUHINSTANCE__@@KQEAX@Z@4HA 000000018004a580     LIBCMTD:dll_dllmain.obj
 0004:0000258c       $pdata$__scrt_is_nonwritable_in_current_image$filt$0 000000018004a58c     LIBCMTD:utility.obj
 0004:00002598       $pdata$?filt$0@?0??common_exit@@YAXHW4_crt_exit_cleanup_mode@@W4_crt_exit_return_mode@@@Z@4HA 000000018004a598     libucrtd:exit.obj
 0004:000025a4       $pdata$?fin$1@?0??common_exit@@YAXHW4_crt_exit_cleanup_mode@@W4_crt_exit_return_mode@@@Z@4HA 000000018004a5a4     libucrtd:exit.obj
 0004:000025b0       $pdata$?fin$0@?0???$?RV<lambda_d22e02de4d14401f49897516b29a2b7c>@@AEAV<lambda_e971338317bfa523bb8920b43d823727>@@V<lambda_b0b8599c9027f5b14541fbbd6863d1f1>@@@?$__crt_seh_guarded_call@H@@QEAAH$$QEAV<lambda_d22e02de4d14401f49897516b29a2b7c>@@AEAV<lambda_e971338317bfa523bb8920b43d823727>@@$$QEAV<lambda_b0b8599c9027f5b14541fbbd6863d1f1>@@@Z@4HA 000000018004a5b0     libucrtd:onexit.obj
 0004:000025b0       $pdata$?fin$0@?0???$?RV<lambda_c36588078e9f5dfd39652860aa6b3aaf>@@AEAV<lambda_ec61778202f4f5fc7e7711acc23c3bca>@@V<lambda_dc9d2797ccde5d239b4a0efae8ebd7db>@@@?$__crt_seh_guarded_call@P6AXH@Z@@QEAAP6AXH@Z$$QEAV<lambda_c36588078e9f5dfd39652860aa6b3aaf>@@AEAV<lambda_ec61778202f4f5fc7e7711acc23c3bca>@@$$QEAV<lambda_dc9d2797ccde5d239b4a0efae8ebd7db>@@@Z@4HA 000000018004a5b0     libucrtd:signal.obj
 0004:000025b0       $pdata$?fin$0@?0???$?RV<lambda_b0d8f1f77f5878de4f648f281b223c15>@@AEAV<lambda_942beefa13ab35ff55f86422493ffd6a>@@V<lambda_7adb6fc9c0d6a5bd4e2d9c212ec7cdcc>@@@?$__crt_seh_guarded_call@H@@QEAAH$$QEAV<lambda_b0d8f1f77f5878de4f648f281b223c15>@@AEAV<lambda_942beefa13ab35ff55f86422493ffd6a>@@$$QEAV<lambda_7adb6fc9c0d6a5bd4e2d9c212ec7cdcc>@@@Z@4HA 000000018004a5b0     libucrtd:onexit.obj
 0004:000025bc       $pdata$?fin$0@?0??validate_heap_if_required_nolock@@YAXXZ@4HA 000000018004a5bc     libucrtd:debug_heap.obj
 0004:000025c8       $pdata$?fin$0@?0??heap_alloc_dbg_internal@@YAPEAX_KHQEBDH@Z@4HA 000000018004a5c8     libucrtd:debug_heap.obj
 0004:000025c8       $pdata$_CrtMemCheckpoint$fin$0 000000018004a5c8     libucrtd:debug_heap.obj
 0004:000025d4       $pdata$_CrtMemDumpAllObjectsSince$fin$0 000000018004a5d4     libucrtd:debug_heap.obj
 0004:000025d4       $pdata$_msize_dbg$fin$0    000000018004a5d4     libucrtd:debug_heap.obj
 0004:000025d4       $pdata$_CrtSetDbgFlag$fin$0 000000018004a5d4     libucrtd:debug_heap.obj
 0004:000025d4       $pdata$_CrtCheckMemory$fin$0 000000018004a5d4     libucrtd:debug_heap.obj
 0004:000025d4       $pdata$_realloc_dbg$fin$0  000000018004a5d4     libucrtd:debug_heap.obj
 0004:000025e0       $pdata$?fin$0@?0???$?RV<lambda_441f2315ac0f593d45428a8fceb6abe6>@@AEAV<lambda_2f900415df1f7f624cdaaefe86d0b1c0>@@V<lambda_1d10a5a8ccb596b49763520e59d5af47>@@@?$__crt_seh_guarded_call@X@@QEAAX$$QEAV<lambda_441f2315ac0f593d45428a8fceb6abe6>@@AEAV<lambda_2f900415df1f7f624cdaaefe86d0b1c0>@@$$QEAV<lambda_1d10a5a8ccb596b49763520e59d5af47>@@@Z@4HA 000000018004a5e0     libucrtd:mbctype.obj
 0004:000025e0       $pdata$?fin$0@?0???$?RV<lambda_5e887d1dcbef67a5eb4283622ba103bf>@@AEAV<lambda_4466841279450cc726390878d4a41900>@@V<lambda_341c25c0346d94847f1f3c463c57e077>@@@?$__crt_seh_guarded_call@X@@QEAAX$$QEAV<lambda_5e887d1dcbef67a5eb4283622ba103bf>@@AEAV<lambda_4466841279450cc726390878d4a41900>@@$$QEAV<lambda_341c25c0346d94847f1f3c463c57e077>@@@Z@4HA 000000018004a5e0     libucrtd:per_thread_data.obj
 0004:000025e0       $pdata$?fin$0@?0???$?RV<lambda_8773731b9ba2edf4362dda13ebc82854>@@AEAV<lambda_6ac21da2756cd333d25ba1adc9a0001e>@@V<lambda_2c95662d60720604e97e3009a1ee1859>@@@?$__crt_seh_guarded_call@X@@QEAAX$$QEAV<lambda_8773731b9ba2edf4362dda13ebc82854>@@AEAV<lambda_6ac21da2756cd333d25ba1adc9a0001e>@@$$QEAV<lambda_2c95662d60720604e97e3009a1ee1859>@@@Z@4HA 000000018004a5e0     libucrtd:per_thread_data.obj
 0004:000025e0       $pdata$?fin$0@?0???$?RV<lambda_fb3a7dec4e47f37f22dae91bb15c9095>@@AEAV<lambda_698284760c8add0bfb0756c19673e34b>@@V<lambda_dfb8eca1e75fef3034a8fb18dd509707>@@@?$__crt_seh_guarded_call@X@@QEAAX$$QEAV<lambda_fb3a7dec4e47f37f22dae91bb15c9095>@@AEAV<lambda_698284760c8add0bfb0756c19673e34b>@@$$QEAV<lambda_dfb8eca1e75fef3034a8fb18dd509707>@@@Z@4HA 000000018004a5e0     libucrtd:per_thread_data.obj
 0004:000025e0       $pdata$?fin$0@?0???$?RV<lambda_72d1df2b273a38828b1ce30cbf4cdab5>@@AEAV<lambda_876a65b173b8412d3a47c70a915b0cf4>@@V<lambda_41932305e351933ebe8f8be3ed8bb5dc>@@@?$__crt_seh_guarded_call@X@@QEAAX$$QEAV<lambda_72d1df2b273a38828b1ce30cbf4cdab5>@@AEAV<lambda_876a65b173b8412d3a47c70a915b0cf4>@@$$QEAV<lambda_41932305e351933ebe8f8be3ed8bb5dc>@@@Z@4HA 000000018004a5e0     libucrtd:per_thread_data.obj
 0004:000025ec       $pdata$__acrt_update_thread_multibyte_data$fin$0 000000018004a5ec     libucrtd:mbctype.obj
 0004:000025f8       $pdata$__acrt_initialize_lowio$fin$0 000000018004a5f8     libucrtd:ioinit.obj
 0004:00002604       $pdata$_free_dbg$fin$0     000000018004a604     libucrtd:debug_heap.obj
 0004:00002604       $pdata$_query_new_handler$fin$0 000000018004a604     libucrtd:new_handler.obj
 0004:00002610       $pdata$raise$fin$0         000000018004a610     libucrtd:signal.obj
 0004:0000261c       $pdata$_VCrtDbgReportA$fin$0 000000018004a61c     libucrtd:dbgrptt.obj
 0004:00002628       $pdata$_VCrtDbgReportA$fin$1 000000018004a628     libucrtd:dbgrptt.obj
 0004:00002634       $pdata$_VCrtDbgReportW$fin$0 000000018004a634     libucrtd:dbgrptt.obj
 0004:00002640       $pdata$_VCrtDbgReportW$fin$1 000000018004a640     libucrtd:dbgrptt.obj
 0004:0000264c       $pdata$?dtor$0@?0??fp_format_a@@YAHQEBNPEAD_KQEAD2H_NIQEAU__crt_locale_pointers@@@Z@4HA 000000018004a64c     libucrtd:cvt.obj
 0004:00002658       $pdata$__acrt_update_thread_locale_data$fin$0 000000018004a658     libucrtd:locale_refcounting.obj
 0004:00002658       $pdata$__acrt_uninitialize_locale$fin$0 000000018004a658     libucrtd:wsetlocale.obj
 0004:00002664       $pdata$__acrt_lowio_ensure_fh_exists$fin$0 000000018004a664     libucrtd:osfinfo.obj
 0004:00002670       $pdata$common_flush_all$fin$0 000000018004a670     libucrtd:fflush.obj
 0004:0000267c       $pdata$common_flush_all$fin$1 000000018004a67c     libucrtd:fflush.obj
 0004:00002688       $pdata$?dtor$0@?0??_wcstombs_l_helper@@YA_KPEADPEB_W_KPEAU__crt_locale_pointers@@@Z@4HA 000000018004a688     libucrtd:wcstombs.obj
 0004:00002694       $pdata$_fcloseall$fin$0    000000018004a694     libucrtd:closeall.obj
 0004:000026a0       $pdata$_write$fin$0        000000018004a6a0     libucrtd:write.obj
 0004:000026ac       $pdata$fclose$fin$0        000000018004a6ac     libucrtd:fclose.obj
 0004:000026b8       $pdata$common_control87$filt$0 000000018004a6b8     libucrtd:ieee.obj
 0004:000026c4       $pdata$?fin$0@?0???$?RV<lambda_4f1f1a84956f0d44b74de224c960ff76>@@AEAV<lambda_a8f98972ebaa5f7148d35bffe53bd70d>@@V<lambda_f6ca65dda28655a1cf758c1c4e38e52a>@@@?$__crt_seh_guarded_call@H@@QEAAH$$QEAV<lambda_4f1f1a84956f0d44b74de224c960ff76>@@AEAV<lambda_a8f98972ebaa5f7148d35bffe53bd70d>@@$$QEAV<lambda_f6ca65dda28655a1cf758c1c4e38e52a>@@@Z@4HA 000000018004a6c4     libucrtd:close.obj
 0004:000026c4       $pdata$?fin$0@?0???$?RV<lambda_2ce24b26f23dade10250ef086380d911>@@AEAV<lambda_e9ab68cc08dfd839979545c079379e6e>@@V<lambda_6262c464c96e4c69799ed44814c7c457>@@@?$__crt_seh_guarded_call@H@@QEAAH$$QEAV<lambda_2ce24b26f23dade10250ef086380d911>@@AEAV<lambda_e9ab68cc08dfd839979545c079379e6e>@@$$QEAV<lambda_6262c464c96e4c69799ed44814c7c457>@@@Z@4HA 000000018004a6c4     libucrtd:commit.obj
 0004:000026d0       $pdata$_ctrlfp$filt$0      000000018004a6d0     libucrtd:fpctrl.obj
 0004:000026dc       $pdata$_IsNonwritableInCurrentImage$filt$0 000000018004a6dc     LIBCMTD:pesect.obj
 0004:000026e8       $pdata$_CallSETranslator$filt$0 000000018004a6e8     libvcruntimed:trnsctrl.obj
 0004:000026f4       $pdata$terminate$filt$0    000000018004a6f4     libucrtd:terminate.obj
 0004:000026f4       $pdata$?filt$0@?0??is_bad_read_pointer@@YA_NQEBX_K@Z@4HA 000000018004a6f4     libucrtd:debug_heap.obj
 0004:000026f4       $pdata$__BuildCatchObjectHelper$filt$0 000000018004a6f4     libvcruntimed:frame.obj
 0004:000026f4       $pdata$__BuildCatchObject$filt$0 000000018004a6f4     libvcruntimed:frame.obj
 0004:00002700       $pdata$__CxxCallCatchBlock$filt$0 000000018004a700     libvcruntimed:frame.obj
 0004:0000270c       $pdata$__CxxCallCatchBlock$fin$1 000000018004a70c     libvcruntimed:frame.obj
 0004:00002718       $pdata$__DestructExceptionObject$filt$0 000000018004a718     libvcruntimed:frame.obj
 0004:00002724       $pdata$__FrameUnwindToState$filt$0 000000018004a724     libvcruntimed:frame.obj
 0004:00002730       $pdata$__FrameUnwindToState$fin$1 000000018004a730     libvcruntimed:frame.obj
 0005:00000000       __guard_fids__             000000018004b000     libucrtd:initialization.obj
 0005:00000060       __guard_fids___acrt_initialize_ptd 000000018004b060     libucrtd:per_thread_data.obj
 0005:00000064       __guard_fids__             000000018004b064     libucrtd:debug_heap_hook.obj
 0005:00000068       __guard_fids_??$common_show_message_box@_W@@YAHQEB_W0I@Z 000000018004b068     libucrtd:crtmbox.obj
 0005:0000006c       __guard_fids__             000000018004b06c     libucrtd:multibyte_initializer.obj
 0005:00000070       __guard_fids__             000000018004b070     libucrtd:locale_initializer.obj
 0005:00000074       __guard_fids__             000000018004b074     libucrtd:stdio_initializer.obj
 0005:00000078       __guard_fids__             000000018004b078     libucrtd:stdio_initializer.obj
 0005:0000007c       __guard_fids__             000000018004b07c     libucrtd:fma3_initializer.obj
 0005:00000080       __guard_fids__             000000018004b080     libucrtd:console_output_initializer.obj
 0005:00000084       __guard_fids_?dllmain_crt_process_attach@@YAHQEAUHINSTANCE__@@QEAX@Z 000000018004b084     LIBCMTD:dll_dllmain.obj
 0005:0000008c       __guard_fids_?dllmain_dispatch@@YAHQEAUHINSTANCE__@@KQEAX@Z 000000018004b08c     LIBCMTD:dll_dllmain.obj
 0005:00000090       __guard_fids__             000000018004b090     LIBCMTD:guard_support.obj
 0005:00000094       __guard_fids__guard_icall_checks_enforced 000000018004b094     LIBCMTD:guard_support.obj
 0005:00000098       __guard_fids__             000000018004b098     libvcruntimed:telemetry.obj
 0005:0000009c       __guard_fids_?TraceLoggingRegister@__vcrt_trace_logging_provider@@YAJPEBU_TlgProvider_t@1@PEBU_GUID@@P6AX1KE_K2PEAU_EVENT_FILTER_DESCRIPTOR@@PEAX@Z4@Z 000000018004b09c     libvcruntimed:telemetry.obj
 0005:000000a0       __guard_fids___vcrt_initialize_ptd 000000018004b0a0     libvcruntimed:per_thread_data.obj
 0005:000000a4       __guard_fids__             000000018004b0a4     LIBCMTD:std_type_info_static.obj
 0005:000000a8       __guard_fids__UnwindNestedFrames 000000018004b0a8     libvcruntimed:trnsctrl.obj
 0005:000000ac       __guard_fids__             000000018004b0ac     libvcruntimed:frame.obj
 0005:000000b0       __guard_fids__             000000018004b0b0     libvcruntimed:frame.obj
 0005:000000b8       __guard_fids__             000000018004b0b8     libvcruntimed:frame.obj
