 win32_handmade

 Timestamp is 588d2e2b (Sat Jan 28 17:50:03 2017)

 Preferred load address is 0000000140000000

 Start         Length     Name                   Class
 0001:00000000 000001dbH .text                   CODE
 0001:000001e0 0000cce5H .text$mn                CODE
 0001:0000ced0 00000012H .text$mn$00             CODE
 0001:0000cef0 00000210H .text$x                 CODE
 0002:00000000 000002e8H .idata$5                DATA
 0002:000002e8 00000010H .00cfg                  DATA
 0002:000002f8 00000008H .CRT$XCA                DATA
 0002:00000300 00000008H .CRT$XCAA               DATA
 0002:00000308 00000008H .CRT$XCZ                DATA
 0002:00000310 00000008H .CRT$XIA                DATA
 0002:00000318 00000008H .CRT$XIAA               DATA
 0002:00000320 00000008H .CRT$XIAC               DATA
 0002:00000328 00000018H .CRT$XIC                DATA
 0002:00000340 00000008H .CRT$XIZ                DATA
 0002:00000348 00000008H .CRT$XPA                DATA
 0002:00000350 00000010H .CRT$XPX                DATA
 0002:00000360 00000008H .CRT$XPXA               DATA
 0002:00000368 00000008H .CRT$XPZ                DATA
 0002:00000370 00000008H .CRT$XTA                DATA
 0002:00000378 00000008H .CRT$XTZ                DATA
 0002:00000380 00007414H .rdata                  DATA
 0002:00007798 00000000H .rdata$r                DATA
 0002:00007798 00000010H .rdata$zETW0            DATA
 0002:000077a8 00000077H .rdata$zETW1            DATA
 0002:0000781f 0000002cH .rdata$zETW2            DATA
 0002:0000784b 00000001H .rdata$zETW9            DATA
 0002:0000784c 0000037cH .rdata$zzzdbg           DATA
 0002:00007bc8 00000008H .rtc$IAA                DATA
 0002:00007bd0 00000008H .rtc$IZZ                DATA
 0002:00007bd8 00000008H .rtc$TAA                DATA
 0002:00007be0 00000008H .rtc$TZZ                DATA
 0002:00007be8 00000accH .xdata                  DATA
 0002:000086b4 00000000H .edata                  DATA
 0002:000086b4 00000064H .idata$2                DATA
 0002:00008718 00000014H .idata$3                DATA
 0002:00008730 000002e8H .idata$4                DATA
 0002:00008a18 00000676H .idata$6                DATA
 0003:00000000 00000940H .data                   DATA
 0003:00000940 00000000H .data$r                 DATA
 0003:00000940 00001238H .bss                    DATA
 0004:00000000 00000d98H .pdata                  DATA
 0005:00000000 00000080H .gfids$x                DATA
 0005:00000080 00000028H .gfids$y                DATA

  Address         Publics by Value              Rva+Base               Lib:Object

 0000:00000000       __guard_iat_count          0000000000000000     <absolute>
 0000:00000000       __guard_iat_table          0000000000000000     <absolute>
 0000:00000000       __guard_longjmp_table      0000000000000000     <absolute>
 0000:00000000       __guard_longjmp_count      0000000000000000     <absolute>
 0000:00000000       __guard_fids_count         0000000000000000     <absolute>
 0000:00000000       ___safe_se_handler_table   0000000000000000     <absolute>
 0000:00000000       ___safe_se_handler_count   0000000000000000     <absolute>
 0000:00000000       __guard_fids_table         0000000000000000     <absolute>
 0000:00000100       __guard_flags              0000000000000100     <absolute>
 0000:00000000       __ImageBase                0000000140000000     <linker-defined>
 0001:00000000       ?TraceLoggingRegister@__vcrt_trace_logging_provider@@YAJPEBU_TlgProvider_t@1@PEBU_GUID@@P6AX1KE_K2PEAU_EVENT_FILTER_DESCRIPTOR@@PEAX@Z4@Z 0000000140001000 f i libvcruntime:telemetry.obj
 0001:0000007c       ?_TlgEnableCallback@__vcrt_trace_logging_provider@@YAXPEBU_GUID@@KE_K1PEAU_EVENT_FILTER_DESCRIPTOR@@PEAX@Z 000000014000107c f i libvcruntime:telemetry.obj
 0001:00000140       ?_TlgWrite@__vcrt_trace_logging_provider@@YAJPEBU_TlgProvider_t@1@PEFBXPEBU_GUID@@2IPEAU_EVENT_DATA_DESCRIPTOR@@@Z 0000000140001140 f i libvcruntime:telemetry.obj
 0001:000001e0       WinMain                    00000001400011e0 f   win32_handmade.obj
 0001:00001730       ?XInputGetStateStub@@YAKKPEAU_XINPUT_STATE@@@Z 0000000140002730 f   win32_handmade.obj
 0001:00001750       ?XInputSetStateStub@@YAKKPEAU_XINPUT_VIBRATION@@@Z 0000000140002750 f   win32_handmade.obj
 0001:00001770       ?Win32_GetWinDim@@YA?AUwin32_WinDim@@PEAUHWND__@@@Z 0000000140002770 f   win32_handmade.obj
 0001:00002120       ?Win32_WindowProc@@YA_JPEAUHWND__@@I_K_J@Z 0000000140003120 f   win32_handmade.obj
 0001:00002770       ?Win32_getSecondsElapsed@@YAMT_LARGE_INTEGER@@0@Z 0000000140003770 f i win32_handmade.obj
 0001:000027b0       ?Win32_getWallClock@@YA?AT_LARGE_INTEGER@@XZ 00000001400037b0 f i win32_handmade.obj
 0001:000027d0       ?getController@@YAPEAUGameControllerInput@@PEAUGameInput@@H@Z 00000001400037d0 f i win32_handmade.obj
 0001:00002820       ?safeTruncateUInt64@@YAI_K@Z 0000000140003820 f i win32_handmade.obj
 0001:00002850       __GSHandlerCheck           0000000140003850 f   LIBCMT:_gshandler_.obj
 0001:00002870       __GSHandlerCheckCommon     0000000140003870 f   LIBCMT:_gshandler_.obj
 0001:000028e0       __security_check_cookie    00000001400038e0 f   LIBCMT:_amdsecgs_.obj
 0001:00002b60       WinMainCRTStartup          0000000140003b60 f   LIBCMT:exe_winmain.obj
 0001:00002b74       __raise_securityfailure    0000000140003b74 f   LIBCMT:gs_report.obj
 0001:00002ba8       __report_gsfailure         0000000140003ba8 f   LIBCMT:gs_report.obj
 0001:00002c7c       __report_rangecheckfailure 0000000140003c7c f   LIBCMT:gs_report.obj
 0001:00002c90       __report_securityfailure   0000000140003c90 f   LIBCMT:gs_report.obj
 0001:00002e10       __scrt_acquire_startup_lock 0000000140003e10 f   LIBCMT:utility.obj
 0001:00002e4c       __scrt_initialize_crt      0000000140003e4c f   LIBCMT:utility.obj
 0001:00002e98       __scrt_initialize_onexit_tables 0000000140003e98 f   LIBCMT:utility.obj
 0001:00002f64       __scrt_is_nonwritable_in_current_image 0000000140003f64 f   LIBCMT:utility.obj
 0001:00003000       __scrt_release_startup_lock 0000000140004000 f   LIBCMT:utility.obj
 0001:00003024       __scrt_uninitialize_crt    0000000140004024 f   LIBCMT:utility.obj
 0001:00003050       _onexit                    0000000140004050 f   LIBCMT:utility.obj
 0001:000030a0       atexit                     00000001400040a0 f   LIBCMT:utility.obj
 0001:000030b8       __security_init_cookie     00000001400040b8 f   LIBCMT:gs_support.obj
 0001:00003164       _get_startup_argv_mode     0000000140004164 f   LIBCMT:argv_mode.obj
 0001:0000316c       _get_startup_file_mode     000000014000416c f   LIBCMT:file_mode.obj
 0001:00003174       __scrt_initialize_winrt    0000000140004174 f   LIBCMT:utility_desktop.obj
 0001:00003174       _get_startup_new_mode      0000000140004174 f   LIBCMT:new_mode.obj
 0001:00003174       _matherr                   0000000140004174 f   LIBCMT:matherr.obj
 0001:00003174       _get_startup_thread_locale_mode 0000000140004174 f   LIBCMT:thread_locale.obj
 0001:00003174       _get_startup_commit_mode   0000000140004174 f   LIBCMT:commit_mode.obj
 0001:00003178       ?__scrt_initialize_type_info@@YAXXZ 0000000140004178 f   LIBCMT:tncleanup.obj
 0001:00003188       _initialize_invalid_parameter_handler 0000000140004188 f   LIBCMT:invalid_parameter_handler.obj
 0001:00003188       __except_validate_context_record 0000000140004188 f   libvcruntime:jbcxrval.obj
 0001:00003188       _initialize_denormal_control 0000000140004188 f   LIBCMT:denormal_control.obj
 0001:00003188       _guard_check_icall_nop     0000000140004188 f   LIBCMT:guard_support.obj
 0001:0000318c       __local_stdio_printf_options 000000014000418c f i LIBCMT:default_local_stdio_options.obj
 0001:00003194       __local_stdio_scanf_options 0000000140004194 f i LIBCMT:default_local_stdio_options.obj
 0001:0000319c       __scrt_initialize_default_local_stdio_options 000000014000419c f   LIBCMT:default_local_stdio_options.obj
 0001:000031b8       __scrt_is_user_matherr_present 00000001400041b8 f   LIBCMT:matherr_detection.obj
 0001:000031c4       __scrt_get_dyn_tls_init_callback 00000001400041c4 f   LIBCMT:dyn_tls_init.obj
 0001:000031cc       __scrt_get_dyn_tls_dtor_callback 00000001400041cc f   LIBCMT:dyn_tls_dtor.obj
 0001:000031d4       __crt_debugger_hook        00000001400041d4 f   LIBCMT:utility_desktop.obj
 0001:000031dc       __scrt_fastfail            00000001400041dc f   LIBCMT:utility_desktop.obj
 0001:00003324       __scrt_get_show_window_mode 0000000140004324 f   LIBCMT:utility_desktop.obj
 0001:00003364       __scrt_is_managed_app      0000000140004364 f   LIBCMT:utility_desktop.obj
 0001:000033b8       __scrt_set_unhandled_exception_filter 00000001400043b8 f   LIBCMT:utility_desktop.obj
 0001:000033c8       __scrt_unhandled_exception_filter 00000001400043c8 f   LIBCMT:utility_desktop.obj
 0001:00003400       _RTC_Initialize            0000000140004400 f   LIBCMT:_initsect_.obj
 0001:0000344c       _RTC_Terminate             000000014000444c f   LIBCMT:_initsect_.obj
 0001:00003498       _guard_check_icall         0000000140004498 f i LIBCMT:checkcfg.obj
 0001:000034a0       __isa_available_init       00000001400044a0 f   LIBCMT:_cpu_disp_.obj
 0001:00003664       __scrt_is_ucrt_dll_in_use  0000000140004664 f   LIBCMT:ucrt_detection.obj
 0001:00003670       IsProcessorFeaturePresent  0000000140004670 f   kernel32:KERNEL32.dll
 0001:0000367c       __telemetry_main_invoke_trigger 000000014000467c f   libvcruntime:telemetry.obj
 0001:00003794       __telemetry_main_return_trigger 0000000140004794 f   libvcruntime:telemetry.obj
 0001:000038ac       __vcrt_initialize_telemetry_provider 00000001400048ac f   libvcruntime:telemetry.obj
 0001:000038c0       __vcrt_uninitialize_telemetry_provider 00000001400048c0 f   libvcruntime:telemetry.obj
 0001:000038e0       __C_specific_handler       00000001400048e0 f   libvcruntime:_chandler_.obj
 0001:00003ad0       __vcrt_initialize          0000000140004ad0 f   libvcruntime:initialization.obj
 0001:00003b08       __vcrt_uninitialize        0000000140004b08 f   libvcruntime:initialization.obj
 0001:00003b50       memset                     0000000140004b50 f   libvcruntime:memset.obj
 0001:00003eb8       __vcrt_EventRegister       0000000140004eb8 f   libvcruntime:winapi_downlevel.obj
 0001:00003f3c       __vcrt_EventSetInformation 0000000140004f3c f   libvcruntime:winapi_downlevel.obj
 0001:00003fc0       __vcrt_EventUnregister     0000000140004fc0 f   libvcruntime:winapi_downlevel.obj
 0001:00004014       __vcrt_EventWriteTransfer  0000000140005014 f   libvcruntime:winapi_downlevel.obj
 0001:000040ac       __vcrt_FlsAlloc            00000001400050ac f   libvcruntime:winapi_downlevel.obj
 0001:00004100       __vcrt_FlsFree             0000000140005100 f   libvcruntime:winapi_downlevel.obj
 0001:00004154       __vcrt_FlsSetValue         0000000140005154 f   libvcruntime:winapi_downlevel.obj
 0001:000041bc       __vcrt_InitializeCriticalSectionEx 00000001400051bc f   libvcruntime:winapi_downlevel.obj
 0001:00004234       __vcrt_initialize_winapi_thunks 0000000140005234 f   libvcruntime:winapi_downlevel.obj
 0001:0000426c       __vcrt_uninitialize_winapi_thunks 000000014000526c f   libvcruntime:winapi_downlevel.obj
 0001:000042c0       _local_unwind              00000001400052c0 f   libvcruntime:_jmpuwind_.obj
 0001:000042f0       _NLG_Notify                00000001400052f0 f   libvcruntime:_jmpuwind_.obj
 0001:00004310       __NLG_Dispatch2            0000000140005310 f   libvcruntime:_jmpuwind_.obj
 0001:00004320       __NLG_Return2              0000000140005320 f   libvcruntime:_jmpuwind_.obj
 0001:00004324       __vcrt_freefls             0000000140005324 f   libvcruntime:per_thread_data.obj
 0001:00004344       __vcrt_initialize_ptd      0000000140005344 f   libvcruntime:per_thread_data.obj
 0001:00004384       __vcrt_uninitialize_ptd    0000000140005384 f   libvcruntime:per_thread_data.obj
 0001:000043a8       __vcrt_initialize_locks    00000001400053a8 f   libvcruntime:locks.obj
 0001:000043f0       __vcrt_uninitialize_locks  00000001400053f0 f   libvcruntime:locks.obj
 0001:00004428       __vcrt_initialize_pure_virtual_call_handler 0000000140005428 f   libvcruntime:purevirt_data.obj
 0001:00004450       sinf                       0000000140005450 f   libucrt:sinf.obj
 0001:00004b48       _seh_filter_exe            0000000140005b48 f   libucrt:exception_filter.obj
 0001:00004cd8       _query_app_type            0000000140005cd8 f   libucrt:report_runtime_error.obj
 0001:00004ce0       _set_app_type              0000000140005ce0 f   libucrt:report_runtime_error.obj
 0001:00004ce8       __acrt_has_user_matherr    0000000140005ce8 f   libucrt:matherr.obj
 0001:00004d08       __acrt_initialize_user_matherr 0000000140005d08 f   libucrt:matherr.obj
 0001:00004d10       __acrt_invoke_user_matherr 0000000140005d10 f   libucrt:matherr.obj
 0001:00004d58       __setusermatherr           0000000140005d58 f   libucrt:matherr.obj
 0001:00004f3c       __acrt_allocate_buffer_for_argv 0000000140005f3c f   libucrt:argv_parsing.obj
 0001:00004fa0       _configure_narrow_argv     0000000140005fa0 f   libucrt:argv_parsing.obj
 0001:000052fc       __dcrt_uninitialize_environments_nolock 00000001400062fc f   libucrt:environment_initialization.obj
 0001:00005334       _initialize_narrow_environment 0000000140006334 f   libucrt:environment_initialization.obj
 0001:0000533c       _get_narrow_winmain_command_line 000000014000633c f   libucrt:argv_winmain.obj
 0001:000053ac       _initterm                  00000001400063ac f   libucrt:initterm.obj
 0001:00005424       _initterm_e                0000000140006424 f   libucrt:initterm.obj
 0001:000056a0       __acrt_initialize_thread_local_exit_callback 00000001400066a0 f   libucrt:exit.obj
 0001:000056a8       _c_exit                    00000001400066a8 f   libucrt:exit.obj
 0001:000056b8       _cexit                     00000001400066b8 f   libucrt:exit.obj
 0001:000056c8       _exit                      00000001400066c8 f   libucrt:exit.obj
 0001:000056d4       _register_thread_local_exe_atexit_callback 00000001400066d4 f   libucrt:exit.obj
 0001:00005718       exit                       0000000140006718 f   libucrt:exit.obj
 0001:00005724       _set_fmode                 0000000140006724 f   libucrt:setmode.obj
 0001:00005764       __acrt_set_locale_changed  0000000140006764 f   libucrt:wsetlocale.obj
 0001:00005770       __acrt_uninitialize_locale 0000000140006770 f   libucrt:wsetlocale.obj
 0001:000057b8       _configthreadlocale        00000001400067b8 f   libucrt:wsetlocale.obj
 0001:00005824       _query_new_mode            0000000140006824 f   libucrt:new_mode.obj
 0001:0000582c       _set_new_mode              000000014000682c f   libucrt:new_mode.obj
 0001:00005858       __p__commode               0000000140006858 f   libucrt:ncommode.obj
 0001:00005860       ??$?RV<lambda_b8c45f8f788dd370798f47cfe8ac3a86>@@AEAV<lambda_4e60a939b0d047cfe11ddc22648dfba9>@@V<lambda_332c3edc96d0294ec56c57d38c1cdfd5>@@@?$__crt_seh_guarded_call@H@@QEAAH$$QEAV<lambda_b8c45f8f788dd370798f47cfe8ac3a86>@@AEAV<lambda_4e60a939b0d047cfe11ddc22648dfba9>@@$$QEAV<lambda_332c3edc96d0294ec56c57d38c1cdfd5>@@@Z 0000000140006860 f i libucrt:onexit.obj
 0001:0000589c       ??$?RV<lambda_e24bbb7b643b32fcea6fa61b31d4c984>@@AEAV<lambda_275893d493268fdec8709772e3fcec0e>@@V<lambda_9d71df4d7cf3f480f8d633942495c3b0>@@@?$__crt_seh_guarded_call@H@@QEAAH$$QEAV<lambda_e24bbb7b643b32fcea6fa61b31d4c984>@@AEAV<lambda_275893d493268fdec8709772e3fcec0e>@@$$QEAV<lambda_9d71df4d7cf3f480f8d633942495c3b0>@@@Z 000000014000689c f i libucrt:onexit.obj
 0001:00005c18       _crt_atexit                0000000140006c18 f   libucrt:onexit.obj
 0001:00005c28       _execute_onexit_table      0000000140006c28 f   libucrt:onexit.obj
 0001:00005c64       _initialize_onexit_table   0000000140006c64 f   libucrt:onexit.obj
 0001:00005ca4       _register_onexit_function  0000000140006ca4 f   libucrt:onexit.obj
 0001:00005d24       __acrt_uninitialize_command_line 0000000140006d24 f   libucrt:argv_data.obj
 0001:00005e24       __acrt_initialize          0000000140006e24 f   libucrt:initialization.obj
 0001:00005e38       __acrt_uninitialize        0000000140006e38 f   libucrt:initialization.obj
 0001:00005e4c       terminate                  0000000140006e4c f   libucrt:terminate.obj
 0001:00005e74       _free_base                 0000000140006e74 f   libucrt:free_base.obj
 0001:00005eb4       _malloc_base               0000000140006eb4 f   libucrt:malloc_base.obj
 0001:00005f14       strcpy_s                   0000000140006f14 f   libucrt:strcpy_s.obj
 0001:00005f74       abort                      0000000140006f74 f   libucrt:abort.obj
 0001:00005fcc       _calloc_base               0000000140006fcc f   libucrt:calloc_base.obj
 0001:00006044       ??0_LocaleUpdate@@QEAA@QEAU__crt_locale_pointers@@@Z 0000000140007044 f i libucrt:output.obj
 0001:000060e0       __acrt_initialize_fma3     00000001400070e0 f   libucrt:fma3_available.obj
 0001:00006150       __remainder_piby2d2f_forC  0000000140007150 f   libucrt:remainder_piby2f_forc.obj
 0001:00006368       _sinf_special              0000000140007368 f   libucrt:sincos_special.obj
 0001:0000637c       ??$?RV<lambda_46352004c1216016012b18bd6f87e700>@@AEAV<lambda_3bd07e1a1191394380780325891bf33f>@@V<lambda_334532d3f185bcaa59b5be82d7d22bff>@@@?$__crt_seh_guarded_call@X@@QEAAX$$QEAV<lambda_46352004c1216016012b18bd6f87e700>@@AEAV<lambda_3bd07e1a1191394380780325891bf33f>@@$$QEAV<lambda_334532d3f185bcaa59b5be82d7d22bff>@@@Z 000000014000737c f i libucrt:per_thread_data.obj
 0001:000063dc       ??$?RV<lambda_5e887d1dcbef67a5eb4283622ba103bf>@@AEAV<lambda_4466841279450cc726390878d4a41900>@@V<lambda_341c25c0346d94847f1f3c463c57e077>@@@?$__crt_seh_guarded_call@X@@QEAAX$$QEAV<lambda_5e887d1dcbef67a5eb4283622ba103bf>@@AEAV<lambda_4466841279450cc726390878d4a41900>@@$$QEAV<lambda_341c25c0346d94847f1f3c463c57e077>@@@Z 00000001400073dc f i libucrt:per_thread_data.obj
 0001:00006424       ??$?RV<lambda_72d1df2b273a38828b1ce30cbf4cdab5>@@AEAV<lambda_876a65b173b8412d3a47c70a915b0cf4>@@V<lambda_41932305e351933ebe8f8be3ed8bb5dc>@@@?$__crt_seh_guarded_call@X@@QEAAX$$QEAV<lambda_72d1df2b273a38828b1ce30cbf4cdab5>@@AEAV<lambda_876a65b173b8412d3a47c70a915b0cf4>@@$$QEAV<lambda_41932305e351933ebe8f8be3ed8bb5dc>@@@Z 0000000140007424 f i libucrt:per_thread_data.obj
 0001:00006464       ??$?RV<lambda_fb3a7dec4e47f37f22dae91bb15c9095>@@AEAV<lambda_698284760c8add0bfb0756c19673e34b>@@V<lambda_dfb8eca1e75fef3034a8fb18dd509707>@@@?$__crt_seh_guarded_call@X@@QEAAX$$QEAV<lambda_fb3a7dec4e47f37f22dae91bb15c9095>@@AEAV<lambda_698284760c8add0bfb0756c19673e34b>@@$$QEAV<lambda_dfb8eca1e75fef3034a8fb18dd509707>@@@Z 0000000140007464 f i libucrt:per_thread_data.obj
 0001:000066f4       __acrt_getptd              00000001400076f4 f   libucrt:per_thread_data.obj
 0001:00006788       __acrt_getptd_noexit       0000000140007788 f   libucrt:per_thread_data.obj
 0001:00006828       __acrt_initialize_ptd      0000000140007828 f   libucrt:per_thread_data.obj
 0001:00006864       __acrt_uninitialize_ptd    0000000140007864 f   libucrt:per_thread_data.obj
 0001:00006888       __acrt_call_reportfault    0000000140007888 f   libucrt:invalid_parameter.obj
 0001:000069e4       __acrt_initialize_invalid_parameter_handler 00000001400079e4 f   libucrt:invalid_parameter.obj
 0001:000069ec       _invalid_parameter         00000001400079ec f   libucrt:invalid_parameter.obj
 0001:00006a94       _invalid_parameter_noinfo  0000000140007a94 f   libucrt:invalid_parameter.obj
 0001:00006ab4       _invoke_watson             0000000140007ab4 f   libucrt:invalid_parameter.obj
 0001:00006afc       __acrt_errno_from_os_error 0000000140007afc f   libucrt:errno.obj
 0001:00006b44       __acrt_errno_map_os_error  0000000140007b44 f   libucrt:errno.obj
 0001:00006b94       __doserrno                 0000000140007b94 f   libucrt:errno.obj
 0001:00006bb4       _errno                     0000000140007bb4 f   libucrt:errno.obj
 0001:000070b0       ?expand_if_necessary@?$argument_list@D@?A0xca0879c4@@AEAAHXZ 00000001400080b0 f i libucrt:argv_wildcards.obj
 0001:00007178       __acrt_expand_narrow_argv_wildcards 0000000140008178 f   libucrt:argv_wildcards.obj
 0001:00007180       ??$?RV<lambda_99476a1ad63dd22509b5d3e65b0ffc95>@@AEAV<lambda_ad1ced32f4ac17aa236e5ef05d6b3b7c>@@V<lambda_f7424dd8d45958661754dc4f2697e9c3>@@@?$__crt_seh_guarded_call@X@@QEAAX$$QEAV<lambda_99476a1ad63dd22509b5d3e65b0ffc95>@@AEAV<lambda_ad1ced32f4ac17aa236e5ef05d6b3b7c>@@$$QEAV<lambda_f7424dd8d45958661754dc4f2697e9c3>@@@Z 0000000140008180 f i libucrt:mbctype.obj
 0001:0000787c       __acrt_initialize_multibyte 000000014000887c f   libucrt:mbctype.obj
 0001:000078a4       __acrt_update_thread_multibyte_data 00000001400088a4 f   libucrt:mbctype.obj
 0001:00007964       _setmbcp_nolock            0000000140008964 f   libucrt:mbctype.obj
 0001:00007c84       _ismbblead                 0000000140008c84 f   libucrt:ismbbyte.obj
 0001:00007c98       __acrt_initialize_command_line 0000000140008c98 f   libucrt:argv_data.obj
 0001:00007cc0       __dcrt_get_narrow_environment_from_os 0000000140008cc0 f   libucrt:get_environment_from_os.obj
 0001:00007dc4       __acrt_initialize_locks    0000000140008dc4 f   libucrt:locks.obj
 0001:00007e0c       __acrt_lock                0000000140008e0c f   libucrt:locks.obj
 0001:00007e28       __acrt_uninitialize_locks  0000000140008e28 f   libucrt:locks.obj
 0001:00007e60       __acrt_unlock              0000000140008e60 f   libucrt:locks.obj
 0001:0000801c       __acrt_FlsAlloc            000000014000901c f   libucrt:winapi_thunks.obj
 0001:00008074       __acrt_FlsFree             0000000140009074 f   libucrt:winapi_thunks.obj
 0001:000080cc       __acrt_FlsGetValue         00000001400090cc f   libucrt:winapi_thunks.obj
 0001:00008124       __acrt_FlsSetValue         0000000140009124 f   libucrt:winapi_thunks.obj
 0001:0000818c       __acrt_InitializeCriticalSectionEx 000000014000918c f   libucrt:winapi_thunks.obj
 0001:00008204       __acrt_LCMapStringEx       0000000140009204 f   libucrt:winapi_thunks.obj
 0001:000082f4       __acrt_LocaleNameToLCID    00000001400092f4 f   libucrt:winapi_thunks.obj
 0001:0000835c       __acrt_initialize_winapi_thunks 000000014000935c f   libucrt:winapi_thunks.obj
 0001:00008394       __acrt_is_packaged_app     0000000140009394 f   libucrt:winapi_thunks.obj
 0001:0000841c       __acrt_uninitialize_winapi_thunks 000000014000941c f   libucrt:winapi_thunks.obj
 0001:00008460       __acrt_lowio_create_handle_array 0000000140009460 f   libucrt:osfinfo.obj
 0001:000084f8       __acrt_lowio_destroy_handle_array 00000001400094f8 f   libucrt:osfinfo.obj
 0001:00008548       __acrt_lowio_ensure_fh_exists 0000000140009548 f   libucrt:osfinfo.obj
 0001:00008600       __acrt_lowio_lock_fh       0000000140009600 f   libucrt:osfinfo.obj
 0001:00008624       __acrt_lowio_unlock_fh     0000000140009624 f   libucrt:osfinfo.obj
 0001:00008648       _free_osfhnd               0000000140009648 f   libucrt:osfinfo.obj
 0001:00008704       _get_osfhandle             0000000140009704 f   libucrt:osfinfo.obj
 0001:00008964       __acrt_initialize_lowio    0000000140009964 f   libucrt:ioinit.obj
 0001:000089a0       __acrt_uninitialize_lowio  00000001400099a0 f   libucrt:ioinit.obj
 0001:000089e0       __acrt_locale_free_monetary 00000001400099e0 f   libucrt:initmon.obj
 0001:00008aec       __acrt_locale_free_numeric 0000000140009aec f   libucrt:initnum.obj
 0001:00008bb0       __acrt_locale_free_time    0000000140009bb0 f   libucrt:inittime.obj
 0001:00008cb8       __pctype_func              0000000140009cb8 f   libucrt:ctype.obj
 0001:00008ce8       __acrt_GetStringTypeA      0000000140009ce8 f   libucrt:getstringtypea.obj
 0001:00008e9c       __acrt_add_locale_ref      0000000140009e9c f   libucrt:locale_refcounting.obj
 0001:00008f28       __acrt_free_locale         0000000140009f28 f   libucrt:locale_refcounting.obj
 0001:000090a0       __acrt_locale_add_lc_time_reference 000000014000a0a0 f   libucrt:locale_refcounting.obj
 0001:000090c8       __acrt_locale_free_lc_time_if_unreferenced 000000014000a0c8 f   libucrt:locale_refcounting.obj
 0001:00009100       __acrt_locale_release_lc_time_reference 000000014000a100 f   libucrt:locale_refcounting.obj
 0001:00009128       __acrt_release_locale_ref  000000014000a128 f   libucrt:locale_refcounting.obj
 0001:000091d0       __acrt_update_thread_locale_data 000000014000a1d0 f   libucrt:locale_refcounting.obj
 0001:00009240       _updatetlocinfoEx_nolock   000000014000a240 f   libucrt:locale_refcounting.obj
 0001:000092a8       _recalloc                  000000014000a2a8 f   libucrt:recalloc.obj
 0001:000092b0       _recalloc_base             000000014000a2b0 f   libucrt:recalloc.obj
 0001:00009348       __acrt_initialize_heap     000000014000a348 f   libucrt:heap_handle.obj
 0001:00009364       __acrt_uninitialize_heap   000000014000a364 f   libucrt:heap_handle.obj
 0001:00009370       __acrt_execute_initializers 000000014000a370 f   libucrt:shared_initialization.obj
 0001:00009404       __acrt_execute_uninitializers 000000014000a404 f   libucrt:shared_initialization.obj
 0001:00009454       __acrt_initialize_new_handler 000000014000a454 f   libucrt:new_handler.obj
 0001:0000945c       _callnewh                  000000014000a45c f   libucrt:new_handler.obj
 0001:0000949c       _query_new_handler         000000014000a49c f   libucrt:new_handler.obj
 0001:000094d0       ??$?RV<lambda_c36588078e9f5dfd39652860aa6b3aaf>@@AEAV<lambda_ec61778202f4f5fc7e7711acc23c3bca>@@V<lambda_dc9d2797ccde5d239b4a0efae8ebd7db>@@@?$__crt_seh_guarded_call@P6AXH@Z@@QEAAP6AXH@Z$$QEAV<lambda_c36588078e9f5dfd39652860aa6b3aaf>@@AEAV<lambda_ec61778202f4f5fc7e7711acc23c3bca>@@$$QEAV<lambda_dc9d2797ccde5d239b4a0efae8ebd7db>@@@Z 000000014000a4d0 f i libucrt:signal.obj
 0001:00009518       __acrt_get_sigabrt_handler 000000014000a518 f   libucrt:signal.obj
 0001:00009548       __acrt_initialize_signal_handlers 000000014000a548 f   libucrt:signal.obj
 0001:00009568       raise                      000000014000a568 f   libucrt:signal.obj
 0001:00009804       _mbtowc_l                  000000014000a804 f   libucrt:mbtowc.obj
 0001:0000994c       mbtowc                     000000014000a94c f   libucrt:mbtowc.obj
 0001:00009954       __acrt_update_locale_info  000000014000a954 f   libucrt:locale_update.obj
 0001:00009988       __acrt_update_multibyte_info 000000014000a988 f   libucrt:locale_update.obj
 0001:000099bc       _fileno                    000000014000a9bc f   libucrt:fileno.obj
 0001:000099e4       __acrt_initialize_stdio    000000014000a9e4 f   libucrt:_file.obj
 0001:00009b04       __acrt_uninitialize_stdio  000000014000ab04 f   libucrt:_file.obj
 0001:00009b60       _lock_file                 000000014000ab60 f   libucrt:_file.obj
 0001:00009b6c       _unlock_file               000000014000ab6c f   libucrt:_file.obj
 0001:00009c9c       _handle_error              000000014000ac9c f   libucrt:libm_error.obj
 0001:00009dc4       _handle_errorf             000000014000adc4 f   libucrt:libm_error.obj
 0001:00009fd0       qsort                      000000014000afd0 f   libucrt:qsort.obj
 0001:0000a304       strncpy_s                  000000014000b304 f   libucrt:strncpy_s.obj
 0001:0000a3d8       strpbrk                    000000014000b3d8 f   libucrt:strpbrk.obj
 0001:0000a478       _mbsdec                    000000014000b478 f   libucrt:mbsdec.obj
 0001:0000a480       _mbsdec_l                  000000014000b480 f   libucrt:mbsdec.obj
 0001:0000a88c       __acrt_LCMapStringA        000000014000b88c f   libucrt:lcmapstringa.obj
 0001:0000a9ec       __acrt_DownlevelLocaleNameToLCID 000000014000b9ec f   libucrt:lcidtoname_downlevel.obj
 0001:0000aa20       _msize                     000000014000ba20 f   libucrt:msize.obj
 0001:0000aa5c       _realloc_base              000000014000ba5c f   libucrt:realloc_base.obj
 0001:0000aae0       _isatty                    000000014000bae0 f   libucrt:isatty.obj
 0001:0000ab40       __acrt_stdio_flush_nolock  000000014000bb40 f   libucrt:fflush.obj
 0001:0000abb8       _fflush_nolock             000000014000bbb8 f   libucrt:fflush.obj
 0001:0000ac04       _flushall                  000000014000bc04 f   libucrt:fflush.obj
 0001:0000acf4       _isleadbyte_l              000000014000bcf4 f i libucrt:_wctype.obj
 0001:0000ad34       _fcloseall                 000000014000bd34 f   libucrt:closeall.obj
 0001:0000ade8       __acrt_stdio_free_buffer_nolock 000000014000bde8 f   libucrt:_freebuf.obj
 0001:0000ae28       _raise_exc                 000000014000be28 f   libucrt:fpexcept.obj
 0001:0000ae50       _raise_exc_ex              000000014000be50 f   libucrt:fpexcept.obj
 0001:0000b158       _raise_excf                000000014000c158 f   libucrt:fpexcept.obj
 0001:0000b184       _set_errno_from_matherr    000000014000c184 f   libucrt:fpexcept.obj
 0001:0000b1b4       _clrfp                     000000014000c1b4 f   libucrt:fpctrl.obj
 0001:0000b1d4       _ctrlfp                    000000014000c1d4 f   libucrt:fpctrl.obj
 0001:0000b250       _set_statfp                000000014000c250 f   libucrt:fpctrl.obj
 0001:0000b270       _statfp                    000000014000c270 f   libucrt:fpctrl.obj
 0001:0000b284       __strncnt                  000000014000c284 f   libucrt:strncnt.obj
 0001:0000b29c       ??$?RV<lambda_b521505b218e5242e90febf6bfebc422>@@AEAV<lambda_6978c1fb23f02e42e1d9e99668cc68aa>@@V<lambda_314360699dd331753a4119843814e9a7>@@@?$__crt_seh_guarded_call@H@@QEAAH$$QEAV<lambda_b521505b218e5242e90febf6bfebc422>@@AEAV<lambda_6978c1fb23f02e42e1d9e99668cc68aa>@@$$QEAV<lambda_314360699dd331753a4119843814e9a7>@@@Z 000000014000c29c f i libucrt:commit.obj
 0001:0000b328       _commit                    000000014000c328 f   libucrt:commit.obj
 0001:0000b95c       _write                     000000014000c95c f   libucrt:write.obj
 0001:0000ba48       _write_nolock              000000014000ca48 f   libucrt:write.obj
 0001:0000bd30       log10                      000000014000cd30 f   libucrt:log10.obj
 0001:0000c378       _lseeki64_nolock           000000014000d378 f   libucrt:lseek.obj
 0001:0000c380       _fclose_nolock             000000014000d380 f   libucrt:fclose.obj
 0001:0000c404       fclose                     000000014000d404 f   libucrt:fclose.obj
 0001:0000c480       _get_fpsr                  000000014000d480 f   libucrt:fpsr.obj
 0001:0000c490       _set_fpsr                  000000014000d490 f   libucrt:fpsr.obj
 0001:0000c49a       _fclrf                     000000014000d49a f   libucrt:fpsr.obj
 0001:0000c4ae       _frnd                      000000014000d4ae f   libucrt:fpsr.obj
 0001:0000c4d0       _putwch_nolock             000000014000d4d0 f   libucrt:putwch.obj
 0001:0000c530       _log10_special             000000014000d530 f   libucrt:log_special.obj
 0001:0000c5e8       ??$?RV<lambda_bfedae4ebbf01fab1bb6dcc6a9e276e0>@@AEAV<lambda_2fe9b910cf3cbf4a0ab98a02ba45b3ec>@@V<lambda_237c231691f317818eb88cc1d5d642d6>@@@?$__crt_seh_guarded_call@H@@QEAAH$$QEAV<lambda_bfedae4ebbf01fab1bb6dcc6a9e276e0>@@AEAV<lambda_2fe9b910cf3cbf4a0ab98a02ba45b3ec>@@$$QEAV<lambda_237c231691f317818eb88cc1d5d642d6>@@@Z 000000014000d5e8 f i libucrt:close.obj
 0001:0000c65c       _close                     000000014000d65c f   libucrt:close.obj
 0001:0000c700       _close_nolock              000000014000d700 f   libucrt:close.obj
 0001:0000c7bc       ?__acrt_stdio_free_stream@@YAXV__crt_stdio_stream@@@Z 000000014000d7bc f   libucrt:stream.obj
 0001:0000c800       __dcrt_lowio_initialize_console_output 000000014000d800 f   libucrt:initcon.obj
 0001:0000c83c       __dcrt_terminate_console_output 000000014000d83c f   libucrt:initcon.obj
 0001:0000c860       _FindPESection             000000014000d860 f   LIBCMT:pesect.obj
 0001:0000c8b0       _IsNonwritableInCurrentImage 000000014000d8b0 f   LIBCMT:pesect.obj
 0001:0000c900       _ValidateImageBase         000000014000d900 f   LIBCMT:pesect.obj
 0001:0000c940       _alloca_probe              000000014000d940 f   LIBCMT:_chkstk_.obj
 0001:0000c940       __chkstk                   000000014000d940 f   LIBCMT:_chkstk_.obj
 0001:0000c992       RtlUnwindEx                000000014000d992 f   kernel32:KERNEL32.dll
 0001:0000c998       SystemFunction036          000000014000d998 f   advapi32:ADVAPI32.dll
 0001:0000c9b0       memcmp                     000000014000d9b0 f   libvcruntime:memcmp.obj
 0001:0000ca90       memmove                    000000014000da90 f   libvcruntime:memcpy.obj
 0001:0000ca90       memcpy                     000000014000da90 f   libvcruntime:memcpy.obj
 0001:0000cee0       _guard_dispatch_icall_nop  000000014000dee0 f   LIBCMT:_guard_dispatch_.obj
 0002:00000000       __imp_SystemFunction036    000000014000f000     advapi32:ADVAPI32.dll
 0002:00000008       \177ADVAPI32_NULL_THUNK_DATA 000000014000f008     advapi32:ADVAPI32.dll
 0002:00000010       __imp_StretchDIBits        000000014000f010     gdi32:GDI32.dll
 0002:00000018       \177GDI32_NULL_THUNK_DATA  000000014000f018     gdi32:GDI32.dll
 0002:00000020       __imp_SetFilePointerEx     000000014000f020     kernel32:KERNEL32.dll
 0002:00000028       __imp_GetConsoleMode       000000014000f028     kernel32:KERNEL32.dll
 0002:00000030       __imp_WriteConsoleW        000000014000f030     kernel32:KERNEL32.dll
 0002:00000038       __imp_FlushFileBuffers     000000014000f038     kernel32:KERNEL32.dll
 0002:00000040       __imp_RaiseException       000000014000f040     kernel32:KERNEL32.dll
 0002:00000048       __imp_HeapReAlloc          000000014000f048     kernel32:KERNEL32.dll
 0002:00000050       __imp_HeapSize             000000014000f050     kernel32:KERNEL32.dll
 0002:00000058       __imp_CreateFileW          000000014000f058     kernel32:KERNEL32.dll
 0002:00000060       __imp_GetConsoleCP         000000014000f060     kernel32:KERNEL32.dll
 0002:00000068       __imp_GetProcessHeap       000000014000f068     kernel32:KERNEL32.dll
 0002:00000070       __imp_CreateFileA          000000014000f070     kernel32:KERNEL32.dll
 0002:00000078       __imp_GetFileSizeEx        000000014000f078     kernel32:KERNEL32.dll
 0002:00000080       __imp_ReadFile             000000014000f080     kernel32:KERNEL32.dll
 0002:00000088       __imp_WriteFile            000000014000f088     kernel32:KERNEL32.dll
 0002:00000090       __imp_OutputDebugStringA   000000014000f090     kernel32:KERNEL32.dll
 0002:00000098       __imp_CloseHandle          000000014000f098     kernel32:KERNEL32.dll
 0002:000000a0       __imp_QueryPerformanceCounter 000000014000f0a0     kernel32:KERNEL32.dll
 0002:000000a8       __imp_QueryPerformanceFrequency 000000014000f0a8     kernel32:KERNEL32.dll
 0002:000000b0       __imp_Sleep                000000014000f0b0     kernel32:KERNEL32.dll
 0002:000000b8       __imp_VirtualAlloc         000000014000f0b8     kernel32:KERNEL32.dll
 0002:000000c0       __imp_VirtualFree          000000014000f0c0     kernel32:KERNEL32.dll
 0002:000000c8       __imp_GetProcAddress       000000014000f0c8     kernel32:KERNEL32.dll
 0002:000000d0       __imp_LoadLibraryA         000000014000f0d0     kernel32:KERNEL32.dll
 0002:000000d8       __imp_RtlCaptureContext    000000014000f0d8     kernel32:KERNEL32.dll
 0002:000000e0       __imp_RtlLookupFunctionEntry 000000014000f0e0     kernel32:KERNEL32.dll
 0002:000000e8       __imp_RtlVirtualUnwind     000000014000f0e8     kernel32:KERNEL32.dll
 0002:000000f0       __imp_UnhandledExceptionFilter 000000014000f0f0     kernel32:KERNEL32.dll
 0002:000000f8       __imp_SetUnhandledExceptionFilter 000000014000f0f8     kernel32:KERNEL32.dll
 0002:00000100       __imp_GetCurrentProcess    000000014000f100     kernel32:KERNEL32.dll
 0002:00000108       __imp_TerminateProcess     000000014000f108     kernel32:KERNEL32.dll
 0002:00000110       __imp_IsProcessorFeaturePresent 000000014000f110     kernel32:KERNEL32.dll
 0002:00000118       __imp_GetCurrentProcessId  000000014000f118     kernel32:KERNEL32.dll
 0002:00000120       __imp_GetCurrentThreadId   000000014000f120     kernel32:KERNEL32.dll
 0002:00000128       __imp_GetSystemTimeAsFileTime 000000014000f128     kernel32:KERNEL32.dll
 0002:00000130       __imp_InitializeSListHead  000000014000f130     kernel32:KERNEL32.dll
 0002:00000138       __imp_IsDebuggerPresent    000000014000f138     kernel32:KERNEL32.dll
 0002:00000140       __imp_GetStartupInfoW      000000014000f140     kernel32:KERNEL32.dll
 0002:00000148       __imp_GetModuleHandleW     000000014000f148     kernel32:KERNEL32.dll
 0002:00000150       __imp_GetLastError         000000014000f150     kernel32:KERNEL32.dll
 0002:00000158       __imp_GetModuleFileNameW   000000014000f158     kernel32:KERNEL32.dll
 0002:00000160       __imp_RtlUnwindEx          000000014000f160     kernel32:KERNEL32.dll
 0002:00000168       __imp_InitializeCriticalSectionAndSpinCount 000000014000f168     kernel32:KERNEL32.dll
 0002:00000170       __imp_TlsAlloc             000000014000f170     kernel32:KERNEL32.dll
 0002:00000178       __imp_TlsGetValue          000000014000f178     kernel32:KERNEL32.dll
 0002:00000180       __imp_TlsSetValue          000000014000f180     kernel32:KERNEL32.dll
 0002:00000188       __imp_TlsFree              000000014000f188     kernel32:KERNEL32.dll
 0002:00000190       __imp_FreeLibrary          000000014000f190     kernel32:KERNEL32.dll
 0002:00000198       __imp_LoadLibraryExW       000000014000f198     kernel32:KERNEL32.dll
 0002:000001a0       __imp_SetLastError         000000014000f1a0     kernel32:KERNEL32.dll
 0002:000001a8       __imp_EnterCriticalSection 000000014000f1a8     kernel32:KERNEL32.dll
 0002:000001b0       __imp_LeaveCriticalSection 000000014000f1b0     kernel32:KERNEL32.dll
 0002:000001b8       __imp_DeleteCriticalSection 000000014000f1b8     kernel32:KERNEL32.dll
 0002:000001c0       __imp_GetStdHandle         000000014000f1c0     kernel32:KERNEL32.dll
 0002:000001c8       __imp_GetModuleFileNameA   000000014000f1c8     kernel32:KERNEL32.dll
 0002:000001d0       __imp_MultiByteToWideChar  000000014000f1d0     kernel32:KERNEL32.dll
 0002:000001d8       __imp_WideCharToMultiByte  000000014000f1d8     kernel32:KERNEL32.dll
 0002:000001e0       __imp_ExitProcess          000000014000f1e0     kernel32:KERNEL32.dll
 0002:000001e8       __imp_GetModuleHandleExW   000000014000f1e8     kernel32:KERNEL32.dll
 0002:000001f0       __imp_GetACP               000000014000f1f0     kernel32:KERNEL32.dll
 0002:000001f8       __imp_HeapFree             000000014000f1f8     kernel32:KERNEL32.dll
 0002:00000200       __imp_HeapAlloc            000000014000f200     kernel32:KERNEL32.dll
 0002:00000208       __imp_FindClose            000000014000f208     kernel32:KERNEL32.dll
 0002:00000210       __imp_FindFirstFileExA     000000014000f210     kernel32:KERNEL32.dll
 0002:00000218       __imp_FindNextFileA        000000014000f218     kernel32:KERNEL32.dll
 0002:00000220       __imp_IsValidCodePage      000000014000f220     kernel32:KERNEL32.dll
 0002:00000228       __imp_GetOEMCP             000000014000f228     kernel32:KERNEL32.dll
 0002:00000230       __imp_GetCPInfo            000000014000f230     kernel32:KERNEL32.dll
 0002:00000238       __imp_GetCommandLineA      000000014000f238     kernel32:KERNEL32.dll
 0002:00000240       __imp_GetCommandLineW      000000014000f240     kernel32:KERNEL32.dll
 0002:00000248       __imp_GetEnvironmentStringsW 000000014000f248     kernel32:KERNEL32.dll
 0002:00000250       __imp_FreeEnvironmentStringsW 000000014000f250     kernel32:KERNEL32.dll
 0002:00000258       __imp_LCMapStringW         000000014000f258     kernel32:KERNEL32.dll
 0002:00000260       __imp_SetStdHandle         000000014000f260     kernel32:KERNEL32.dll
 0002:00000268       __imp_GetFileType          000000014000f268     kernel32:KERNEL32.dll
 0002:00000270       __imp_GetStringTypeW       000000014000f270     kernel32:KERNEL32.dll
 0002:00000278       \177KERNEL32_NULL_THUNK_DATA 000000014000f278     kernel32:KERNEL32.dll
 0002:00000280       __imp_GetDC                000000014000f280     user32:USER32.dll
 0002:00000288       __imp_DispatchMessageA     000000014000f288     user32:USER32.dll
 0002:00000290       __imp_GetClientRect        000000014000f290     user32:USER32.dll
 0002:00000298       __imp_EndPaint             000000014000f298     user32:USER32.dll
 0002:000002a0       __imp_BeginPaint           000000014000f2a0     user32:USER32.dll
 0002:000002a8       __imp_TranslateMessage     000000014000f2a8     user32:USER32.dll
 0002:000002b0       __imp_CreateWindowExA      000000014000f2b0     user32:USER32.dll
 0002:000002b8       __imp_RegisterClassA       000000014000f2b8     user32:USER32.dll
 0002:000002c0       __imp_DefWindowProcA       000000014000f2c0     user32:USER32.dll
 0002:000002c8       __imp_PeekMessageA         000000014000f2c8     user32:USER32.dll
 0002:000002d0       \177USER32_NULL_THUNK_DATA 000000014000f2d0     user32:USER32.dll
 0002:000002d8       __imp_timeBeginPeriod      000000014000f2d8     winmm:WINMM.dll
 0002:000002e0       \177WINMM_NULL_THUNK_DATA  000000014000f2e0     winmm:WINMM.dll
 0002:000002e8       __guard_check_icall_fptr   000000014000f2e8     LIBCMT:guard_support.obj
 0002:000002f0       __guard_dispatch_icall_fptr 000000014000f2f0     LIBCMT:guard_support.obj
 0002:000002f8       __xc_a                     000000014000f2f8     LIBCMT:initializers.obj
 0002:00000308       __xc_z                     000000014000f308     LIBCMT:initializers.obj
 0002:00000310       __xi_a                     000000014000f310     LIBCMT:initializers.obj
 0002:00000328       __acrt_tran_fma3_initializer 000000014000f328     libucrt:fma3_initializer.obj
 0002:00000330       __acrt_multibyte_initializer 000000014000f330     libucrt:multibyte_initializer.obj
 0002:00000338       __acrt_stdio_initializer   000000014000f338     libucrt:stdio_initializer.obj
 0002:00000340       __xi_z                     000000014000f340     LIBCMT:initializers.obj
 0002:00000348       __xp_a                     000000014000f348     LIBCMT:initializers.obj
 0002:00000350       __acrt_locale_terminator   000000014000f350     libucrt:locale_initializer.obj
 0002:00000358       __dcrt_console_output_terminator 000000014000f358     libucrt:console_output_initializer.obj
 0002:00000360       __acrt_stdio_terminator    000000014000f360     libucrt:stdio_initializer.obj
 0002:00000368       __xp_z                     000000014000f368     LIBCMT:initializers.obj
 0002:00000370       __xt_a                     000000014000f370     LIBCMT:initializers.obj
 0002:00000378       __xt_z                     000000014000f378     LIBCMT:initializers.obj
 0002:00000470       __real@00000000            000000014000f470     win32_handmade.obj
 0002:00000474       __real@3d088889            000000014000f474     win32_handmade.obj
 0002:00000478       __real@3f000000            000000014000f478     win32_handmade.obj
 0002:0000047c       __real@3f800000            000000014000f47c     win32_handmade.obj
 0002:00000480       __real@40800000            000000014000f480     win32_handmade.obj
 0002:00000484       __real@40c90fdb            000000014000f484     win32_handmade.obj
 0002:00000488       __real@412e848000000000    000000014000f488     win32_handmade.obj
 0002:00000490       __real@43000000            000000014000f490     win32_handmade.obj
 0002:00000498       __real@43f0000000000000    000000014000f498     win32_handmade.obj
 0002:000004a0       __real@447a0000            000000014000f4a0     win32_handmade.obj
 0002:000004a4       __real@46fffe00            000000014000f4a4     win32_handmade.obj
 0002:000004a8       __real@47000000            000000014000f4a8     win32_handmade.obj
 0002:000004ac       __real@bf800000            000000014000f4ac     win32_handmade.obj
 0002:000004b0       __xmm@80000000800000008000000080000000 000000014000f4b0     win32_handmade.obj
 0002:000004d0       _Microsoft_CRTProvider     000000014000f4d0     libvcruntime:telemetry.obj
 0002:000004d8       ??_C@_00CNPNBAHC@?$AA@     000000014000f4d8     libvcruntime:telemetry.obj
 0002:000004dc       ??_C@_11LOCGONAA@?$AA?$AA@ 000000014000f4dc     libvcruntime:telemetry.obj
 0002:000004e0       ??_C@_0O@JEOPJOMI@Main?5Invoked?4?$AA@ 000000014000f4e0     libvcruntime:telemetry.obj
 0002:000004f0       ??_C@_0P@NEAEIBDO@Main?5Returned?4?$AA@ 000000014000f4f0     libvcruntime:telemetry.obj
 0002:00000520       ??_C@_1BC@DNHGCMLG@?$AAa?$AAd?$AAv?$AAa?$AAp?$AAi?$AA3?$AA2?$AA?$AA@ 000000014000f520     libvcruntime:winapi_downlevel.obj
 0002:00000538       ??_C@_1DM@KHCHBNEB@?$AAa?$AAp?$AAi?$AA?9?$AAm?$AAs?$AA?9?$AAw?$AAi?$AAn?$AA?9?$AAc?$AAo?$AAr?$AAe?$AA?9?$AAf?$AAi?$AAb?$AAe?$AAr?$AAs?$AA?9?$AAl?$AA1?$AA?9?$AA1?$AA?9?$AA1?$AA?$AA@ 000000014000f538     libvcruntime:winapi_downlevel.obj
 0002:00000578       ??_C@_1DK@LPPGFMPP@?$AAa?$AAp?$AAi?$AA?9?$AAm?$AAs?$AA?9?$AAw?$AAi?$AAn?$AA?9?$AAc?$AAo?$AAr?$AAe?$AA?9?$AAs?$AAy?$AAn?$AAc?$AAh?$AA?9?$AAl?$AA1?$AA?9?$AA2?$AA?9?$AA0?$AA?$AA@ 000000014000f578     libvcruntime:winapi_downlevel.obj
 0002:000005b8       ??_C@_1BC@GDMECMAK@?$AAk?$AAe?$AAr?$AAn?$AAe?$AAl?$AA3?$AA2?$AA?$AA@ 000000014000f5b8     libvcruntime:winapi_downlevel.obj
 0002:000005d0       ??_C@_0O@BAMBGLIE@EventRegister?$AA@ 000000014000f5d0     libvcruntime:winapi_downlevel.obj
 0002:000005e8       ??_C@_0BE@BJEEGHGK@EventSetInformation?$AA@ 000000014000f5e8     libvcruntime:winapi_downlevel.obj
 0002:00000600       ??_C@_0BA@FAKLIPIC@EventUnregister?$AA@ 000000014000f600     libvcruntime:winapi_downlevel.obj
 0002:00000618       ??_C@_0BD@PKLHJPHD@EventWriteTransfer?$AA@ 000000014000f618     libvcruntime:winapi_downlevel.obj
 0002:00000638       ??_C@_08KNHFBNJ@FlsAlloc?$AA@ 000000014000f638     libvcruntime:winapi_downlevel.obj
 0002:00000650       ??_C@_07PEJMOBNF@FlsFree?$AA@ 000000014000f650     libvcruntime:winapi_downlevel.obj
 0002:00000658       ??_C@_0M@GDNOONDI@FlsGetValue?$AA@ 000000014000f658     libvcruntime:winapi_downlevel.obj
 0002:00000670       ??_C@_0M@JCPCPOEF@FlsSetValue?$AA@ 000000014000f670     libvcruntime:winapi_downlevel.obj
 0002:00000688       ??_C@_0BM@HCFOFFN@InitializeCriticalSectionEx?$AA@ 000000014000f688     libvcruntime:winapi_downlevel.obj
 0002:000006a4       ??_C@_01JOAMLHOP@?9?$AA@   000000014000f6a4     libvcruntime:undname.obj
 0002:000006a8       ??_C@_01MIFGBAGJ@?$CL?$AA@ 000000014000f6a8     libvcruntime:undname.obj
 0002:000006ac       ??_C@_01HNPIGOCE@?$CG?$AA@ 000000014000f6ac     libvcruntime:undname.obj
 0002:000006b0       ??_C@_03MNHNFDLC@?9?$DO?$CK?$AA@ 000000014000f6b0     libvcruntime:undname.obj
 0002:000006b4       ??_C@_01KMDKNFGN@?1?$AA@   000000014000f6b4     libvcruntime:undname.obj
 0002:000006b8       ??_C@_01FGNFDNOH@?$CF?$AA@ 000000014000f6b8     libvcruntime:undname.obj
 0002:000006bc       ??_C@_01MNNFJEPP@?$DM?$AA@ 000000014000f6bc     libvcruntime:undname.obj
 0002:000006c0       ??_C@_02EHCHHCKH@?$DM?$DN?$AA@ 000000014000f6c0     libvcruntime:undname.obj
 0002:000006c4       ??_C@_01PPODPGHN@?$DO?$AA@ 000000014000f6c4     libvcruntime:undname.obj
 0002:000006c8       ??_C@_02EEKDKGMJ@?$DO?$DN?$AA@ 000000014000f6c8     libvcruntime:undname.obj
 0002:000006cc       ??_C@_01IHBHIGKO@?0?$AA@   000000014000f6cc     libvcruntime:undname.obj
 0002:000006d0       ??_C@_02HCKGKOFO@?$CI?$CJ?$AA@ 000000014000f6d0     libvcruntime:undname.obj
 0002:000006d4       ??_C@_01PJKLJHI@?$HO?$AA@  000000014000f6d4     libvcruntime:undname.obj
 0002:000006d8       ??_C@_01JKBOJNNK@?$FO?$AA@ 000000014000f6d8     libvcruntime:undname.obj
 0002:000006dc       ??_C@_01DNKMNLPK@?$HM?$AA@ 000000014000f6dc     libvcruntime:undname.obj
 0002:000006e0       ??_C@_02PPKAJPJL@?$CG?$CG?$AA@ 000000014000f6e0     libvcruntime:undname.obj
 0002:000006e4       ??_C@_02NONPIBCD@?$HM?$HM?$AA@ 000000014000f6e4     libvcruntime:undname.obj
 0002:000006e8       ??_C@_02FPIMKNGF@?$CK?$DN?$AA@ 000000014000f6e8     libvcruntime:undname.obj
 0002:000006ec       ??_C@_02FOEOMHFC@?$CL?$DN?$AA@ 000000014000f6ec     libvcruntime:undname.obj
 0002:000006f0       ??_C@_02FKMDLLOA@?9?$DN?$AA@ 000000014000f6f0     libvcruntime:undname.obj
 0002:000006f4       ??_C@_02FJEHGPIO@?1?$DN?$AA@ 000000014000f6f4     libvcruntime:undname.obj
 0002:000006f8       ??_C@_02FENAOKFI@?$CF?$DN?$AA@ 000000014000f6f8     libvcruntime:undname.obj
 0002:000006fc       ??_C@_03IKFCCPFF@?$DO?$DO?$DN?$AA@ 000000014000f6fc     libvcruntime:undname.obj
 0002:00000700       ??_C@_03CDNPDDLA@?$DM?$DM?$DN?$AA@ 000000014000f700     libvcruntime:undname.obj
 0002:00000704       ??_C@_02FGJGFEAB@?$CG?$DN?$AA@ 000000014000f704     libvcruntime:undname.obj
 0002:00000708       ??_C@_02DHLNPPGH@?$HM?$DN?$AA@ 000000014000f708     libvcruntime:undname.obj
 0002:0000070c       ??_C@_02MHEGNOJ@?$FO?$DN?$AA@ 000000014000f70c     libvcruntime:undname.obj
 0002:00000710       ??_C@_09IFPLHPGF@?$GAvftable?8?$AA@ 000000014000f710     libvcruntime:undname.obj
 0002:00000720       ??_C@_09BLBHBJP@?$GAvbtable?8?$AA@ 000000014000f720     libvcruntime:undname.obj
 0002:00000730       ??_C@_07FEEIOKP@?$GAvcall?8?$AA@ 000000014000f730     libvcruntime:undname.obj
 0002:00000738       ??_C@_08LLFFHHDJ@?$GAtypeof?8?$AA@ 000000014000f738     libvcruntime:undname.obj
 0002:00000748       ??_C@_0BF@KDPPACIK@?$GAlocal?5static?5guard?8?$AA@ 000000014000f748     libvcruntime:undname.obj
 0002:00000760       ??_C@_08OBABFOLI@?$GAstring?8?$AA@ 000000014000f760     libvcruntime:undname.obj
 0002:00000770       ??_C@_0BD@JDLKDPAB@?$GAvbase?5destructor?8?$AA@ 000000014000f770     libvcruntime:undname.obj
 0002:00000788       ??_C@_0BN@DEGPLNFK@?$GAvector?5deleting?5destructor?8?$AA@ 000000014000f788     libvcruntime:undname.obj
 0002:000007a8       ??_C@_0BO@OBMKPJIG@?$GAdefault?5constructor?5closure?8?$AA@ 000000014000f7a8     libvcruntime:undname.obj
 0002:000007c8       ??_C@_0BN@IMDCHIKM@?$GAscalar?5deleting?5destructor?8?$AA@ 000000014000f7c8     libvcruntime:undname.obj
 0002:000007e8       ??_C@_0BO@PFGOCPJJ@?$GAvector?5constructor?5iterator?8?$AA@ 000000014000f7e8     libvcruntime:undname.obj
 0002:00000808       ??_C@_0BN@LFPFMEDL@?$GAvector?5destructor?5iterator?8?$AA@ 000000014000f808     libvcruntime:undname.obj
 0002:00000828       ??_C@_0CE@IKBNEHA@?$GAvector?5vbase?5constructor?5iterat@ 000000014000f828     libvcruntime:undname.obj
 0002:00000850       ??_C@_0BL@NILFHHPC@?$GAvirtual?5displacement?5map?8?$AA@ 000000014000f850     libvcruntime:undname.obj
 0002:00000870       ??_C@_0CB@JONCMFFK@?$GAeh?5vector?5constructor?5iterator?8@ 000000014000f870     libvcruntime:undname.obj
 0002:00000898       ??_C@_0CA@GCEOPDGL@?$GAeh?5vector?5destructor?5iterator?8?$AA@ 000000014000f898     libvcruntime:undname.obj
 0002:000008b8       ??_C@_0CH@OOJPLCPH@?$GAeh?5vector?5vbase?5constructor?5ite@ 000000014000f8b8     libvcruntime:undname.obj
 0002:000008e0       ??_C@_0BL@LLKPOHJI@?$GAcopy?5constructor?5closure?8?$AA@ 000000014000f8e0     libvcruntime:undname.obj
 0002:00000900       ??_C@_0BA@KBCDOMBN@?$GAudt?5returning?8?$AA@ 000000014000f900     libvcruntime:undname.obj
 0002:00000910       ??_C@_03KLGMFNMG@?$GAEH?$AA@ 000000014000f910     libvcruntime:undname.obj
 0002:00000914       ??_C@_05KHLCHHI@?$GARTTI?$AA@ 000000014000f914     libvcruntime:undname.obj
 0002:00000920       ??_C@_0BA@KKLDJDLB@?$GAlocal?5vftable?8?$AA@ 000000014000f920     libvcruntime:undname.obj
 0002:00000930       ??_C@_0CE@IIHCMGGL@?$GAlocal?5vftable?5constructor?5closu@ 000000014000f930     libvcruntime:undname.obj
 0002:00000954       ??_C@_06FHBGPFGH@?5new?$FL?$FN?$AA@ 000000014000f954     libvcruntime:undname.obj
 0002:00000960       ??_C@_09LBNFPBCA@?5delete?$FL?$FN?$AA@ 000000014000f960     libvcruntime:undname.obj
 0002:00000970       ??_C@_0P@HJKNJFNN@?$GAomni?5callsig?8?$AA@ 000000014000f970     libvcruntime:undname.obj
 0002:00000980       ??_C@_0BL@CNOONJFP@?$GAplacement?5delete?5closure?8?$AA@ 000000014000f980     libvcruntime:undname.obj
 0002:000009a0       ??_C@_0BN@CKNJLHMB@?$GAplacement?5delete?$FL?$FN?5closure?8?$AA@ 000000014000f9a0     libvcruntime:undname.obj
 0002:000009c0       ??_C@_0CG@CFDHKGGD@?$GAmanaged?5vector?5constructor?5iter@ 000000014000f9c0     libvcruntime:undname.obj
 0002:000009e8       ??_C@_0CF@IMGKMJNO@?$GAmanaged?5vector?5destructor?5itera@ 000000014000f9e8     libvcruntime:undname.obj
 0002:00000a10       ??_C@_0CG@HLDDJMAG@?$GAeh?5vector?5copy?5constructor?5iter@ 000000014000fa10     libvcruntime:undname.obj
 0002:00000a38       ??_C@_0CM@FCBBDIGB@?$GAeh?5vector?5vbase?5copy?5constructo@ 000000014000fa38     libvcruntime:undname.obj
 0002:00000a68       ??_C@_0BL@CLIPGLGB@?$GAdynamic?5initializer?5for?5?8?$AA@ 000000014000fa68     libvcruntime:undname.obj
 0002:00000a88       ??_C@_0CB@PDBIFEP@?$GAdynamic?5atexit?5destructor?5for?5?8@ 000000014000fa88     libvcruntime:undname.obj
 0002:00000ab0       ??_C@_0CD@CGAJBKEJ@?$GAvector?5copy?5constructor?5iterato@ 000000014000fab0     libvcruntime:undname.obj
 0002:00000ad8       ??_C@_0CJ@GJELGAMM@?$GAvector?5vbase?5copy?5constructor?5i@ 000000014000fad8     libvcruntime:undname.obj
 0002:00000b08       ??_C@_0CL@FGIJHLCE@?$GAmanaged?5vector?5copy?5constructor@ 000000014000fb08     libvcruntime:undname.obj
 0002:00000b38       ??_C@_0BM@PMGGMLDN@?$GAlocal?5static?5thread?5guard?8?$AA@ 000000014000fb38     libvcruntime:undname.obj
 0002:00000b58       ??_C@_0N@BDNMDMOL@operator?5?$CC?$CC?5?$AA@ 000000014000fb58     libvcruntime:undname.obj
 0002:00000e98       ??_C@_0BC@DAFEJGAK@?5Type?5Descriptor?8?$AA@ 000000014000fe98     libvcruntime:undname.obj
 0002:00000eb0       ??_C@_0BM@LDKODKLH@?5Base?5Class?5Descriptor?5at?5?$CI?$AA@ 000000014000feb0     libvcruntime:undname.obj
 0002:00000ed0       ??_C@_0BD@LGICGFMM@?5Base?5Class?5Array?8?$AA@ 000000014000fed0     libvcruntime:undname.obj
 0002:00000ee8       ??_C@_0BN@MECKDCOJ@?5Class?5Hierarchy?5Descriptor?8?$AA@ 000000014000fee8     libvcruntime:undname.obj
 0002:00000f08       ??_C@_0BK@CFCOFLF@?5Complete?5Object?5Locator?8?$AA@ 000000014000ff08     libvcruntime:undname.obj
 0002:00000f28       ??_C@_08EHJDFFNH@__based?$CI?$AA@ 000000014000ff28     libvcruntime:undname.obj
 0002:00000f38       ??_C@_07KOLFKCDI@__cdecl?$AA@ 000000014000ff38     libvcruntime:undname.obj
 0002:00000f40       ??_C@_08GHMPAG@__pascal?$AA@ 000000014000ff40     libvcruntime:undname.obj
 0002:00000f50       ??_C@_09IFJBGAPI@__stdcall?$AA@ 000000014000ff50     libvcruntime:undname.obj
 0002:00000f60       ??_C@_0L@NPHFGOKO@__thiscall?$AA@ 000000014000ff60     libvcruntime:undname.obj
 0002:00000f70       ??_C@_0L@JMKHOMEK@__fastcall?$AA@ 000000014000ff70     libvcruntime:undname.obj
 0002:00000f80       ??_C@_0N@BCKKPABJ@__vectorcall?$AA@ 000000014000ff80     libvcruntime:undname.obj
 0002:00000f90       ??_C@_09HIJEGCPM@__clrcall?$AA@ 000000014000ff90     libvcruntime:undname.obj
 0002:00000f9c       ??_C@_06GHPCKEAG@__eabi?$AA@ 000000014000ff9c     libvcruntime:undname.obj
 0002:00000fa8       ??_C@_07JOMMBBKO@__ptr64?$AA@ 000000014000ffa8     libvcruntime:undname.obj
 0002:00000fb0       ??_C@_0L@PILCLIHE@__restrict?$AA@ 000000014000ffb0     libvcruntime:undname.obj
 0002:00000fc0       ??_C@_0M@GFIIJFMG@__unaligned?$AA@ 000000014000ffc0     libvcruntime:undname.obj
 0002:00000fd0       ??_C@_09DHDLOLLB@restrict?$CI?$AA@ 000000014000ffd0     libvcruntime:undname.obj
 0002:00000fdc       ??_C@_04NIHEBCM@?5new?$AA@ 000000014000ffdc     libvcruntime:undname.obj
 0002:00000fe8       ??_C@_07FPCDHGMM@?5delete?$AA@ 000000014000ffe8     libvcruntime:undname.obj
 0002:00000ff0       ??_C@_01NEMOKFLO@?$DN?$AA@ 000000014000fff0     libvcruntime:undname.obj
 0002:00000ff4       ??_C@_02GPIOPFAK@?$DO?$DO?$AA@ 000000014000fff4     libvcruntime:undname.obj
 0002:00000ff8       ??_C@_02FODMEDOG@?$DM?$DM?$AA@ 000000014000fff8     libvcruntime:undname.obj
 0002:00000ffc       ??_C@_01DCLJPIOD@?$CB?$AA@ 000000014000fffc     libvcruntime:undname.obj
 0002:00001000       ??_C@_02EGOFBIJA@?$DN?$DN?$AA@ 0000000140010000     libvcruntime:undname.obj
 0002:00001004       ??_C@_02FDNJECIE@?$CB?$DN?$AA@ 0000000140010004     libvcruntime:undname.obj
 0002:00001008       ??_C@_02GPECMEKF@?$FL?$FN?$AA@ 0000000140010008     libvcruntime:undname.obj
 0002:00001010       ??_C@_08LHJFAFGD@operator?$AA@ 0000000140010010     libvcruntime:undname.obj
 0002:0000101c       ??_C@_02HBOOOICD@?9?$DO?$AA@ 000000014001001c     libvcruntime:undname.obj
 0002:00001020       ??_C@_01NBENCBCI@?$CK?$AA@ 0000000140010020     libvcruntime:undname.obj
 0002:00001024       ??_C@_02ECNGHCIF@?$CL?$CL?$AA@ 0000000140010024     libvcruntime:undname.obj
 0002:00001028       ??_C@_02BAABKJLB@?9?9?$AA@ 0000000140010028     libvcruntime:undname.obj
 0002:00001160       __acrt_exception_action_table 0000000140010160     libucrt:exception_filter.obj
 0002:00001220       __acrt_signal_action_table_count 0000000140010220     libucrt:exception_filter.obj
 0002:00001228       __acrt_signal_action_first_fpe_index 0000000140010228     libucrt:exception_filter.obj
 0002:00001230       __acrt_signal_action_fpe_count 0000000140010230     libucrt:exception_filter.obj
 0002:00001238       ??_C@_1BI@BGOHAHKC@?$AAm?$AAs?$AAc?$AAo?$AAr?$AAe?$AAe?$AA?4?$AAd?$AAl?$AAl?$AA?$AA@ 0000000140010238     libucrt:exit.obj
 0002:00001250       ??_C@_0P@MIGLKIOC@CorExitProcess?$AA@ 0000000140010250     libucrt:exit.obj
 0002:00001350       __Lcosfarray               0000000140010350     libucrt:lsincosf_array.obj
 0002:00001380       __Lsinfarray               0000000140010380     libucrt:lsincosf_array.obj
 0002:000013a0       __L_2_by_pi_bits           00000001400103a0     libucrt:l2_by_pi_bits.obj
 0002:000014f0       ??_C@_04LAGPAAHP@sinf?$AA@ 00000001400104f0     libucrt:sincos_special.obj
 0002:00001688       ??_C@_1M@HPNHIDJI@?$AAj?$AAa?$AA?9?$AAJ?$AAP?$AA?$AA@ 0000000140010688     libucrt:mbctype.obj
 0002:00001698       ??_C@_1M@BIBDDEMK@?$AAz?$AAh?$AA?9?$AAC?$AAN?$AA?$AA@ 0000000140010698     libucrt:mbctype.obj
 0002:000016a8       ??_C@_1M@JLOOOEGK@?$AAk?$AAo?$AA?9?$AAK?$AAR?$AA?$AA@ 00000001400106a8     libucrt:mbctype.obj
 0002:000016b8       ??_C@_1M@CLNBBOPM@?$AAz?$AAh?$AA?9?$AAT?$AAW?$AA?$AA@ 00000001400106b8     libucrt:mbctype.obj
 0002:00001770       ??_C@_1EG@CNNIPFIM@?$AAa?$AAp?$AAi?$AA?9?$AAm?$AAs?$AA?9?$AAw?$AAi?$AAn?$AA?9?$AAa?$AAp?$AAp?$AAm?$AAo?$AAd?$AAe?$AAl?$AA?9?$AAr?$AAu?$AAn?$AAt?$AAi?$AAm?$AAe?$AA?9?$AAl?$AA1?$AA?9?$AA1@ 0000000140010770     libucrt:winapi_thunks.obj
 0002:000017c0       ??_C@_1EA@JGEFHKEI@?$AAa?$AAp?$AAi?$AA?9?$AAm?$AAs?$AA?9?$AAw?$AAi?$AAn?$AA?9?$AAc?$AAo?$AAr?$AAe?$AA?9?$AAd?$AAa?$AAt?$AAe?$AAt?$AAi?$AAm?$AAe?$AA?9?$AAl?$AA1?$AA?9?$AA1?$AA?9?$AA1?$AA?$AA@ 00000001400107c0     libucrt:winapi_thunks.obj
 0002:00001800       ??_C@_1DI@GCIAAENM@?$AAa?$AAp?$AAi?$AA?9?$AAm?$AAs?$AA?9?$AAw?$AAi?$AAn?$AA?9?$AAc?$AAo?$AAr?$AAe?$AA?9?$AAf?$AAi?$AAl?$AAe?$AA?9?$AAl?$AA2?$AA?9?$AA1?$AA?9?$AA1?$AA?$AA@ 0000000140010800     libucrt:winapi_thunks.obj
 0002:00001840       ??_C@_1EI@MPIAOHOC@?$AAa?$AAp?$AAi?$AA?9?$AAm?$AAs?$AA?9?$AAw?$AAi?$AAn?$AA?9?$AAc?$AAo?$AAr?$AAe?$AA?9?$AAl?$AAo?$AAc?$AAa?$AAl?$AAi?$AAz?$AAa?$AAt?$AAi?$AAo?$AAn?$AA?9?$AAl?$AA1?$AA?9@ 0000000140010840     libucrt:winapi_thunks.obj
 0002:00001890       ??_C@_1FK@FPHCKFIE@?$AAa?$AAp?$AAi?$AA?9?$AAm?$AAs?$AA?9?$AAw?$AAi?$AAn?$AA?9?$AAc?$AAo?$AAr?$AAe?$AA?9?$AAl?$AAo?$AAc?$AAa?$AAl?$AAi?$AAz?$AAa?$AAt?$AAi?$AAo?$AAn?$AA?9?$AAo?$AAb?$AAs@ 0000000140010890     libucrt:winapi_thunks.obj
 0002:000018f0       ??_C@_1EM@DILCGIIO@?$AAa?$AAp?$AAi?$AA?9?$AAm?$AAs?$AA?9?$AAw?$AAi?$AAn?$AA?9?$AAc?$AAo?$AAr?$AAe?$AA?9?$AAp?$AAr?$AAo?$AAc?$AAe?$AAs?$AAs?$AAt?$AAh?$AAr?$AAe?$AAa?$AAd?$AAs?$AA?9?$AAl@ 00000001400108f0     libucrt:winapi_thunks.obj
 0002:00001940       ??_C@_1DM@LNCGDDPN@?$AAa?$AAp?$AAi?$AA?9?$AAm?$AAs?$AA?9?$AAw?$AAi?$AAn?$AA?9?$AAc?$AAo?$AAr?$AAe?$AA?9?$AAs?$AAt?$AAr?$AAi?$AAn?$AAg?$AA?9?$AAl?$AA1?$AA?9?$AA1?$AA?9?$AA0?$AA?$AA@ 0000000140010940     libucrt:winapi_thunks.obj
 0002:00001980       ??_C@_1DO@FPAPJEMD@?$AAa?$AAp?$AAi?$AA?9?$AAm?$AAs?$AA?9?$AAw?$AAi?$AAn?$AA?9?$AAc?$AAo?$AAr?$AAe?$AA?9?$AAs?$AAy?$AAs?$AAi?$AAn?$AAf?$AAo?$AA?9?$AAl?$AA1?$AA?9?$AA2?$AA?9?$AA1?$AA?$AA@ 0000000140010980     libucrt:winapi_thunks.obj
 0002:000019c0       ??_C@_1DK@NDHNAHIO@?$AAa?$AAp?$AAi?$AA?9?$AAm?$AAs?$AA?9?$AAw?$AAi?$AAn?$AA?9?$AAc?$AAo?$AAr?$AAe?$AA?9?$AAw?$AAi?$AAn?$AAr?$AAt?$AA?9?$AAl?$AA1?$AA?9?$AA1?$AA?9?$AA0?$AA?$AA@ 00000001400109c0     libucrt:winapi_thunks.obj
 0002:00001a00       ??_C@_1DM@KGHDGBCM@?$AAa?$AAp?$AAi?$AA?9?$AAm?$AAs?$AA?9?$AAw?$AAi?$AAn?$AA?9?$AAc?$AAo?$AAr?$AAe?$AA?9?$AAx?$AAs?$AAt?$AAa?$AAt?$AAe?$AA?9?$AAl?$AA2?$AA?9?$AA1?$AA?9?$AA0?$AA?$AA@ 0000000140010a00     libucrt:winapi_thunks.obj
 0002:00001a40       ??_C@_1EO@IJIOEFOH@?$AAa?$AAp?$AAi?$AA?9?$AAm?$AAs?$AA?9?$AAw?$AAi?$AAn?$AA?9?$AAr?$AAt?$AAc?$AAo?$AAr?$AAe?$AA?9?$AAn?$AAt?$AAu?$AAs?$AAe?$AAr?$AA?9?$AAw?$AAi?$AAn?$AAd?$AAo?$AAw?$AA?9@ 0000000140010a40     libucrt:winapi_thunks.obj
 0002:00001a90       ??_C@_1FG@HHGEKANL@?$AAa?$AAp?$AAi?$AA?9?$AAm?$AAs?$AA?9?$AAw?$AAi?$AAn?$AA?9?$AAs?$AAe?$AAc?$AAu?$AAr?$AAi?$AAt?$AAy?$AA?9?$AAs?$AAy?$AAs?$AAt?$AAe?$AAm?$AAf?$AAu?$AAn?$AAc?$AAt?$AAi@ 0000000140010a90     libucrt:winapi_thunks.obj
 0002:00001af0       ??_C@_1FG@NCKKOLKO@?$AAe?$AAx?$AAt?$AA?9?$AAm?$AAs?$AA?9?$AAw?$AAi?$AAn?$AA?9?$AAk?$AAe?$AAr?$AAn?$AAe?$AAl?$AA3?$AA2?$AA?9?$AAp?$AAa?$AAc?$AAk?$AAa?$AAg?$AAe?$AA?9?$AAc?$AAu?$AAr?$AAr@ 0000000140010af0     libucrt:winapi_thunks.obj
 0002:00001b50       ??_C@_1EG@DBIOJECG@?$AAe?$AAx?$AAt?$AA?9?$AAm?$AAs?$AA?9?$AAw?$AAi?$AAn?$AA?9?$AAn?$AAt?$AAu?$AAs?$AAe?$AAr?$AA?9?$AAd?$AAi?$AAa?$AAl?$AAo?$AAg?$AAb?$AAo?$AAx?$AA?9?$AAl?$AA1?$AA?9?$AA1@ 0000000140010b50     libucrt:winapi_thunks.obj
 0002:00001ba0       ??_C@_1EO@FIHMJCLF@?$AAe?$AAx?$AAt?$AA?9?$AAm?$AAs?$AA?9?$AAw?$AAi?$AAn?$AA?9?$AAn?$AAt?$AAu?$AAs?$AAe?$AAr?$AA?9?$AAw?$AAi?$AAn?$AAd?$AAo?$AAw?$AAs?$AAt?$AAa?$AAt?$AAi?$AAo?$AAn?$AA?9@ 0000000140010ba0     libucrt:winapi_thunks.obj
 0002:00001bf0       ??_C@_1O@BCCLBEOE@?$AAu?$AAs?$AAe?$AAr?$AA3?$AA2?$AA?$AA@ 0000000140010bf0     libucrt:winapi_thunks.obj
 0002:00001c28       ??_C@_0BE@JOGNEJCI@GetCurrentPackageId?$AA@ 0000000140010c28     libucrt:winapi_thunks.obj
 0002:00001c50       ??_C@_0O@KKBNKAPF@LCMapStringEx?$AA@ 0000000140010c50     libucrt:winapi_thunks.obj
 0002:00001c68       ??_C@_0BB@HBDEELFH@LocaleNameToLCID?$AA@ 0000000140010c68     libucrt:winapi_thunks.obj
 0002:00001c80       __lc_time_c                0000000140010c80     libucrt:nlsdata.obj
 0002:00001f40       ??_C@_03KOEHGMDN@Sun?$AA@  0000000140010f40     libucrt:nlsdata.obj
 0002:00001f44       ??_C@_03PDAGKDH@Mon?$AA@   0000000140010f44     libucrt:nlsdata.obj
 0002:00001f48       ??_C@_03NAGEINEP@Tue?$AA@  0000000140010f48     libucrt:nlsdata.obj
 0002:00001f4c       ??_C@_03MHOMLAJA@Wed?$AA@  0000000140010f4c     libucrt:nlsdata.obj
 0002:00001f50       ??_C@_03IOFIKPDN@Thu?$AA@  0000000140010f50     libucrt:nlsdata.obj
 0002:00001f54       ??_C@_03IDIOELNC@Fri?$AA@  0000000140010f54     libucrt:nlsdata.obj
 0002:00001f58       ??_C@_03FEFJNEK@Sat?$AA@   0000000140010f58     libucrt:nlsdata.obj
 0002:00001f5c       ??_C@_06OOPIFAJ@Sunday?$AA@ 0000000140010f5c     libucrt:nlsdata.obj
 0002:00001f64       ??_C@_06JLEDEDGH@Monday?$AA@ 0000000140010f64     libucrt:nlsdata.obj
 0002:00001f70       ??_C@_07BAAGCFCM@Tuesday?$AA@ 0000000140010f70     libucrt:nlsdata.obj
 0002:00001f78       ??_C@_09DLIGFAKA@Wednesday?$AA@ 0000000140010f78     libucrt:nlsdata.obj
 0002:00001f88       ??_C@_08HACCIKIA@Thursday?$AA@ 0000000140010f88     libucrt:nlsdata.obj
 0002:00001f94       ??_C@_06JECMNKMI@Friday?$AA@ 0000000140010f94     libucrt:nlsdata.obj
 0002:00001fa0       ??_C@_08INBOOONO@Saturday?$AA@ 0000000140010fa0     libucrt:nlsdata.obj
 0002:00001fac       ??_C@_03JIHJHPIE@Jan?$AA@  0000000140010fac     libucrt:nlsdata.obj
 0002:00001fb0       ??_C@_03HJBDCHOM@Feb?$AA@  0000000140010fb0     libucrt:nlsdata.obj
 0002:00001fb4       ??_C@_03ODNJBKGA@Mar?$AA@  0000000140010fb4     libucrt:nlsdata.obj
 0002:00001fb8       ??_C@_03LEOLGMJP@Apr?$AA@  0000000140010fb8     libucrt:nlsdata.obj
 0002:00001fbc       ??_C@_03CNMDKL@May?$AA@    0000000140010fbc     libucrt:nlsdata.obj
 0002:00001fc0       ??_C@_03IDFGHECI@Jun?$AA@  0000000140010fc0     libucrt:nlsdata.obj
 0002:00001fc4       ??_C@_03LBGABGKK@Jul?$AA@  0000000140010fc4     libucrt:nlsdata.obj
 0002:00001fc8       ??_C@_03IFJFEIGA@Aug?$AA@  0000000140010fc8     libucrt:nlsdata.obj
 0002:00001fcc       ??_C@_03GGCAPAJC@Sep?$AA@  0000000140010fcc     libucrt:nlsdata.obj
 0002:00001fd0       ??_C@_03BMAOKBAD@Oct?$AA@  0000000140010fd0     libucrt:nlsdata.obj
 0002:00001fd4       ??_C@_03JPJOFNIA@Nov?$AA@  0000000140010fd4     libucrt:nlsdata.obj
 0002:00001fd8       ??_C@_03MKABNOCG@Dec?$AA@  0000000140010fd8     libucrt:nlsdata.obj
 0002:00001fe0       ??_C@_07CGJPFGJA@January?$AA@ 0000000140010fe0     libucrt:nlsdata.obj
 0002:00001fe8       ??_C@_08GNJGEPFN@February?$AA@ 0000000140010fe8     libucrt:nlsdata.obj
 0002:00001ff4       ??_C@_05HPCKOFNC@March?$AA@ 0000000140010ff4     libucrt:nlsdata.obj
 0002:00001ffc       ??_C@_05DMJDNLEJ@April?$AA@ 0000000140010ffc     libucrt:nlsdata.obj
 0002:00002004       ??_C@_04CNLMGBGM@June?$AA@ 0000000140011004     libucrt:nlsdata.obj
 0002:0000200c       ??_C@_04MIEPOIFP@July?$AA@ 000000014001100c     libucrt:nlsdata.obj
 0002:00002014       ??_C@_06LBBHFDDG@August?$AA@ 0000000140011014     libucrt:nlsdata.obj
 0002:00002020       ??_C@_09BHHEALKD@September?$AA@ 0000000140011020     libucrt:nlsdata.obj
 0002:00002030       ??_C@_07JJNFCEND@October?$AA@ 0000000140011030     libucrt:nlsdata.obj
 0002:00002038       ??_C@_08HCHEGEOA@November?$AA@ 0000000140011038     libucrt:nlsdata.obj
 0002:00002048       ??_C@_08EDHMEBNP@December?$AA@ 0000000140011048     libucrt:nlsdata.obj
 0002:00002054       ??_C@_02DEDBPAFC@AM?$AA@   0000000140011054     libucrt:nlsdata.obj
 0002:00002058       ??_C@_02CJNFDJBF@PM?$AA@   0000000140011058     libucrt:nlsdata.obj
 0002:00002060       ??_C@_08BPBNCDIB@MM?1dd?1yy?$AA@ 0000000140011060     libucrt:nlsdata.obj
 0002:00002070       ??_C@_0BE@CKGJFCPC@dddd?0?5MMMM?5dd?0?5yyyy?$AA@ 0000000140011070     libucrt:nlsdata.obj
 0002:00002088       ??_C@_08JCCMCCIL@HH?3mm?3ss?$AA@ 0000000140011088     libucrt:nlsdata.obj
 0002:00002098       ??_C@_17MBGCMIPB@?$AAS?$AAu?$AAn?$AA?$AA@ 0000000140011098     libucrt:nlsdata.obj
 0002:000020a0       ??_C@_17KBOMKBF@?$AAM?$AAo?$AAn?$AA?$AA@ 00000001400110a0     libucrt:nlsdata.obj
 0002:000020a8       ??_C@_17BMKGEGOJ@?$AAT?$AAu?$AAe?$AA?$AA@ 00000001400110a8     libucrt:nlsdata.obj
 0002:000020b0       ??_C@_17CJEDCEPE@?$AAW?$AAe?$AAd?$AA?$AA@ 00000001400110b0     libucrt:nlsdata.obj
 0002:000020b8       ??_C@_17PDPHAADD@?$AAT?$AAh?$AAu?$AA?$AA@ 00000001400110b8     libucrt:nlsdata.obj
 0002:000020c0       ??_C@_17HFOLPPLP@?$AAF?$AAr?$AAi?$AA?$AA@ 00000001400110c0     libucrt:nlsdata.obj
 0002:000020c8       ??_C@_17GGIBDPIH@?$AAS?$AAa?$AAt?$AA?$AA@ 00000001400110c8     libucrt:nlsdata.obj
 0002:000020d0       ??_C@_1O@IHNHDHPB@?$AAS?$AAu?$AAn?$AAd?$AAa?$AAy?$AA?$AA@ 00000001400110d0     libucrt:nlsdata.obj
 0002:000020e0       ??_C@_1O@MMNBFLIA@?$AAM?$AAo?$AAn?$AAd?$AAa?$AAy?$AA?$AA@ 00000001400110e0     libucrt:nlsdata.obj
 0002:000020f0       ??_C@_1BA@ENFBFFEK@?$AAT?$AAu?$AAe?$AAs?$AAd?$AAa?$AAy?$AA?$AA@ 00000001400110f0     libucrt:nlsdata.obj
 0002:00002100       ??_C@_1BE@EBOGMDOH@?$AAW?$AAe?$AAd?$AAn?$AAe?$AAs?$AAd?$AAa?$AAy?$AA?$AA@ 0000000140011100     libucrt:nlsdata.obj
 0002:00002118       ??_C@_1BC@HHMNLIHE@?$AAT?$AAh?$AAu?$AAr?$AAs?$AAd?$AAa?$AAy?$AA?$AA@ 0000000140011118     libucrt:nlsdata.obj
 0002:00002130       ??_C@_1O@PDICJHAG@?$AAF?$AAr?$AAi?$AAd?$AAa?$AAy?$AA?$AA@ 0000000140011130     libucrt:nlsdata.obj
 0002:00002140       ??_C@_1BC@ENMNNPAJ@?$AAS?$AAa?$AAt?$AAu?$AAr?$AAd?$AAa?$AAy?$AA?$AA@ 0000000140011140     libucrt:nlsdata.obj
 0002:00002158       ??_C@_17DKNBKCHM@?$AAJ?$AAa?$AAn?$AA?$AA@ 0000000140011158     libucrt:nlsdata.obj
 0002:00002160       ??_C@_17LMDJEKJN@?$AAF?$AAe?$AAb?$AA?$AA@ 0000000140011160     libucrt:nlsdata.obj
 0002:00002168       ??_C@_17CKNLEDEC@?$AAM?$AAa?$AAr?$AA?$AA@ 0000000140011168     libucrt:nlsdata.obj
 0002:00002170       ??_C@_17LFPOIHDD@?$AAA?$AAp?$AAr?$AA?$AA@ 0000000140011170     libucrt:nlsdata.obj
 0002:00002178       ??_C@_17PNNKMEED@?$AAM?$AAa?$AAy?$AA?$AA@ 0000000140011178     libucrt:nlsdata.obj
 0002:00002180       ??_C@_17KCJGOCPB@?$AAJ?$AAu?$AAn?$AA?$AA@ 0000000140011180     libucrt:nlsdata.obj
 0002:00002188       ??_C@_17IJPCKHK@?$AAJ?$AAu?$AAl?$AA?$AA@ 0000000140011188     libucrt:nlsdata.obj
 0002:00002190       ??_C@_17ICPELBCN@?$AAA?$AAu?$AAg?$AA?$AA@ 0000000140011190     libucrt:nlsdata.obj
 0002:00002198       ??_C@_17HCHCOKMG@?$AAS?$AAe?$AAp?$AA?$AA@ 0000000140011198     libucrt:nlsdata.obj
 0002:000021a0       ??_C@_17FNLKOI@?$AAO?$AAc?$AAt?$AA?$AA@ 00000001400111a0     libucrt:nlsdata.obj
 0002:000021a8       ??_C@_17BBDMLCIG@?$AAN?$AAo?$AAv?$AA?$AA@ 00000001400111a8     libucrt:nlsdata.obj
 0002:000021b0       ??_C@_17EGKACKIF@?$AAD?$AAe?$AAc?$AA?$AA@ 00000001400111b0     libucrt:nlsdata.obj
 0002:000021b8       ??_C@_1BA@EFMEIEBA@?$AAJ?$AAa?$AAn?$AAu?$AAa?$AAr?$AAy?$AA?$AA@ 00000001400111b8     libucrt:nlsdata.obj
 0002:000021c8       ??_C@_1BC@JGDDFFAM@?$AAF?$AAe?$AAb?$AAr?$AAu?$AAa?$AAr?$AAy?$AA?$AA@ 00000001400111c8     libucrt:nlsdata.obj
 0002:000021e0       ??_C@_1M@IKEENEDF@?$AAM?$AAa?$AAr?$AAc?$AAh?$AA?$AA@ 00000001400111e0     libucrt:nlsdata.obj
 0002:000021f0       ??_C@_1M@GJNLMHFD@?$AAA?$AAp?$AAr?$AAi?$AAl?$AA?$AA@ 00000001400111f0     libucrt:nlsdata.obj
 0002:00002200       ??_C@_19EPFLPGAP@?$AAJ?$AAu?$AAn?$AAe?$AA?$AA@ 0000000140011200     libucrt:nlsdata.obj
 0002:00002210       ??_C@_19BIFMLPCD@?$AAJ?$AAu?$AAl?$AAy?$AA?$AA@ 0000000140011210     libucrt:nlsdata.obj
 0002:00002220       ??_C@_1O@PAHLKOAC@?$AAA?$AAu?$AAg?$AAu?$AAs?$AAt?$AA?$AA@ 0000000140011220     libucrt:nlsdata.obj
 0002:00002230       ??_C@_1BE@DKAAMBJL@?$AAS?$AAe?$AAp?$AAt?$AAe?$AAm?$AAb?$AAe?$AAr?$AA?$AA@ 0000000140011230     libucrt:nlsdata.obj
 0002:00002248       ??_C@_1BA@EPANDLNG@?$AAO?$AAc?$AAt?$AAo?$AAb?$AAe?$AAr?$AA?$AA@ 0000000140011248     libucrt:nlsdata.obj
 0002:00002258       ??_C@_1BC@BGLIFPF@?$AAN?$AAo?$AAv?$AAe?$AAm?$AAb?$AAe?$AAr?$AA?$AA@ 0000000140011258     libucrt:nlsdata.obj
 0002:00002270       ??_C@_1BC@FEMKIFH@?$AAD?$AAe?$AAc?$AAe?$AAm?$AAb?$AAe?$AAr?$AA?$AA@ 0000000140011270     libucrt:nlsdata.obj
 0002:00002284       ??_C@_15ODEHAHHF@?$AAA?$AAM?$AA?$AA@ 0000000140011284     libucrt:nlsdata.obj
 0002:0000228c       ??_C@_15CLMNNGEL@?$AAP?$AAM?$AA?$AA@ 000000014001128c     libucrt:nlsdata.obj
 0002:00002298       ??_C@_1BC@IEBCMHCM@?$AAM?$AAM?$AA?1?$AAd?$AAd?$AA?1?$AAy?$AAy?$AA?$AA@ 0000000140011298     libucrt:nlsdata.obj
 0002:000022b0       ??_C@_1CI@KNAKOEBC@?$AAd?$AAd?$AAd?$AAd?$AA?0?$AA?5?$AAM?$AAM?$AAM?$AAM?$AA?5?$AAd?$AAd?$AA?0?$AA?5?$AAy?$AAy?$AAy?$AAy?$AA?$AA@ 00000001400112b0     libucrt:nlsdata.obj
 0002:000022d8       ??_C@_1BC@GDGBMEMK@?$AAH?$AAH?$AA?3?$AAm?$AAm?$AA?3?$AAs?$AAs?$AA?$AA@ 00000001400112d8     libucrt:nlsdata.obj
 0002:000022f0       ??_C@_1M@BMHNFIME@?$AAe?$AAn?$AA?9?$AAU?$AAS?$AA?$AA@ 00000001400112f0     libucrt:nlsdata.obj
 0002:00002300       __newctype                 0000000140011300     libucrt:ctype.obj
 0002:00002600       __newclmap                 0000000140011600     libucrt:ctype.obj
 0002:00002780       __newcumap                 0000000140011780     libucrt:ctype.obj
 0002:00002900       ??_C@_15PJPFLCCM@?$AAu?$AAk?$AA?$AA@ 0000000140011900     libucrt:get_qualified_locale.obj
 0002:00003750       ??_C@_15EMKDOKLE@?$AAa?$AAr?$AA?$AA@ 0000000140012750     libucrt:lcidtoname_downlevel.obj
 0002:00003758       ??_C@_15KNPADPLH@?$AAb?$AAg?$AA?$AA@ 0000000140012758     libucrt:lcidtoname_downlevel.obj
 0002:00003760       ??_C@_15EDMHLDMO@?$AAc?$AAa?$AA?$AA@ 0000000140012760     libucrt:lcidtoname_downlevel.obj
 0002:00003768       ??_C@_1O@BPEAJADD@?$AAz?$AAh?$AA?9?$AAC?$AAH?$AAS?$AA?$AA@ 0000000140012768     libucrt:lcidtoname_downlevel.obj
 0002:00003778       ??_C@_15LJNHCMNK@?$AAc?$AAs?$AA?$AA@ 0000000140012778     libucrt:lcidtoname_downlevel.obj
 0002:00003780       ??_C@_15FOMCIDHG@?$AAd?$AAa?$AA?$AA@ 0000000140012780     libucrt:lcidtoname_downlevel.obj
 0002:00003788       ??_C@_15NBKABECB@?$AAd?$AAe?$AA?$AA@ 0000000140012788     libucrt:lcidtoname_downlevel.obj
 0002:00003790       ??_C@_15GHPEIIAO@?$AAe?$AAl?$AA?$AA@ 0000000140012790     libucrt:lcidtoname_downlevel.obj
 0002:00003798       ??_C@_15MNPNEAIF@?$AAe?$AAn?$AA?$AA@ 0000000140012798     libucrt:lcidtoname_downlevel.obj
 0002:000037a0       ??_C@_15GPIOMPMH@?$AAe?$AAs?$AA?$AA@ 00000001400127a0     libucrt:lcidtoname_downlevel.obj
 0002:000037a8       ??_C@_15NGLOAKJC@?$AAf?$AAi?$AA?$AA@ 00000001400127a8     libucrt:lcidtoname_downlevel.obj
 0002:000037b0       ??_C@_15FBKGNKAM@?$AAf?$AAr?$AA?$AA@ 00000001400127b0     libucrt:lcidtoname_downlevel.obj
 0002:000037b8       ??_C@_15KGGCNEFK@?$AAh?$AAe?$AA?$AA@ 00000001400127b8     libucrt:lcidtoname_downlevel.obj
 0002:000037c0       ??_C@_15PGHLIDMF@?$AAh?$AAu?$AA?$AA@ 00000001400127c0     libucrt:lcidtoname_downlevel.obj
 0002:000037c8       ??_C@_15BIEMAPLM@?$AAi?$AAs?$AA?$AA@ 00000001400127c8     libucrt:lcidtoname_downlevel.obj
 0002:000037d0       ??_C@_15IFJLDHAF@?$AAi?$AAt?$AA?$AA@ 00000001400127d0     libucrt:lcidtoname_downlevel.obj
 0002:000037d8       ??_C@_15GEMIOCAG@?$AAj?$AAa?$AA?$AA@ 00000001400127d8     libucrt:lcidtoname_downlevel.obj
 0002:000037e0       ??_C@_15EPELEGJA@?$AAk?$AAo?$AA?$AA@ 00000001400127e0     libucrt:lcidtoname_downlevel.obj
 0002:000037e8       ??_C@_15NDDHIMN@?$AAn?$AAl?$AA?$AA@ 00000001400127e8     libucrt:lcidtoname_downlevel.obj
 0002:000037f0       ??_C@_15BPIGNHCD@?$AAn?$AAo?$AA?$AA@ 00000001400127f0     libucrt:lcidtoname_downlevel.obj
 0002:000037f8       ??_C@_15DEOPBLCG@?$AAp?$AAl?$AA?$AA@ 00000001400127f8     libucrt:lcidtoname_downlevel.obj
 0002:00003800       ??_C@_15KBECGEFG@?$AAp?$AAt?$AA?$AA@ 0000000140012800     libucrt:lcidtoname_downlevel.obj
 0002:00003808       ??_C@_15GLJCBFMD@?$AAr?$AAo?$AA?$AA@ 0000000140012808     libucrt:lcidtoname_downlevel.obj
 0002:00003810       ??_C@_15FEDGKCDI@?$AAr?$AAu?$AA?$AA@ 0000000140012810     libucrt:lcidtoname_downlevel.obj
 0002:00003818       ??_C@_15GLKMLLHM@?$AAh?$AAr?$AA?$AA@ 0000000140012818     libucrt:lcidtoname_downlevel.obj
 0002:00003820       ??_C@_15CPKMFBDB@?$AAs?$AAk?$AA?$AA@ 0000000140012820     libucrt:lcidtoname_downlevel.obj
 0002:00003828       ??_C@_15BAAIOGMK@?$AAs?$AAq?$AA?$AA@ 0000000140012828     libucrt:lcidtoname_downlevel.obj
 0002:00003830       ??_C@_15INNPNOHD@?$AAs?$AAv?$AA?$AA@ 0000000140012830     libucrt:lcidtoname_downlevel.obj
 0002:00003838       ??_C@_15CABMMOGH@?$AAt?$AAh?$AA?$AA@ 0000000140012838     libucrt:lcidtoname_downlevel.obj
 0002:00003840       ??_C@_15BPLIHJJM@?$AAt?$AAr?$AA?$AA@ 0000000140012840     libucrt:lcidtoname_downlevel.obj
 0002:00003848       ??_C@_15NEOEKKDJ@?$AAu?$AAr?$AA?$AA@ 0000000140012848     libucrt:lcidtoname_downlevel.obj
 0002:00003850       ??_C@_15NFICGAJK@?$AAi?$AAd?$AA?$AA@ 0000000140012850     libucrt:lcidtoname_downlevel.obj
 0002:00003858       ??_C@_15HPJPHDM@?$AAb?$AAe?$AA?$AA@ 0000000140012858     libucrt:lcidtoname_downlevel.obj
 0002:00003860       ??_C@_15LCHLGJII@?$AAs?$AAl?$AA?$AA@ 0000000140012860     libucrt:lcidtoname_downlevel.obj
 0002:00003868       ??_C@_15PCFJPHHO@?$AAe?$AAt?$AA?$AA@ 0000000140012868     libucrt:lcidtoname_downlevel.obj
 0002:00003870       ??_C@_15HPFPGODN@?$AAl?$AAv?$AA?$AA@ 0000000140012870     libucrt:lcidtoname_downlevel.obj
 0002:00003878       ??_C@_15NFFGKGLG@?$AAl?$AAt?$AA?$AA@ 0000000140012878     libucrt:lcidtoname_downlevel.obj
 0002:00003880       ??_C@_15BDAKCCHN@?$AAf?$AAa?$AA?$AA@ 0000000140012880     libucrt:lcidtoname_downlevel.obj
 0002:00003888       ??_C@_15NFGIAIAJ@?$AAv?$AAi?$AA?$AA@ 0000000140012888     libucrt:lcidtoname_downlevel.obj
 0002:00003890       ??_C@_15LMKNDMHN@?$AAh?$AAy?$AA?$AA@ 0000000140012890     libucrt:lcidtoname_downlevel.obj
 0002:00003898       ??_C@_15IJBHMCFL@?$AAa?$AAz?$AA?$AA@ 0000000140012898     libucrt:lcidtoname_downlevel.obj
 0002:000038a0       ??_C@_15EKOFJABL@?$AAe?$AAu?$AA?$AA@ 00000001400128a0     libucrt:lcidtoname_downlevel.obj
 0002:000038a8       ??_C@_15BGHADCNK@?$AAm?$AAk?$AA?$AA@ 00000001400128a8     libucrt:lcidtoname_downlevel.obj
 0002:000038b0       ??_C@_15JDNICKHM@?$AAa?$AAf?$AA?$AA@ 00000001400128b0     libucrt:lcidtoname_downlevel.obj
 0002:000038b8       ??_C@_15KPJEDBKD@?$AAk?$AAa?$AA?$AA@ 00000001400128b8     libucrt:lcidtoname_downlevel.obj
 0002:000038c0       ??_C@_15PDNFFFEO@?$AAf?$AAo?$AA?$AA@ 00000001400128c0     libucrt:lcidtoname_downlevel.obj
 0002:000038c8       ??_C@_15OMLEGLOC@?$AAh?$AAi?$AA?$AA@ 00000001400128c8     libucrt:lcidtoname_downlevel.obj
 0002:000038d0       ??_C@_15IDNNENKK@?$AAm?$AAs?$AA?$AA@ 00000001400128d0     libucrt:lcidtoname_downlevel.obj
 0002:000038d8       ??_C@_15MACJNBMH@?$AAk?$AAk?$AA?$AA@ 00000001400128d8     libucrt:lcidtoname_downlevel.obj
 0002:000038e0       ??_C@_15DKDJEOND@?$AAk?$AAy?$AA?$AA@ 00000001400128e0     libucrt:lcidtoname_downlevel.obj
 0002:000038e8       ??_C@_15DFGDLJBG@?$AAs?$AAw?$AA?$AA@ 00000001400128e8     libucrt:lcidtoname_downlevel.obj
 0002:000038f0       ??_C@_15BBFAICNG@?$AAu?$AAz?$AA?$AA@ 00000001400128f0     libucrt:lcidtoname_downlevel.obj
 0002:000038f8       ??_C@_15DKNDCGEA@?$AAt?$AAt?$AA?$AA@ 00000001400128f8     libucrt:lcidtoname_downlevel.obj
 0002:00003900       ??_C@_15MGIFMDPL@?$AAp?$AAa?$AA?$AA@ 0000000140012900     libucrt:lcidtoname_downlevel.obj
 0002:00003908       ??_C@_15HCNDBBA@?$AAg?$AAu?$AA?$AA@ 0000000140012908     libucrt:lcidtoname_downlevel.obj
 0002:00003910       ??_C@_15FNBEIBON@?$AAt?$AAa?$AA?$AA@ 0000000140012910     libucrt:lcidtoname_downlevel.obj
 0002:00003918       ??_C@_15NCHGBGLK@?$AAt?$AAe?$AA?$AA@ 0000000140012918     libucrt:lcidtoname_downlevel.obj
 0002:00003920       ??_C@_15PHPHCBPF@?$AAk?$AAn?$AA?$AA@ 0000000140012920     libucrt:lcidtoname_downlevel.obj
 0002:00003928       ??_C@_15DLGBCKMP@?$AAm?$AAr?$AA?$AA@ 0000000140012928     libucrt:lcidtoname_downlevel.obj
 0002:00003930       ??_C@_15EABBLBFF@?$AAs?$AAa?$AA?$AA@ 0000000140012930     libucrt:lcidtoname_downlevel.obj
 0002:00003938       ??_C@_15CBKOMCOI@?$AAm?$AAn?$AA?$AA@ 0000000140012938     libucrt:lcidtoname_downlevel.obj
 0002:00003940       ??_C@_15CKDMCJAF@?$AAg?$AAl?$AA?$AA@ 0000000140012940     libucrt:lcidtoname_downlevel.obj
 0002:00003948       ??_C@_17CNJFBPG@?$AAk?$AAo?$AAk?$AA?$AA@ 0000000140012948     libucrt:lcidtoname_downlevel.obj
 0002:00003950       ??_C@_17FFBJICPL@?$AAs?$AAy?$AAr?$AA?$AA@ 0000000140012950     libucrt:lcidtoname_downlevel.obj
 0002:00003958       ??_C@_17KPNDCPAF@?$AAd?$AAi?$AAv?$AA?$AA@ 0000000140012958     libucrt:lcidtoname_downlevel.obj
 0002:00003960       ??_C@_1M@OKAHONE@?$AAa?$AAr?$AA?9?$AAS?$AAA?$AA?$AA@ 0000000140012960     libucrt:lcidtoname_downlevel.obj
 0002:00003970       ??_C@_1M@FFFIGIGK@?$AAb?$AAg?$AA?9?$AAB?$AAG?$AA?$AA@ 0000000140012970     libucrt:lcidtoname_downlevel.obj
 0002:00003980       ??_C@_1M@BJNKEDC@?$AAc?$AAa?$AA?9?$AAE?$AAS?$AA?$AA@ 0000000140012980     libucrt:lcidtoname_downlevel.obj
 0002:00003990       ??_C@_1M@IJJHFJHA@?$AAc?$AAs?$AA?9?$AAC?$AAZ?$AA?$AA@ 0000000140012990     libucrt:lcidtoname_downlevel.obj
 0002:000039a0       ??_C@_1M@CLPEOBGI@?$AAd?$AAa?$AA?9?$AAD?$AAK?$AA?$AA@ 00000001400129a0     libucrt:lcidtoname_downlevel.obj
 0002:000039b0       ??_C@_1M@MCMADGCB@?$AAd?$AAe?$AA?9?$AAD?$AAE?$AA?$AA@ 00000001400129b0     libucrt:lcidtoname_downlevel.obj
[...]
 0004:00000738       $pdata$?setSBUpLow@@YAXPEAU__crt_multibyte_data@@@Z 000000014001b738     libucrt:mbctype.obj
 0004:00000744       $pdata$?setmbcp_internal@@YAHH_N@Z 000000014001b744     libucrt:mbctype.obj
 0004:00000750       $pdata$__acrt_initialize_multibyte 000000014001b750     libucrt:mbctype.obj
 0004:0000075c       $pdata$__acrt_update_thread_multibyte_data 000000014001b75c     libucrt:mbctype.obj
 0004:00000768       $pdata$_setmbcp_nolock     000000014001b768     libucrt:mbctype.obj
 0004:00000774       $pdata$?x_ismbbtype_l@@YAHPEAU__crt_locale_pointers@@IHH@Z 000000014001b774     libucrt:ismbbyte.obj
 0004:00000780       $pdata$__acrt_initialize_command_line 000000014001b780     libucrt:argv_data.obj
 0004:0000078c       $pdata$__dcrt_get_narrow_environment_from_os 000000014001b78c     libucrt:get_environment_from_os.obj
 0004:00000798       $pdata$__acrt_initialize_locks 000000014001b798     libucrt:locks.obj
 0004:000007a4       $pdata$__acrt_uninitialize_locks 000000014001b7a4     libucrt:locks.obj
 0004:000007b0       $pdata$?try_get_function@@YAPEAXW4function_id@?A0x63058377@@QEBDQEBW4module_id@2@2@Z 000000014001b7b0     libucrt:winapi_thunks.obj
 0004:000007bc       $pdata$__acrt_FlsAlloc     000000014001b7bc     libucrt:winapi_thunks.obj
 0004:000007c8       $pdata$__acrt_FlsFree      000000014001b7c8     libucrt:winapi_thunks.obj
 0004:000007d4       $pdata$__acrt_FlsGetValue  000000014001b7d4     libucrt:winapi_thunks.obj
 0004:000007e0       $pdata$__acrt_FlsSetValue  000000014001b7e0     libucrt:winapi_thunks.obj
 0004:000007ec       $pdata$__acrt_InitializeCriticalSectionEx 000000014001b7ec     libucrt:winapi_thunks.obj
 0004:000007f8       $pdata$__acrt_LCMapStringEx 000000014001b7f8     libucrt:winapi_thunks.obj
 0004:00000804       $pdata$__acrt_LocaleNameToLCID 000000014001b804     libucrt:winapi_thunks.obj
 0004:00000810       $pdata$__acrt_initialize_winapi_thunks 000000014001b810     libucrt:winapi_thunks.obj
 0004:0000081c       $pdata$__acrt_is_packaged_app 000000014001b81c     libucrt:winapi_thunks.obj
 0004:00000828       $pdata$__acrt_uninitialize_winapi_thunks 000000014001b828     libucrt:winapi_thunks.obj
 0004:00000834       $pdata$__acrt_lowio_create_handle_array 000000014001b834     libucrt:osfinfo.obj
 0004:00000840       $pdata$__acrt_lowio_destroy_handle_array 000000014001b840     libucrt:osfinfo.obj
 0004:0000084c       $pdata$__acrt_lowio_ensure_fh_exists 000000014001b84c     libucrt:osfinfo.obj
 0004:00000858       $pdata$_free_osfhnd        000000014001b858     libucrt:osfinfo.obj
 0004:00000864       $pdata$_get_osfhandle      000000014001b864     libucrt:osfinfo.obj
 0004:00000870       $pdata$?initialize_inherited_file_handles_nolock@@YAXXZ 000000014001b870     libucrt:ioinit.obj
 0004:0000087c       $pdata$?initialize_stdio_handles_nolock@@YAXXZ 000000014001b87c     libucrt:ioinit.obj
 0004:00000888       $pdata$__acrt_initialize_lowio 000000014001b888     libucrt:ioinit.obj
 0004:00000894       $pdata$__acrt_uninitialize_lowio 000000014001b894     libucrt:ioinit.obj
 0004:000008a0       $pdata$__acrt_locale_free_monetary 000000014001b8a0     libucrt:initmon.obj
 0004:000008ac       $pdata$__acrt_locale_free_numeric 000000014001b8ac     libucrt:initnum.obj
 0004:000008b8       $pdata$?free_crt_array_internal@@YAXQEAPEBX_K@Z 000000014001b8b8     libucrt:inittime.obj
 0004:000008c4       $pdata$__acrt_locale_free_time 000000014001b8c4     libucrt:inittime.obj
 0004:000008d0       $pdata$__pctype_func       000000014001b8d0     libucrt:ctype.obj
 0004:000008dc       $pdata$__acrt_GetStringTypeA 000000014001b8dc     libucrt:getstringtypea.obj
 0004:000008e8       $pdata$__acrt_free_locale  000000014001b8e8     libucrt:locale_refcounting.obj
 0004:000008f4       $pdata$__acrt_locale_free_lc_time_if_unreferenced 000000014001b8f4     libucrt:locale_refcounting.obj
 0004:00000900       $pdata$__acrt_release_locale_ref 000000014001b900     libucrt:locale_refcounting.obj
 0004:0000090c       $pdata$__acrt_update_thread_locale_data 000000014001b90c     libucrt:locale_refcounting.obj
 0004:00000918       $pdata$_updatetlocinfoEx_nolock 000000014001b918     libucrt:locale_refcounting.obj
 0004:00000924       $pdata$_recalloc_base      000000014001b924     libucrt:recalloc.obj
 0004:00000930       $pdata$__acrt_initialize_heap 000000014001b930     libucrt:heap_handle.obj
 0004:0000093c       $pdata$__acrt_execute_initializers 000000014001b93c     libucrt:shared_initialization.obj
 0004:00000948       $pdata$__acrt_execute_uninitializers 000000014001b948     libucrt:shared_initialization.obj
 0004:00000954       $pdata$_callnewh           000000014001b954     libucrt:new_handler.obj
 0004:00000960       $pdata$_query_new_handler  000000014001b960     libucrt:new_handler.obj
 0004:0000096c       $pdata$??$?RV<lambda_c36588078e9f5dfd39652860aa6b3aaf>@@AEAV<lambda_ec61778202f4f5fc7e7711acc23c3bca>@@V<lambda_dc9d2797ccde5d239b4a0efae8ebd7db>@@@?$__crt_seh_guarded_call@P6AXH@Z@@QEAAP6AXH@Z$$QEAV<lambda_c36588078e9f5dfd39652860aa6b3aaf>@@AEAV<lambda_ec61778202f4f5fc7e7711acc23c3bca>@@$$QEAV<lambda_dc9d2797ccde5d239b4a0efae8ebd7db>@@@Z 000000014001b96c     libucrt:signal.obj
 0004:00000978       $pdata$__acrt_get_sigabrt_handler 000000014001b978     libucrt:signal.obj
 0004:00000984       $pdata$raise               000000014001b984     libucrt:signal.obj
 0004:00000990       $pdata$_mbtowc_l           000000014001b990     libucrt:mbtowc.obj
 0004:0000099c       $pdata$__acrt_update_locale_info 000000014001b99c     libucrt:locale_update.obj
 0004:000009a8       $pdata$__acrt_update_multibyte_info 000000014001b9a8     libucrt:locale_update.obj
 0004:000009b4       $pdata$_fileno             000000014001b9b4     libucrt:fileno.obj
 0004:000009c0       $pdata$__acrt_initialize_stdio 000000014001b9c0     libucrt:_file.obj
 0004:000009cc       $pdata$__acrt_uninitialize_stdio 000000014001b9cc     libucrt:_file.obj
 0004:000009d8       $pdata$_call_matherr       000000014001b9d8     libucrt:libm_error.obj
 0004:000009e4       $pdata$_exception_enabled  000000014001b9e4     libucrt:libm_error.obj
 0004:000009f0       $pdata$_handle_error       000000014001b9f0     libucrt:libm_error.obj
 0004:000009fc       $pdata$_handle_errorf      000000014001b9fc     libucrt:libm_error.obj
 0004:00000a08       $pdata$?shortsort@@YAXPEAD0_KP6AHPEBX2@Z@Z 000000014001ba08     libucrt:qsort.obj
 0004:00000a14       $pdata$2$?shortsort@@YAXPEAD0_KP6AHPEBX2@Z@Z 000000014001ba14     libucrt:qsort.obj
 0004:00000a20       $pdata$3$?shortsort@@YAXPEAD0_KP6AHPEBX2@Z@Z 000000014001ba20     libucrt:qsort.obj
 0004:00000a2c       $pdata$qsort               000000014001ba2c     libucrt:qsort.obj
 0004:00000a38       $pdata$4$qsort             000000014001ba38     libucrt:qsort.obj
 0004:00000a44       $pdata$5$qsort             000000014001ba44     libucrt:qsort.obj
 0004:00000a50       $pdata$strncpy_s           000000014001ba50     libucrt:strncpy_s.obj
 0004:00000a5c       $pdata$strpbrk             000000014001ba5c     libucrt:strpbrk.obj
 0004:00000a68       $pdata$_mbsdec_l           000000014001ba68     libucrt:mbsdec.obj
 0004:00000a74       $pdata$?initialize_multibyte@@YAHXZ 000000014001ba74     libucrt:multibyte_initializer.obj
 0004:00000a80       $pdata$?__acrt_LCMapStringA_stat@@YAHPEAU__crt_locale_pointers@@PEB_WKPEBDHPEADHHH@Z 000000014001ba80     libucrt:lcmapstringa.obj
 0004:00000a8c       $pdata$__acrt_LCMapStringA 000000014001ba8c     libucrt:lcmapstringa.obj
 0004:00000a98       $pdata$?GetTableIndexFromLocaleName@@YAHPEB_W@Z 000000014001ba98     libucrt:lcidtoname_downlevel.obj
 0004:00000aa4       $pdata$__acrt_DownlevelLocaleNameToLCID 000000014001baa4     libucrt:lcidtoname_downlevel.obj
 0004:00000ab0       $pdata$_msize              000000014001bab0     libucrt:msize.obj
 0004:00000abc       $pdata$_realloc_base       000000014001babc     libucrt:realloc_base.obj
 0004:00000ac8       $pdata$_isatty             000000014001bac8     libucrt:isatty.obj
 0004:00000ad4       $pdata$__acrt_stdio_flush_nolock 000000014001bad4     libucrt:fflush.obj
 0004:00000ae0       $pdata$_fflush_nolock      000000014001bae0     libucrt:fflush.obj
 0004:00000aec       $pdata$common_flush_all    000000014001baec     libucrt:fflush.obj
 0004:00000af8       $pdata$_isleadbyte_l       000000014001baf8     libucrt:_wctype.obj
 0004:00000b04       $pdata$_fcloseall          000000014001bb04     libucrt:closeall.obj
 0004:00000b10       $pdata$__acrt_stdio_free_buffer_nolock 000000014001bb10     libucrt:_freebuf.obj
 0004:00000b1c       $pdata$_raise_exc          000000014001bb1c     libucrt:fpexcept.obj
 0004:00000b28       $pdata$_raise_exc_ex       000000014001bb28     libucrt:fpexcept.obj
 0004:00000b34       $pdata$_raise_excf         000000014001bb34     libucrt:fpexcept.obj
 0004:00000b40       $pdata$_set_errno_from_matherr 000000014001bb40     libucrt:fpexcept.obj
 0004:00000b4c       $pdata$_clrfp              000000014001bb4c     libucrt:fpctrl.obj
 0004:00000b58       $pdata$_ctrlfp             000000014001bb58     libucrt:fpctrl.obj
 0004:00000b64       $pdata$_set_statfp         000000014001bb64     libucrt:fpctrl.obj
 0004:00000b70       $pdata$_statfp             000000014001bb70     libucrt:fpctrl.obj
 0004:00000b7c       $pdata$??$?RV<lambda_b521505b218e5242e90febf6bfebc422>@@AEAV<lambda_6978c1fb23f02e42e1d9e99668cc68aa>@@V<lambda_314360699dd331753a4119843814e9a7>@@@?$__crt_seh_guarded_call@H@@QEAAH$$QEAV<lambda_b521505b218e5242e90febf6bfebc422>@@AEAV<lambda_6978c1fb23f02e42e1d9e99668cc68aa>@@$$QEAV<lambda_314360699dd331753a4119843814e9a7>@@@Z 000000014001bb7c     libucrt:commit.obj
 0004:00000b88       $pdata$_commit             000000014001bb88     libucrt:commit.obj
 0004:00000b94       $pdata$?write_double_translated_ansi_nolock@@YA?AUwrite_result@?A0x9c548279@@HQEBDI@Z 000000014001bb94     libucrt:write.obj
 0004:00000ba0       $pdata$?write_text_ansi_nolock@@YA?AUwrite_result@?A0x9c548279@@HQEBDI@Z 000000014001bba0     libucrt:write.obj
 0004:00000bac       $pdata$?write_text_utf16le_nolock@@YA?AUwrite_result@?A0x9c548279@@HQEBDI@Z 000000014001bbac     libucrt:write.obj
 0004:00000bb8       $pdata$?write_text_utf8_nolock@@YA?AUwrite_result@?A0x9c548279@@HQEBDI@Z 000000014001bbb8     libucrt:write.obj
 0004:00000bc4       $pdata$_write              000000014001bbc4     libucrt:write.obj
 0004:00000bd0       $pdata$_write_nolock       000000014001bbd0     libucrt:write.obj
 0004:00000be8       $pdata$??$common_lseek_nolock@_J@@YA_JH_JH@Z 000000014001bbe8     libucrt:lseek.obj
 0004:00000bf4       $pdata$_fclose_nolock      000000014001bbf4     libucrt:fclose.obj
 0004:00000c00       $pdata$fclose              000000014001bc00     libucrt:fclose.obj
 0004:00000c18       $pdata$_putwch_nolock      000000014001bc18     libucrt:putwch.obj
 0004:00000c24       $pdata$_log10_special      000000014001bc24     libucrt:log_special.obj
 0004:00000c30       $pdata$_log_special_common 000000014001bc30     libucrt:log_special.obj
 0004:00000c3c       $pdata$??$?RV<lambda_bfedae4ebbf01fab1bb6dcc6a9e276e0>@@AEAV<lambda_2fe9b910cf3cbf4a0ab98a02ba45b3ec>@@V<lambda_237c231691f317818eb88cc1d5d642d6>@@@?$__crt_seh_guarded_call@H@@QEAAH$$QEAV<lambda_bfedae4ebbf01fab1bb6dcc6a9e276e0>@@AEAV<lambda_2fe9b910cf3cbf4a0ab98a02ba45b3ec>@@$$QEAV<lambda_237c231691f317818eb88cc1d5d642d6>@@@Z 000000014001bc3c     libucrt:close.obj
 0004:00000c48       $pdata$_close              000000014001bc48     libucrt:close.obj
 0004:00000c54       $pdata$_close_nolock       000000014001bc54     libucrt:close.obj
 0004:00000c60       $pdata$__dcrt_lowio_initialize_console_output 000000014001bc60     libucrt:initcon.obj
 0004:00000c6c       $pdata$__dcrt_terminate_console_output 000000014001bc6c     libucrt:initcon.obj
 0004:00000c78       $pdata$_IsNonwritableInCurrentImage 000000014001bc78     LIBCMT:pesect.obj
 0004:00000cb4       $pdata$?filt$0@?0??__scrt_common_main_seh@@YAHXZ@4HA 000000014001bcb4     LIBCMT:exe_winmain.obj
 0004:00000cc0       $pdata$__scrt_is_nonwritable_in_current_image$filt$0 000000014001bcc0     LIBCMT:utility.obj
 0004:00000ccc       $pdata$?filt$0@?0??common_exit@@YAXHW4_crt_exit_cleanup_mode@@W4_crt_exit_return_mode@@@Z@4HA 000000014001bccc     libucrt:exit.obj
 0004:00000cd8       $pdata$?fin$1@?0??common_exit@@YAXHW4_crt_exit_cleanup_mode@@W4_crt_exit_return_mode@@@Z@4HA 000000014001bcd8     libucrt:exit.obj
 0004:00000ce4       $pdata$?fin$0@?0???$?RV<lambda_72d1df2b273a38828b1ce30cbf4cdab5>@@AEAV<lambda_876a65b173b8412d3a47c70a915b0cf4>@@V<lambda_41932305e351933ebe8f8be3ed8bb5dc>@@@?$__crt_seh_guarded_call@X@@QEAAX$$QEAV<lambda_72d1df2b273a38828b1ce30cbf4cdab5>@@AEAV<lambda_876a65b173b8412d3a47c70a915b0cf4>@@$$QEAV<lambda_41932305e351933ebe8f8be3ed8bb5dc>@@@Z@4HA 000000014001bce4     libucrt:per_thread_data.obj
 0004:00000ce4       $pdata$?fin$0@?0???$?RV<lambda_5e887d1dcbef67a5eb4283622ba103bf>@@AEAV<lambda_4466841279450cc726390878d4a41900>@@V<lambda_341c25c0346d94847f1f3c463c57e077>@@@?$__crt_seh_guarded_call@X@@QEAAX$$QEAV<lambda_5e887d1dcbef67a5eb4283622ba103bf>@@AEAV<lambda_4466841279450cc726390878d4a41900>@@$$QEAV<lambda_341c25c0346d94847f1f3c463c57e077>@@@Z@4HA 000000014001bce4     libucrt:per_thread_data.obj
 0004:00000ce4       $pdata$?fin$0@?0???$?RV<lambda_c36588078e9f5dfd39652860aa6b3aaf>@@AEAV<lambda_ec61778202f4f5fc7e7711acc23c3bca>@@V<lambda_dc9d2797ccde5d239b4a0efae8ebd7db>@@@?$__crt_seh_guarded_call@P6AXH@Z@@QEAAP6AXH@Z$$QEAV<lambda_c36588078e9f5dfd39652860aa6b3aaf>@@AEAV<lambda_ec61778202f4f5fc7e7711acc23c3bca>@@$$QEAV<lambda_dc9d2797ccde5d239b4a0efae8ebd7db>@@@Z@4HA 000000014001bce4     libucrt:signal.obj
 0004:00000ce4       $pdata$?fin$0@?0???$?RV<lambda_46352004c1216016012b18bd6f87e700>@@AEAV<lambda_3bd07e1a1191394380780325891bf33f>@@V<lambda_334532d3f185bcaa59b5be82d7d22bff>@@@?$__crt_seh_guarded_call@X@@QEAAX$$QEAV<lambda_46352004c1216016012b18bd6f87e700>@@AEAV<lambda_3bd07e1a1191394380780325891bf33f>@@$$QEAV<lambda_334532d3f185bcaa59b5be82d7d22bff>@@@Z@4HA 000000014001bce4     libucrt:per_thread_data.obj
 0004:00000ce4       $pdata$?fin$0@?0???$?RV<lambda_fb3a7dec4e47f37f22dae91bb15c9095>@@AEAV<lambda_698284760c8add0bfb0756c19673e34b>@@V<lambda_dfb8eca1e75fef3034a8fb18dd509707>@@@?$__crt_seh_guarded_call@X@@QEAAX$$QEAV<lambda_fb3a7dec4e47f37f22dae91bb15c9095>@@AEAV<lambda_698284760c8add0bfb0756c19673e34b>@@$$QEAV<lambda_dfb8eca1e75fef3034a8fb18dd509707>@@@Z@4HA 000000014001bce4     libucrt:per_thread_data.obj
 0004:00000ce4       $pdata$?fin$0@?0???$?RV<lambda_b8c45f8f788dd370798f47cfe8ac3a86>@@AEAV<lambda_4e60a939b0d047cfe11ddc22648dfba9>@@V<lambda_332c3edc96d0294ec56c57d38c1cdfd5>@@@?$__crt_seh_guarded_call@H@@QEAAH$$QEAV<lambda_b8c45f8f788dd370798f47cfe8ac3a86>@@AEAV<lambda_4e60a939b0d047cfe11ddc22648dfba9>@@$$QEAV<lambda_332c3edc96d0294ec56c57d38c1cdfd5>@@@Z@4HA 000000014001bce4     libucrt:onexit.obj
 0004:00000ce4       $pdata$?fin$0@?0???$?RV<lambda_99476a1ad63dd22509b5d3e65b0ffc95>@@AEAV<lambda_ad1ced32f4ac17aa236e5ef05d6b3b7c>@@V<lambda_f7424dd8d45958661754dc4f2697e9c3>@@@?$__crt_seh_guarded_call@X@@QEAAX$$QEAV<lambda_99476a1ad63dd22509b5d3e65b0ffc95>@@AEAV<lambda_ad1ced32f4ac17aa236e5ef05d6b3b7c>@@$$QEAV<lambda_f7424dd8d45958661754dc4f2697e9c3>@@@Z@4HA 000000014001bce4     libucrt:mbctype.obj
 0004:00000cf0       $pdata$?fin$0@?0???$?RV<lambda_e24bbb7b643b32fcea6fa61b31d4c984>@@AEAV<lambda_275893d493268fdec8709772e3fcec0e>@@V<lambda_9d71df4d7cf3f480f8d633942495c3b0>@@@?$__crt_seh_guarded_call@H@@QEAAH$$QEAV<lambda_e24bbb7b643b32fcea6fa61b31d4c984>@@AEAV<lambda_275893d493268fdec8709772e3fcec0e>@@$$QEAV<lambda_9d71df4d7cf3f480f8d633942495c3b0>@@@Z@4HA 000000014001bcf0     libucrt:onexit.obj
 0004:00000cfc       $pdata$__acrt_update_thread_multibyte_data$fin$0 000000014001bcfc     libucrt:mbctype.obj
 0004:00000d08       $pdata$__acrt_initialize_lowio$fin$0 000000014001bd08     libucrt:ioinit.obj
 0004:00000d08       $pdata$__acrt_lowio_ensure_fh_exists$fin$0 000000014001bd08     libucrt:osfinfo.obj
 0004:00000d14       $pdata$__acrt_update_thread_locale_data$fin$0 000000014001bd14     libucrt:locale_refcounting.obj
 0004:00000d14       $pdata$__acrt_uninitialize_locale$fin$0 000000014001bd14     libucrt:wsetlocale.obj
 0004:00000d20       $pdata$_query_new_handler$fin$0 000000014001bd20     libucrt:new_handler.obj
 0004:00000d2c       $pdata$raise$fin$0         000000014001bd2c     libucrt:signal.obj
 0004:00000d38       $pdata$common_flush_all$fin$0 000000014001bd38     libucrt:fflush.obj
 0004:00000d44       $pdata$common_flush_all$fin$1 000000014001bd44     libucrt:fflush.obj
 0004:00000d50       $pdata$_fcloseall$fin$0    000000014001bd50     libucrt:closeall.obj
 0004:00000d5c       $pdata$_ctrlfp$filt$0      000000014001bd5c     libucrt:fpctrl.obj
 0004:00000d68       $pdata$_write$fin$0        000000014001bd68     libucrt:write.obj
 0004:00000d74       $pdata$fclose$fin$0        000000014001bd74     libucrt:fclose.obj
 0004:00000d80       $pdata$?fin$0@?0???$?RV<lambda_bfedae4ebbf01fab1bb6dcc6a9e276e0>@@AEAV<lambda_2fe9b910cf3cbf4a0ab98a02ba45b3ec>@@V<lambda_237c231691f317818eb88cc1d5d642d6>@@@?$__crt_seh_guarded_call@H@@QEAAH$$QEAV<lambda_bfedae4ebbf01fab1bb6dcc6a9e276e0>@@AEAV<lambda_2fe9b910cf3cbf4a0ab98a02ba45b3ec>@@$$QEAV<lambda_237c231691f317818eb88cc1d5d642d6>@@@Z@4HA 000000014001bd80     libucrt:close.obj
 0004:00000d80       $pdata$?fin$0@?0???$?RV<lambda_b521505b218e5242e90febf6bfebc422>@@AEAV<lambda_6978c1fb23f02e42e1d9e99668cc68aa>@@V<lambda_314360699dd331753a4119843814e9a7>@@@?$__crt_seh_guarded_call@H@@QEAAH$$QEAV<lambda_b521505b218e5242e90febf6bfebc422>@@AEAV<lambda_6978c1fb23f02e42e1d9e99668cc68aa>@@$$QEAV<lambda_314360699dd331753a4119843814e9a7>@@@Z@4HA 000000014001bd80     libucrt:commit.obj
 0004:00000d8c       $pdata$_IsNonwritableInCurrentImage$filt$0 000000014001bd8c     LIBCMT:pesect.obj
 0005:00000000       __guard_fids__             000000014001c000     libucrt:initialization.obj
 0005:00000060       __guard_fids___acrt_initialize_ptd 000000014001c060     libucrt:per_thread_data.obj
 0005:00000064       __guard_fids_??$expand_argument_wildcards@D@@YAHQEAD0AEAV?$argument_list@D@?A0xca0879c4@@@Z 000000014001c064     libucrt:argv_wildcards.obj
 0005:00000068       __guard_fids__             000000014001c068     libucrt:locale_initializer.obj
 0005:0000006c       __guard_fids__             000000014001c06c     libucrt:fma3_initializer.obj
 0005:00000070       __guard_fids__             000000014001c070     libucrt:multibyte_initializer.obj
 0005:00000074       __guard_fids__             000000014001c074     libucrt:stdio_initializer.obj
 0005:00000078       __guard_fids__             000000014001c078     libucrt:stdio_initializer.obj
 0005:0000007c       __guard_fids__             000000014001c07c     libucrt:console_output_initializer.obj
 0005:00000080       __guard_fids__             000000014001c080     LIBCMT:exe_winmain.obj
 0005:00000084       __guard_fids__             000000014001c084     LIBCMT:exe_winmain.obj
 0005:00000088       __guard_fids__             000000014001c088     LIBCMT:exe_winmain.obj
 0005:0000008c       __guard_fids_?pre_c_initialization@@YAHXZ 000000014001c08c     LIBCMT:exe_winmain.obj
 0005:00000094       __guard_fids___scrt_set_unhandled_exception_filter 000000014001c094     LIBCMT:utility_desktop.obj
 0005:00000098       __guard_fids__             000000014001c098     LIBCMT:guard_support.obj
 0005:0000009c       __guard_fids__             000000014001c09c     libvcruntime:telemetry.obj
 0005:000000a0       __guard_fids_?TraceLoggingRegister@__vcrt_trace_logging_provider@@YAJPEBU_TlgProvider_t@1@PEBU_GUID@@P6AX1KE_K2PEAU_EVENT_FILTER_DESCRIPTOR@@PEAX@Z4@Z 000000014001c0a0     libvcruntime:telemetry.obj
 0005:000000a4       __guard_fids___vcrt_initialize_ptd 000000014001c0a4     libvcruntime:per_thread_data.obj
