 win32_handmade

 Timestamp is 58a908f3 (Sat Feb 18 20:54:43 2017)

 Preferred load address is 0000000140000000

 Start         Length     Name                   Class
 0001:00000000 00000627H .text                   CODE
 0001:00000630 00034f5aH .text$mn                CODE
 0001:00035590 00000012H .text$mn$00             CODE
 0001:000355b0 00000689H .text$x                 CODE
 0002:00000000 00000370H .idata$5                DATA
 0002:00000370 00000010H .00cfg                  DATA
 0002:00000380 00000008H .CRT$XCA                DATA
 0002:00000388 00000008H .CRT$XCAA               DATA
 0002:00000390 00000008H .CRT$XCZ                DATA
 0002:00000398 00000008H .CRT$XIA                DATA
 0002:000003a0 00000008H .CRT$XIAA               DATA
 0002:000003a8 00000008H .CRT$XIAC               DATA
 0002:000003b0 00000018H .CRT$XIC                DATA
 0002:000003c8 00000008H .CRT$XIZ                DATA
 0002:000003d0 00000008H .CRT$XPA                DATA
 0002:000003d8 00000010H .CRT$XPX                DATA
 0002:000003e8 00000008H .CRT$XPXA               DATA
 0002:000003f0 00000008H .CRT$XPZ                DATA
 0002:000003f8 00000008H .CRT$XTA                DATA
 0002:00000400 00000008H .CRT$XTZ                DATA
 0002:00000410 0000fc64H .rdata                  DATA
 0002:00010078 0000016cH .rdata$r                DATA
 0002:000101e8 00000010H .rdata$zETW0            DATA
 0002:000101f8 00000077H .rdata$zETW1            DATA
 0002:0001026f 0000002cH .rdata$zETW2            DATA
 0002:0001029b 00000001H .rdata$zETW9            DATA
 0002:0001029c 000003b4H .rdata$zzzdbg           DATA
 0002:00010650 00000008H .rtc$IAA                DATA
 0002:00010658 00000008H .rtc$IZZ                DATA
 0002:00010660 00000008H .rtc$TAA                DATA
 0002:00010668 00000008H .rtc$TZZ                DATA
 0002:00010670 00001054H .xdata                  DATA
 0002:000116c8 00000084H .xdata$x                DATA
 0002:0001174c 00000000H .edata                  DATA
 0002:0001174c 00000064H .idata$2                DATA
 0002:000117b0 00000014H .idata$3                DATA
 0002:000117c8 00000370H .idata$4                DATA
 0002:00011b38 000007b0H .idata$6                DATA
 0003:00000000 000009a0H .data                   DATA
 0003:000009a0 0000006cH .data$r                 DATA
 0003:00000a10 000018c0H .bss                    DATA
 0004:00000000 000029dcH .pdata                  DATA
 0005:00000000 00000088H .gfids$x                DATA
 0005:00000088 00000048H .gfids$y                DATA

  Address         Publics by Value              Rva+Base               Lib:Object

 0000:00000000       __guard_iat_table          0000000000000000     <absolute>
 0000:00000000       __guard_iat_count          0000000000000000     <absolute>
 0000:00000000       __guard_fids_count         0000000000000000     <absolute>
 0000:00000000       __guard_longjmp_table      0000000000000000     <absolute>
 0000:00000000       __guard_longjmp_count      0000000000000000     <absolute>
 0000:00000000       ___safe_se_handler_table   0000000000000000     <absolute>
 0000:00000000       ___safe_se_handler_count   0000000000000000     <absolute>
 0000:00000000       __guard_fids_table         0000000000000000     <absolute>
 0000:00000100       __guard_flags              0000000000000100     <absolute>
 0000:00000000       __ImageBase                0000000140000000     <linker-defined>
 0001:00000000       ?TraceLoggingRegister@__vcrt_trace_logging_provider@@YAJPEBU_TlgProvider_t@1@PEBU_GUID@@P6AX1KE_K2PEAU_EVENT_FILTER_DESCRIPTOR@@PEAX@Z4@Z 0000000140001000 f i libvcruntimed:telemetry.obj
 0001:000000f0       ?TraceLoggingSetInformation@__vcrt_trace_logging_provider@@YAJPEBU_TlgProvider_t@1@W4_EVENT_INFO_CLASS@@PEAXK@Z 00000001400010f0 f i libvcruntimed:telemetry.obj
 0001:00000140       ?TraceLoggingUnregister@__vcrt_trace_logging_provider@@YAXPEBU_TlgProvider_t@1@@Z 0000000140001140 f i libvcruntimed:telemetry.obj
 0001:00000170       ?_TlgCreateSz@__vcrt_trace_logging_provider@@YAXPEAU_EVENT_DATA_DESCRIPTOR@@PEBD@Z 0000000140001170 f i libvcruntimed:telemetry.obj
 0001:000001e0       ?_TlgCreateWsz@__vcrt_trace_logging_provider@@YAXPEAU_EVENT_DATA_DESCRIPTOR@@PEB_W@Z 00000001400011e0 f i libvcruntimed:telemetry.obj
 0001:00000250       ?_TlgEnableCallback@__vcrt_trace_logging_provider@@YAXPEBU_GUID@@KE_K1PEAU_EVENT_FILTER_DESCRIPTOR@@PEAX@Z 0000000140001250 f i libvcruntimed:telemetry.obj
 0001:00000370       ?_TlgKeywordOn@__vcrt_trace_logging_provider@@YAEPEBU_TlgProvider_t@1@_K@Z 0000000140001370 f i libvcruntimed:telemetry.obj
 0001:000003e0       ?_TlgWrite@__vcrt_trace_logging_provider@@YAJPEBU_TlgProvider_t@1@PEFBXPEBU_GUID@@2IPEAU_EVENT_DATA_DESCRIPTOR@@@Z 00000001400013e0 f i libvcruntimed:telemetry.obj
 0001:00000630       WinMain                    0000000140001630 f   win32_handmade.obj
 0001:00001cd0       ?XInputGetStateStub@@YAKKPEAU_XINPUT_STATE@@@Z 0000000140002cd0 f   win32_handmade.obj
 0001:00001cf0       ?XInputSetStateStub@@YAKKPEAU_XINPUT_VIBRATION@@@Z 0000000140002cf0 f   win32_handmade.obj
 0001:00001d10       ?Win32_GetWinDim@@YA?AUwin32_WinDim@@PEAUHWND__@@@Z 0000000140002d10 f   win32_handmade.obj
 0001:00002520       ?DEBUG_Platform_FreeFileMemory@@YAXPEAUThreadContext@@PEAX@Z 0000000140003520 f   win32_handmade.obj
 0001:00002560       ?DEBUG_Platform_ReadEntireFile@@YA?AUDebugReadFile@@PEAUThreadContext@@PEAD@Z 0000000140003560 f   win32_handmade.obj
 0001:000026b0       ?DEBUG_Platform_WriteEntireFile@@YA_NPEAUThreadContext@@PEADIPEAX@Z 00000001400036b0 f   win32_handmade.obj
 0001:00002960       ?Win32_WindowProc@@YA_JPEAUHWND__@@I_K_J@Z 0000000140003960 f   win32_handmade.obj
 0001:00002b20       ?catString@@YAX_KPEAD0101@Z 0000000140003b20 f   win32_handmade.obj
 0001:00003ac0       ?Win32_drawSoundBufferMarker@@YAXPEAUwin32_Buffer@@PEAUwin32_SoundInfo@@MHHHKI@Z 0000000140004ac0 f i win32_handmade.obj
 0001:00003b40       ?Win32_getLastWriteTime@@YA?AU_FILETIME@@PEAD@Z 0000000140004b40 f i win32_handmade.obj
 0001:00003bb0       ?Win32_getSecondsElapsed@@YAMT_LARGE_INTEGER@@0@Z 0000000140004bb0 f i win32_handmade.obj
 0001:00003bf0       ?Win32_getWallClock@@YA?AT_LARGE_INTEGER@@XZ 0000000140004bf0 f i win32_handmade.obj
 0001:00003c10       ?getController@@YAPEAUGameControllerInput@@PEAUGameInput@@H@Z 0000000140004c10 f i win32_handmade.obj
 0001:00003c60       ?safeTruncateUInt64@@YAI_K@Z 0000000140004c60 f i win32_handmade.obj
 0001:00003c90       __GSHandlerCheck           0000000140004c90 f   LIBCMTD:_gshandler_.obj
 0001:00003cd0       __GSHandlerCheckCommon     0000000140004cd0 f   LIBCMTD:_gshandler_.obj
 0001:00003de0       __chkstk                   0000000140004de0 f   LIBCMTD:_chkstk_.obj
 0001:00003de0       _alloca_probe              0000000140004de0 f   LIBCMTD:_chkstk_.obj
 0001:00003e50       __security_check_cookie    0000000140004e50 f   LIBCMTD:_amdsecgs_.obj
 0001:00004130       ?configure_argv@__scrt_narrow_argv_policy@@SAHXZ 0000000140005130 f i LIBCMTD:exe_winmain.obj
 0001:00004150       ?get_app_type@__scrt_winmain_policy@@SA?AW4_crt_app_type@@XZ 0000000140005150 f i LIBCMTD:exe_winmain.obj
 0001:000041b0       WinMainCRTStartup          00000001400051b0 f   LIBCMTD:exe_winmain.obj
 0001:000041c0       __raise_securityfailure    00000001400051c0 f   LIBCMTD:gs_report.obj
 0001:00004200       __report_gsfailure         0000000140005200 f   LIBCMTD:gs_report.obj
 0001:000042e0       __report_rangecheckfailure 00000001400052e0 f   LIBCMTD:gs_report.obj
 0001:00004300       __report_securityfailure   0000000140005300 f   LIBCMTD:gs_report.obj
 0001:00004460       ??$__crt_fast_encode_pointer@PEAP6AXXZ@@YAPEAP6AXXZQEAP6AXXZ@Z 0000000140005460 f i LIBCMTD:utility.obj
 0001:00004460       ??$__crt_fast_encode_pointer@P6AXXZ@@YAP6AXXZQ6AXXZ@Z 0000000140005460 f i libvcruntimed:purevirt_data.obj
 0001:00004460       ??$__crt_fast_encode_pointer@P6AHXZ@@YAP6AHXZQ6AHXZ@Z 0000000140005460 f i libucrtd:onexit.obj
 0001:00004460       ??$__crt_fast_encode_pointer@P6AXPEAXK0@Z@@YAP6AXPEAXK0@ZQ6AX0K0@Z@Z 0000000140005460 f i libucrtd:exit.obj
 0001:00004460       ??$__crt_fast_encode_pointer@PEAX@@YAPEAXQEAX@Z 0000000140005460 f i libvcruntimed:winapi_downlevel.obj
 0001:00004460       ??$__crt_fast_encode_pointer@P6AHPEAU_exception@@@Z@@YAP6AHPEAU_exception@@@ZQ6AH0@Z@Z 0000000140005460 f i libucrtd:matherr.obj
 0001:00004460       ??$__crt_fast_encode_pointer@P6AXH@Z@@YAP6AXH@ZQ6AXH@Z@Z 0000000140005460 f i libucrtd:signal.obj
 0001:000044a0       ?__crt_rotate_pointer_value@@YA_K_KH@Z 00000001400054a0 f i LIBCMTD:utility.obj
 0001:00004620       NtCurrentTeb               0000000140005620 f i LIBCMTD:utility.obj
 0001:00004630       __scrt_acquire_startup_lock 0000000140005630 f   LIBCMTD:utility.obj
 0001:000046a0       __scrt_initialize_crt      00000001400056a0 f   LIBCMTD:utility.obj
 0001:000046f0       __scrt_initialize_onexit_tables 00000001400056f0 f   LIBCMTD:utility.obj
 0001:000047f0       __scrt_is_nonwritable_in_current_image 00000001400057f0 f   LIBCMTD:utility.obj
 0001:00004880       __scrt_release_startup_lock 0000000140005880 f   LIBCMTD:utility.obj
 0001:000048b0       __scrt_uninitialize_crt    00000001400058b0 f   LIBCMTD:utility.obj
 0001:000048f0       _onexit                    00000001400058f0 f   LIBCMTD:utility.obj
 0001:00004980       atexit                     0000000140005980 f   LIBCMTD:utility.obj
 0001:000049c0       __security_init_cookie     00000001400059c0 f   LIBCMTD:gs_support.obj
 0001:00004ae0       _matherr                   0000000140005ae0 f   LIBCMTD:matherr.obj
 0001:00004af0       _get_startup_argv_mode     0000000140005af0 f   LIBCMTD:argv_mode.obj
 0001:00004b00       _get_startup_file_mode     0000000140005b00 f   LIBCMTD:file_mode.obj
 0001:00004b10       ?__scrt_initialize_type_info@@YAXXZ 0000000140005b10 f   LIBCMTD:tncleanup.obj
 0001:00004b30       ??$__vcrt_va_start_verify_argument_type@QEB_W@@YAXXZ 0000000140005b30 f   libucrtd:dbgrpt.obj
 0001:00004b30       _initialize_denormal_control 0000000140005b30 f   LIBCMTD:denormal_control.obj
 0001:00004b30       ??$__vcrt_va_start_verify_argument_type@QEBD@@YAXXZ 0000000140005b30 f   libvcruntimed:undname.obj
 0001:00004b30       _initialize_invalid_parameter_handler 0000000140005b30 f   LIBCMTD:invalid_parameter_handler.obj
 0001:00004b40       __local_stdio_printf_options 0000000140005b40 f i LIBCMTD:default_local_stdio_options.obj
 0001:00004b50       __local_stdio_scanf_options 0000000140005b50 f i LIBCMTD:default_local_stdio_options.obj
 0001:00004b60       __scrt_initialize_default_local_stdio_options 0000000140005b60 f   LIBCMTD:default_local_stdio_options.obj
 0001:00004bb0       __scrt_is_user_matherr_present 0000000140005bb0 f   LIBCMTD:matherr_detection.obj
 0001:00004be0       __scrt_get_dyn_tls_init_callback 0000000140005be0 f   LIBCMTD:dyn_tls_init.obj
 0001:00004bf0       __scrt_get_dyn_tls_dtor_callback 0000000140005bf0 f   LIBCMTD:dyn_tls_dtor.obj
 0001:00004c00       __crt_debugger_hook        0000000140005c00 f   LIBCMTD:utility_desktop.obj
 0001:00004c10       __scrt_fastfail            0000000140005c10 f   LIBCMTD:utility_desktop.obj
 0001:00004db0       __scrt_get_show_window_mode 0000000140005db0 f   LIBCMTD:utility_desktop.obj
 0001:00004e10       __scrt_is_managed_app      0000000140005e10 f   LIBCMTD:utility_desktop.obj
 0001:00004ec0       __scrt_set_unhandled_exception_filter 0000000140005ec0 f   LIBCMTD:utility_desktop.obj
 0001:00004ee0       __scrt_unhandled_exception_filter 0000000140005ee0 f   LIBCMTD:utility_desktop.obj
 0001:00004f60       _RTC_Initialize            0000000140005f60 f   LIBCMTD:_initsect_.obj
 0001:00004fb0       _RTC_Terminate             0000000140005fb0 f   LIBCMTD:_initsect_.obj
 0001:00005000       _guard_check_icall         0000000140006000 f i LIBCMTD:checkcfg.obj
 0001:00005020       __isa_available_init       0000000140006020 f   LIBCMTD:_cpu_disp_.obj
 0001:000053a0       __scrt_is_ucrt_dll_in_use  00000001400063a0 f   LIBCMTD:ucrt_detection.obj
 0001:000053d0       _guard_icall_checks_enforced 00000001400063d0 f i LIBCMTD:guard_support.obj
 0001:00005400       IsProcessorFeaturePresent  0000000140006400 f   kernel32:KERNEL32.dll
 0001:000054a0       EventDataDescCreate        00000001400064a0 f i libvcruntimed:telemetry.obj
 0001:000054e0       HRESULT_FROM_WIN32         00000001400064e0 f i libvcruntimed:telemetry.obj
 0001:00005520       __telemetry_main_invoke_trigger 0000000140006520 f   libvcruntimed:telemetry.obj
 0001:00005660       __telemetry_main_return_trigger 0000000140006660 f   libvcruntimed:telemetry.obj
 0001:000057a0       __vcrt_initialize_telemetry_provider 00000001400067a0 f   libvcruntimed:telemetry.obj
 0001:000057c0       __vcrt_uninitialize_telemetry_provider 00000001400067c0 f   libvcruntimed:telemetry.obj
 0001:000057e0       __C_specific_handler       00000001400067e0 f   libvcruntimed:_chandler_.obj
 0001:00005c10       __vcrt_initialize          0000000140006c10 f   libvcruntimed:initialization.obj
 0001:00005c60       __vcrt_uninitialize        0000000140006c60 f   libvcruntimed:initialization.obj
 0001:00005c90       ??B?$__crt_scoped_stack_ptr@_W@@QEBA_NXZ 0000000140006c90 f i libucrtd:lcmapstringa.obj
 0001:00005c90       ?is_valid@?$__crt_unique_heap_ptr@DU__crt_public_free_policy@@@@QEBA_NXZ 0000000140006c90 f i libvcruntimed:std_exception.obj
 0001:00005c90       ?is_valid@?$__crt_unique_heap_ptr@U__crt_lowio_handle_data@@U__crt_internal_free_policy@@@@QEBA_NXZ 0000000140006c90 f i libucrtd:osfinfo.obj
 0001:00005c90       ?is_valid@?$__crt_unique_heap_ptr@U__vcrt_ptd@@U__crt_internal_free_policy@@@@QEBA_NXZ 0000000140006c90 f i libvcruntimed:per_thread_data.obj
 0001:00005c90       ?is_valid@?$__crt_unique_heap_ptr@EU__crt_internal_free_policy@@@@QEBA_NXZ 0000000140006c90 f i libucrtd:argv_parsing.obj
 0001:00005c90       ?is_valid@?$__crt_unique_heap_ptr@DU__crt_internal_free_policy@@@@QEBA_NXZ 0000000140006c90 f i libvcruntimed:std_type_info.obj
 0001:00005c90       ?is_valid@?$__crt_unique_heap_ptr@U__acrt_ptd@@U__crt_internal_free_policy@@@@QEBA_NXZ 0000000140006c90 f i libucrtd:per_thread_data.obj
 0001:00005c90       ?is_valid@?$__crt_unique_heap_ptr@U__crt_multibyte_data@@U__crt_internal_free_policy@@@@QEBA_NXZ 0000000140006c90 f i libucrtd:wsetlocale.obj
 0001:00005c90       ?valid@__crt_stdio_stream@@QEBA_NXZ 0000000140006c90 f i libucrtd:output.obj
 0001:00005cc0       __std_type_info_compare    0000000140006cc0 f   libvcruntimed:std_type_info.obj
 0001:00005d00       ??$__crt_interlocked_compare_exchange_pointer@X$$T$$T@@YAPEAXPEDSEAX$$T1@Z 0000000140006d00 f i libvcruntimed:winapi_downlevel.obj
 0001:00005d00       ??$__crt_interlocked_compare_exchange_pointer@UHINSTANCE__@@$$T$$T@@YAPEAUHINSTANCE__@@PEDSEAU0@$$T1@Z 0000000140006d00 f i libvcruntimed:winapi_downlevel.obj
 0001:00005d40       ??$__crt_interlocked_exchange_pointer@UHINSTANCE__@@PEAU1@@@YAPEAUHINSTANCE__@@PEDSEAU0@QEAU0@@Z 0000000140006d40 f i libvcruntimed:winapi_downlevel.obj
 0001:00005d40       ??$__crt_interlocked_exchange_pointer@XPEAX@@YAPEAXPEDSEAXQEAX@Z 0000000140006d40 f i libvcruntimed:winapi_downlevel.obj
 0001:00005d40       ??$__crt_interlocked_exchange_pointer@UHINSTANCE__@@PEAX@@YAPEAUHINSTANCE__@@PEDSEAU0@QEAX@Z 0000000140006d40 f i libvcruntimed:winapi_downlevel.obj
 0001:00005d60       ??$__crt_interlocked_read_pointer@X@@YAPEAXPEDSEAX@Z 0000000140006d60 f i libvcruntimed:winapi_downlevel.obj
 0001:00005d60       ??$__crt_interlocked_read_pointer@UHINSTANCE__@@@@YAPEAUHINSTANCE__@@PEDSEAU0@@Z 0000000140006d60 f i libvcruntimed:winapi_downlevel.obj
 0001:00005d80       ?__crt_fast_encode_pointer@@YA?AU__crt_fast_encoded_nullptr_t@@$$T@Z 0000000140006d80 f i libvcruntimed:winapi_downlevel.obj
 0001:00005da0       ?get_invalid_value@__crt_handle_traits@@SAPEAXXZ 0000000140006da0 f   libucrtd:crtmbox.obj
 0001:00005da0       ?get_invalid_value@__crt_findfile_traits@@SAPEAXXZ 0000000140006da0 f   libucrtd:argv_wildcards.obj
 0001:00006370       __vcrt_EventRegister       0000000140007370 f   libvcruntimed:winapi_downlevel.obj
 0001:000063e0       __vcrt_EventSetInformation 00000001400073e0 f   libvcruntimed:winapi_downlevel.obj
 0001:00006440       __vcrt_EventUnregister     0000000140007440 f   libvcruntimed:winapi_downlevel.obj
 0001:00006490       __vcrt_EventWriteTransfer  0000000140007490 f   libvcruntimed:winapi_downlevel.obj
 0001:00006510       __vcrt_FlsAlloc            0000000140007510 f   libvcruntimed:winapi_downlevel.obj
 0001:00006560       __vcrt_FlsFree             0000000140007560 f   libvcruntimed:winapi_downlevel.obj
 0001:000065b0       __vcrt_FlsGetValue         00000001400075b0 f   libvcruntimed:winapi_downlevel.obj
 0001:00006600       __vcrt_FlsSetValue         0000000140007600 f   libvcruntimed:winapi_downlevel.obj
 0001:00006660       __vcrt_InitializeCriticalSectionEx 0000000140007660 f   libvcruntimed:winapi_downlevel.obj
 0001:000066c0       __vcrt_initialize_winapi_thunks 00000001400076c0 f   libvcruntimed:winapi_downlevel.obj
 0001:00006740       __vcrt_uninitialize_winapi_thunks 0000000140007740 f   libvcruntimed:winapi_downlevel.obj
 0001:000067f0       _local_unwind              00000001400077f0 f   libvcruntimed:_jmpuwind_.obj
 0001:00006820       _NLG_Notify                0000000140007820 f   libvcruntimed:_jmpuwind_.obj
 0001:00006840       __NLG_Dispatch2            0000000140007840 f   libvcruntimed:_jmpuwind_.obj
 0001:00006850       __NLG_Return2              0000000140007850 f   libvcruntimed:_jmpuwind_.obj
 0001:00006860       __except_validate_context_record 0000000140007860 f   libvcruntimed:jbcxrval.obj
 0001:000068c0       ??1?$__crt_unique_heap_ptr@U__vcrt_ptd@@U__crt_internal_free_policy@@@@QEAA@XZ 00000001400078c0 f i libvcruntimed:per_thread_data.obj
 0001:000068c0       ??1?$__crt_unique_heap_ptr@DU__crt_internal_free_policy@@@@QEAA@XZ 00000001400078c0 f i libvcruntimed:std_type_info.obj
 0001:000068e0       ?release@?$__crt_unique_heap_ptr@U__vcrt_ptd@@U__crt_internal_free_policy@@@@QEAAXXZ 00000001400078e0 f i libvcruntimed:per_thread_data.obj
 0001:000068e0       ?release@?$__crt_unique_heap_ptr@DU__crt_internal_free_policy@@@@QEAAXXZ 00000001400078e0 f i libvcruntimed:std_type_info.obj
 0001:00006940       __vcrt_freefls             0000000140007940 f   libvcruntimed:per_thread_data.obj
 0001:00006980       __vcrt_getptd              0000000140007980 f   libvcruntimed:per_thread_data.obj
 0001:000069b0       __vcrt_getptd_noexit       00000001400079b0 f   libvcruntimed:per_thread_data.obj
 0001:00006ad0       __vcrt_initialize_ptd      0000000140007ad0 f   libvcruntimed:per_thread_data.obj
 0001:00006b20       __vcrt_uninitialize_ptd    0000000140007b20 f   libvcruntimed:per_thread_data.obj
 0001:00006b50       __vcrt_initialize_locks    0000000140007b50 f   libvcruntimed:locks.obj
 0001:00006bc0       __vcrt_uninitialize_locks  0000000140007bc0 f   libvcruntimed:locks.obj
 0001:00006c20       __vcrt_initialize_pure_virtual_call_handler 0000000140007c20 f   libvcruntimed:purevirt_data.obj
 0001:00006c50       _vsprintf_s_l              0000000140007c50 f i libvcruntimed:undname.obj
 0001:00006cc0       sprintf_s                  0000000140007cc0 f i libvcruntimed:undname.obj
 0001:00006d90       _seh_filter_exe            0000000140007d90 f   libucrtd:exception_filter.obj
 0001:00007210       __acrt_report_runtime_error 0000000140008210 f   libucrtd:report_runtime_error.obj
 0001:00007490       _invoke_watson_if_error    0000000140008490 f i libucrtd:report_runtime_error.obj
 0001:000074e0       _query_app_type            00000001400084e0 f   libucrtd:report_runtime_error.obj
 0001:000074f0       _set_app_type              00000001400084f0 f   libucrtd:report_runtime_error.obj
 0001:00007500       _get_startup_new_mode      0000000140008500 f i LIBCMTD:new_mode.obj
 0001:00007500       ?get_invalid_value@__crt_hmodule_traits@@SAPEAUHINSTANCE__@@XZ 0000000140008500 f i libucrtd:exit.obj
 0001:00007500       _get_startup_commit_mode   0000000140008500 f i LIBCMTD:commit_mode.obj
 0001:00007500       ?get_current_state_index@__crt_state_management@@YA_KXZ 0000000140008500 f i libucrtd:matherr.obj
 0001:00007500       __scrt_initialize_winrt    0000000140008500 f i LIBCMTD:utility_desktop.obj
 0001:00007500       _get_startup_thread_locale_mode 0000000140008500 f i LIBCMTD:thread_locale.obj
 0001:00007510       __acrt_has_user_matherr    0000000140008510 f   libucrtd:matherr.obj
 0001:00007550       __acrt_initialize_user_matherr 0000000140008550 f   libucrtd:matherr.obj
 0001:00007570       __acrt_invoke_user_matherr 0000000140008570 f   libucrtd:matherr.obj
 0001:000075d0       __setusermatherr           00000001400085d0 f   libucrtd:matherr.obj
 0001:00007e20       ??$set_program_name@PEAD@?$__crt_char_traits@D@@SAX$$QEAPEAD@Z 0000000140008e20 f i libucrtd:argv_parsing.obj
 0001:00007e40       ??B?$__crt_unique_heap_ptr@U__crt_lowio_handle_data@@U__crt_internal_free_policy@@@@QEBA_NXZ 0000000140008e40 f i libucrtd:osfinfo.obj
 0001:00007e40       ??B?$__crt_unique_heap_ptr@U__vcrt_ptd@@U__crt_internal_free_policy@@@@QEBA_NXZ 0000000140008e40 f i libvcruntimed:per_thread_data.obj
 0001:00007e40       ??B?$__crt_unique_heap_ptr@U__acrt_ptd@@U__crt_internal_free_policy@@@@QEBA_NXZ 0000000140008e40 f i libucrtd:per_thread_data.obj
 0001:00007e40       ??B?$__crt_unique_heap_ptr@DU__crt_internal_free_policy@@@@QEBA_NXZ 0000000140008e40 f i libvcruntimed:std_type_info.obj
 0001:00007e40       ??B?$__crt_unique_heap_ptr@EU__crt_internal_free_policy@@@@QEBA_NXZ 0000000140008e40 f i libucrtd:argv_parsing.obj
 0001:00007e40       ??B?$__crt_unique_heap_ptr@U__crt_multibyte_data@@U__crt_internal_free_policy@@@@QEBA_NXZ 0000000140008e40 f i libucrtd:wsetlocale.obj
 0001:00007e40       ??B?$__crt_unique_heap_ptr@DU__crt_public_free_policy@@@@QEBA_NXZ 0000000140008e40 f i libvcruntimed:std_exception.obj
 0001:00007ec0       ?detach@?$__crt_unique_heap_ptr@U__vcrt_ptd@@U__crt_internal_free_policy@@@@QEAAPEAU__vcrt_ptd@@XZ 0000000140008ec0 f i libvcruntimed:per_thread_data.obj
 0001:00007ec0       ?detach@?$__crt_unique_heap_ptr@EU__crt_internal_free_policy@@@@QEAAPEAEXZ 0000000140008ec0 f i libucrtd:argv_parsing.obj
 0001:00007ec0       ?detach@?$__crt_unique_heap_ptr@PEADU__crt_internal_free_policy@@@@QEAAPEAPEADXZ 0000000140008ec0 f i libucrtd:argv_parsing.obj
 0001:00007ec0       ?detach@?$__crt_unique_heap_ptr@PEAU__crt_stdio_stream_data@@U__crt_internal_free_policy@@@@QEAAPEAPEAU__crt_stdio_stream_data@@XZ 0000000140008ec0 f i libucrtd:_file.obj
 0001:00007ec0       ?detach@?$__crt_unique_heap_ptr@U__crt_lowio_handle_data@@U__crt_internal_free_policy@@@@QEAAPEAU__crt_lowio_handle_data@@XZ 0000000140008ec0 f i libucrtd:osfinfo.obj
 0001:00007ec0       ?detach@?$__crt_unique_heap_ptr@U__acrt_ptd@@U__crt_internal_free_policy@@@@QEAAPEAU__acrt_ptd@@XZ 0000000140008ec0 f i libucrtd:per_thread_data.obj
 0001:00007ec0       ?detach@?$__crt_unique_heap_ptr@P6AXXZU__crt_internal_free_policy@@@@QEAAPEAP6AXXZXZ 0000000140008ec0 f i libucrtd:onexit.obj
 0001:00007ec0       ?detach@?$__crt_unique_heap_ptr@U__crt_multibyte_data@@U__crt_internal_free_policy@@@@QEAAPEAU__crt_multibyte_data@@XZ 0000000140008ec0 f i libucrtd:wsetlocale.obj
 0001:00007ec0       ?detach@?$__crt_unique_heap_ptr@DU__crt_public_free_policy@@@@QEAAPEADXZ 0000000140008ec0 f i libvcruntimed:std_exception.obj
 0001:00007f70       __acrt_allocate_buffer_for_argv 0000000140008f70 f   libucrtd:argv_parsing.obj
 0001:00008090       _configure_narrow_argv     0000000140009090 f   libucrtd:argv_parsing.obj
 0001:000080b0       _set_pgmptr                00000001400090b0 f i libucrtd:argv_parsing.obj
 0001:000082d4       ??$tcslen@AEAPEAD@?$__crt_char_traits@D@@SA_KAEAPEAD@Z 00000001400092d4 f i libucrtd:environment_initialization.obj
 0001:00008320       ??B?$__crt_unique_heap_ptr@PEADU__crt_internal_free_policy@@@@QEBA_NXZ 0000000140009320 f i libucrtd:environment_initialization.obj
 0001:0000832c       ?detach@?$__crt_unique_heap_ptr@DU__crt_internal_free_policy@@@@QEAAPEADXZ 000000014000932c f i libucrtd:environment_initialization.obj
 0001:00008334       __dcrt_uninitialize_environments_nolock 0000000140009334 f   libucrtd:environment_initialization.obj
 0001:0000836c       _initialize_narrow_environment 000000014000936c f   libucrtd:environment_initialization.obj
 0001:000084b0       _get_narrow_winmain_command_line 00000001400094b0 f   libucrtd:argv_winmain.obj
 0001:000084c0       _initterm                  00000001400094c0 f   libucrtd:initterm.obj
 0001:00008530       _initterm_e                0000000140009530 f   libucrtd:initterm.obj
 0001:000085b0       ??$__crt_get_proc_address@P6AXI@Z@@YAP6AXI@ZQEAUHINSTANCE__@@QEBD@Z 00000001400095b0 f i libucrtd:exit.obj
 0001:000085e0       ??$__crt_interlocked_read@J@@YAJPEDJ@Z 00000001400095e0 f i libucrtd:exit.obj
 0001:00008600       ??1?$__crt_unique_handle_t@U__crt_hmodule_traits@@@@QEAA@XZ 0000000140009600 f i libucrtd:exit.obj
 0001:00008620       ?__crt_interlocked_read_32@@YAHPEDH@Z 0000000140009620 f i libucrtd:exit.obj
 0001:00008660       ?close@?$__crt_unique_handle_t@U__crt_hmodule_traits@@@@QEAAXXZ 0000000140009660 f i libucrtd:exit.obj
 0001:000086a0       ?close@__crt_hmodule_traits@@SA_NPEAUHINSTANCE__@@@Z 00000001400096a0 f i libucrtd:exit.obj
 0001:00008870       ?get_address_of@?$__crt_unique_handle_t@U__crt_hmodule_traits@@@@QEAAPEAPEAUHINSTANCE__@@XZ 0000000140009870 f i libucrtd:exit.obj
 0001:00008870       ?dangerous_get_state_array@?$dual_state_global@PEAU__crt_locale_data@@@__crt_state_management@@QEAAPEAPEAU__crt_locale_data@@XZ 0000000140009870 f i libucrtd:per_thread_data.obj
 0001:00008870       ?get_address_of@?$__crt_unique_heap_ptr@PEADU__crt_internal_free_policy@@@@QEAAPEAPEAPEADXZ 0000000140009870 f i libucrtd:argv_parsing.obj
 0001:00008a40       __acrt_initialize_thread_local_exit_callback 0000000140009a40 f   libucrtd:exit.obj
 0001:00008a60       _c_exit                    0000000140009a60 f   libucrtd:exit.obj
 0001:00008a80       _cexit                     0000000140009a80 f   libucrtd:exit.obj
 0001:00008aa0       _exit                      0000000140009aa0 f   libucrtd:exit.obj
 0001:00008ac0       _register_thread_local_exe_atexit_callback 0000000140009ac0 f   libucrtd:exit.obj
 0001:00008b10       exit                       0000000140009b10 f   libucrtd:exit.obj
 0001:00008b30       _set_fmode                 0000000140009b30 f   libucrtd:setmode.obj
 0001:00008c10       ?get@?$__crt_unique_heap_ptr@DU__crt_public_free_policy@@@@QEBAPEADXZ 0000000140009c10 f i libvcruntimed:std_exception.obj
 0001:00008c10       ?get@?$__crt_unique_heap_ptr@U__acrt_ptd@@U__crt_internal_free_policy@@@@QEBAPEAU__acrt_ptd@@XZ 0000000140009c10 f i libucrtd:per_thread_data.obj
 0001:00008c10       ?get@?$__crt_unique_heap_ptr@U__vcrt_ptd@@U__crt_internal_free_policy@@@@QEBAPEAU__vcrt_ptd@@XZ 0000000140009c10 f i libvcruntimed:per_thread_data.obj
 0001:00008c10       ?get@?$__crt_scoped_stack_ptr@_W@@QEBAPEA_WXZ 0000000140009c10 f i libucrtd:getstringtypea.obj
 0001:00008c10       ?get@?$__crt_unique_handle_t@U__crt_handle_traits@@@@QEBAPEAXXZ 0000000140009c10 f i libucrtd:crtmbox.obj
 0001:00008c10       ?public_stream@__crt_stdio_stream@@QEBAPEAU_iobuf@@XZ 0000000140009c10 f i libucrtd:output.obj
 0001:00008c10       ?get@?$__crt_unique_heap_ptr@EU__crt_internal_free_policy@@@@QEBAPEAEXZ 0000000140009c10 f i libucrtd:argv_parsing.obj
 0001:00008c10       ?get@?$__crt_unique_handle_t@U__crt_findfile_traits@@@@QEBAPEAXXZ 0000000140009c10 f i libucrtd:argv_wildcards.obj
 0001:00008c10       ?begin@?$argument_list@D@?A0xfeb59491@@QEBAPEAPEADXZ 0000000140009c10 f i libucrtd:argv_wildcards.obj
 0001:00008c10       ?get@?$__crt_unique_heap_ptr@DU__crt_internal_free_policy@@@@QEBAPEADXZ 0000000140009c10 f i libvcruntimed:std_type_info.obj
 0001:00008c10       ?save_state@?$c_string_character_source@_W@__crt_strtox@@QEBAPEB_WXZ 0000000140009c10 f i libucrtd:atox.obj
 0001:00008c10       ?get@?$__crt_unique_heap_ptr@U__crt_multibyte_data@@U__crt_internal_free_policy@@@@QEBAPEAU__crt_multibyte_data@@XZ 0000000140009c10 f i libucrtd:wsetlocale.obj
 0001:00008c10       ?save_state@?$c_string_character_source@D@__crt_strtox@@QEBAPEBDXZ 0000000140009c10 f i libucrtd:atox.obj
 0001:00008c10       ?get@?$__crt_unique_heap_ptr@U__crt_lowio_handle_data@@U__crt_internal_free_policy@@@@QEBAPEAU__crt_lowio_handle_data@@XZ 0000000140009c10 f i libucrtd:osfinfo.obj
 0001:00008c10       ?get@?$__crt_unique_handle_t@U__crt_hmodule_traits@@@@QEBAPEAUHINSTANCE__@@XZ 0000000140009c10 f i libucrtd:exit.obj
 0001:00008c10       ?get@?$__crt_unique_heap_ptr@PEADU__crt_internal_free_policy@@@@QEBAPEAPEADXZ 0000000140009c10 f i libucrtd:argv_parsing.obj
 0001:00008c10       ??C__crt_stdio_stream@@QEBAPEAU__crt_stdio_stream_data@@XZ 0000000140009c10 f i libucrtd:output.obj
 0001:00008c20       __acrt_set_locale_changed  0000000140009c20 f   libucrtd:wsetlocale.obj
 0001:00008c30       __acrt_uninitialize_locale 0000000140009c30 f   libucrtd:wsetlocale.obj
 0001:00008ca0       _configthreadlocale        0000000140009ca0 f   libucrtd:wsetlocale.obj
 0001:00008e00       ?value@?$dual_state_global@J@__crt_state_management@@QEAAAEAJXZ 0000000140009e00 f i libucrtd:new_mode.obj
 0001:00008e20       _query_new_mode            0000000140009e20 f   libucrtd:new_mode.obj
 0001:00008e40       _set_new_mode              0000000140009e40 f   libucrtd:new_mode.obj
 0001:00008f10       __p__commode               0000000140009f10 f   libucrtd:ncommode.obj
 0001:00008f20       ??$?B$$A6AXPEAXK0@Z@__crt_fast_encoded_nullptr_t@@QEBAP6AXPEAXK0@ZXZ 0000000140009f20 f i libucrtd:exit.obj
 0001:00008f20       ??$?BX@__crt_fast_encoded_nullptr_t@@QEBAPEAXXZ 0000000140009f20 f i libvcruntimed:winapi_downlevel.obj
 0001:00008f20       ??$?B$$A6AXXZ@__crt_fast_encoded_nullptr_t@@QEBAP6AXXZXZ 0000000140009f20 f i libvcruntimed:purevirt_data.obj
 0001:00008f20       ??$?BP6AXXZ@__crt_fast_encoded_nullptr_t@@QEBAPEAP6AXXZXZ 0000000140009f20 f i libucrtd:onexit.obj
 0001:00008f20       ??$?B$$A6AXH@Z@__crt_fast_encoded_nullptr_t@@QEBAP6AXH@ZXZ 0000000140009f20 f i libucrtd:signal.obj
 0001:00008f40       ??$?RE@__crt_internal_free_policy@@QEBAXQEBE@Z 0000000140009f40 f i libucrtd:argv_parsing.obj
 0001:00008f40       ??$?RU__vcrt_ptd@@@__crt_internal_free_policy@@QEBAXQEBU__vcrt_ptd@@@Z 0000000140009f40 f i libvcruntimed:per_thread_data.obj
 0001:00008f40       ??$?RPEAU__crt_stdio_stream_data@@@__crt_internal_free_policy@@QEBAXQEBQEAU__crt_stdio_stream_data@@@Z 0000000140009f40 f i libucrtd:_file.obj
 0001:00008f40       ??$?RU__acrt_ptd@@@__crt_internal_free_policy@@QEBAXQEBU__acrt_ptd@@@Z 0000000140009f40 f i libucrtd:per_thread_data.obj
 0001:00008f40       ??$?RU__crt_multibyte_data@@@__crt_internal_free_policy@@QEBAXQEBU__crt_multibyte_data@@@Z 0000000140009f40 f i libucrtd:wsetlocale.obj
 0001:00008f40       ??$?RP6AXXZ@__crt_internal_free_policy@@QEBAXQEBQ6AXXZ@Z 0000000140009f40 f i libucrtd:onexit.obj
 0001:00008f40       ??$?RU__crt_lowio_handle_data@@@__crt_internal_free_policy@@QEBAXQEBU__crt_lowio_handle_data@@@Z 0000000140009f40 f i libucrtd:osfinfo.obj
 0001:00008f40       ??$?RD@__crt_internal_free_policy@@QEBAXQEBD@Z 0000000140009f40 f i libvcruntimed:std_type_info.obj
 0001:00008f40       ??$?RPEAD@__crt_internal_free_policy@@QEBAXQEBQEAD@Z 0000000140009f40 f i libucrtd:argv_parsing.obj
 0001:00008f70       ??$?RV<lambda_b0d8f1f77f5878de4f648f281b223c15>@@AEAV<lambda_942beefa13ab35ff55f86422493ffd6a>@@V<lambda_7adb6fc9c0d6a5bd4e2d9c212ec7cdcc>@@@?$__crt_seh_guarded_call@H@@QEAAH$$QEAV<lambda_b0d8f1f77f5878de4f648f281b223c15>@@AEAV<lambda_942beefa13ab35ff55f86422493ffd6a>@@$$QEAV<lambda_7adb6fc9c0d6a5bd4e2d9c212ec7cdcc>@@@Z 0000000140009f70 f i libucrtd:onexit.obj
 0001:00008fc0       ??$?RV<lambda_d22e02de4d14401f49897516b29a2b7c>@@AEAV<lambda_e971338317bfa523bb8920b43d823727>@@V<lambda_b0b8599c9027f5b14541fbbd6863d1f1>@@@?$__crt_seh_guarded_call@H@@QEAAH$$QEAV<lambda_d22e02de4d14401f49897516b29a2b7c>@@AEAV<lambda_e971338317bfa523bb8920b43d823727>@@$$QEAV<lambda_b0b8599c9027f5b14541fbbd6863d1f1>@@@Z 0000000140009fc0 f i libucrtd:onexit.obj
 0001:00009010       ??$__acrt_lock_and_call@V<lambda_942beefa13ab35ff55f86422493ffd6a>@@@@YAHW4__acrt_lock_id@@$$QEAV<lambda_942beefa13ab35ff55f86422493ffd6a>@@@Z 000000014000a010 f i libucrtd:onexit.obj
 0001:00009080       ??$__acrt_lock_and_call@V<lambda_e971338317bfa523bb8920b43d823727>@@@@YAHW4__acrt_lock_id@@$$QEAV<lambda_e971338317bfa523bb8920b43d823727>@@@Z 000000014000a080 f i libucrtd:onexit.obj
 0001:00009120       ??1?$__crt_unique_heap_ptr@U__acrt_ptd@@U__crt_internal_free_policy@@@@QEAA@XZ 000000014000a120 f i libucrtd:per_thread_data.obj
 0001:00009120       ??1?$__crt_unique_heap_ptr@P6AXXZU__crt_internal_free_policy@@@@QEAA@XZ 000000014000a120 f i libucrtd:onexit.obj
 0001:00009120       ??1?$__crt_unique_heap_ptr@U__crt_lowio_handle_data@@U__crt_internal_free_policy@@@@QEAA@XZ 000000014000a120 f i libucrtd:osfinfo.obj
 0001:00009120       ??1?$__crt_unique_heap_ptr@PEAU__crt_stdio_stream_data@@U__crt_internal_free_policy@@@@QEAA@XZ 000000014000a120 f i libucrtd:_file.obj
 0001:00009120       ??1?$__crt_unique_heap_ptr@U__crt_multibyte_data@@U__crt_internal_free_policy@@@@QEAA@XZ 000000014000a120 f i libucrtd:wsetlocale.obj
 0001:00009120       ??1?$__crt_unique_heap_ptr@EU__crt_internal_free_policy@@@@QEAA@XZ 000000014000a120 f i libucrtd:argv_parsing.obj
 0001:00009120       ??1?$__crt_unique_heap_ptr@PEADU__crt_internal_free_policy@@@@QEAA@XZ 000000014000a120 f i libucrtd:argv_parsing.obj
 0001:00009690       ?release@?$__crt_unique_heap_ptr@P6AXXZU__crt_internal_free_policy@@@@QEAAXXZ 000000014000a690 f i libucrtd:onexit.obj
 0001:00009690       ?release@?$__crt_unique_heap_ptr@PEADU__crt_internal_free_policy@@@@QEAAXXZ 000000014000a690 f i libucrtd:argv_parsing.obj
 0001:00009690       ?release@?$__crt_unique_heap_ptr@U__crt_lowio_handle_data@@U__crt_internal_free_policy@@@@QEAAXXZ 000000014000a690 f i libucrtd:osfinfo.obj
 0001:00009690       ?release@?$__crt_unique_heap_ptr@EU__crt_internal_free_policy@@@@QEAAXXZ 000000014000a690 f i libucrtd:argv_parsing.obj
 0001:00009690       ?release@?$__crt_unique_heap_ptr@U__crt_multibyte_data@@U__crt_internal_free_policy@@@@QEAAXXZ 000000014000a690 f i libucrtd:wsetlocale.obj
 0001:00009690       ?release@?$__crt_unique_heap_ptr@U__acrt_ptd@@U__crt_internal_free_policy@@@@QEAAXXZ 000000014000a690 f i libucrtd:per_thread_data.obj
 0001:00009690       ?release@?$__crt_unique_heap_ptr@PEAU__crt_stdio_stream_data@@U__crt_internal_free_policy@@@@QEAAXXZ 000000014000a690 f i libucrtd:_file.obj
 0001:000096d0       _crt_atexit                000000014000a6d0 f   libucrtd:onexit.obj
 0001:000096f0       _execute_onexit_table      000000014000a6f0 f   libucrtd:onexit.obj
 0001:00009720       _initialize_onexit_table   000000014000a720 f   libucrtd:onexit.obj
 0001:000097a0       _register_onexit_function  000000014000a7a0 f   libucrtd:onexit.obj
 0001:00009830       __acrt_uninitialize_command_line 000000014000a830 f   libucrtd:argv_data.obj
 0001:00009a00       __acrt_initialize          000000014000aa00 f   libucrtd:initialization.obj
 0001:00009a30       __acrt_uninitialize        000000014000aa30 f   libucrtd:initialization.obj
 0001:00009a60       terminate                  000000014000aa60 f   libucrtd:terminate.obj
 0001:00009aa0       wcslen                     000000014000aaa0 f   libucrtd:wcslen.obj
 0001:00009b00       strlen                     000000014000ab00 f   libucrtd:strlen.obj
 0001:00009bb0       ??0_LocaleUpdate@@QEAA@QEAU__crt_locale_pointers@@@Z 000000014000abb0 f i libucrtd:debug_heap.obj
 0001:00009cd0       ??1_LocaleUpdate@@QEAA@XZ  000000014000acd0 f i libucrtd:debug_heap.obj
 0001:00009d10       ?GetLocaleT@_LocaleUpdate@@QEAAPEAU__crt_locale_pointers@@XZ 000000014000ad10 f i libucrtd:debug_heap.obj
 0001:0000bd00       _CrtCheckMemory            000000014000cd00 f   libucrtd:debug_heap.obj
 0001:0000be90       _CrtDumpMemoryLeaks        000000014000ce90 f   libucrtd:debug_heap.obj
 0001:0000bf50       _CrtIsValidHeapPointer     000000014000cf50 f   libucrtd:debug_heap.obj
 0001:0000bf90       _CrtIsValidPointer         000000014000cf90 f   libucrtd:debug_heap.obj
 0001:0000bfd0       _CrtMemCheckpoint          000000014000cfd0 f   libucrtd:debug_heap.obj
 0001:0000c250       _CrtMemDumpAllObjectsSince 000000014000d250 f   libucrtd:debug_heap.obj
 0001:0000c2b0       _CrtSetDbgFlag             000000014000d2b0 f   libucrtd:debug_heap.obj
 0001:0000c410       _CrtSetDumpClient          000000014000d410 f   libucrtd:debug_heap.obj
 0001:0000c440       __acrt_get_locale_data_prefix 000000014000d440 f i libucrtd:debug_heap.obj
 0001:0000c460       __acrt_locale_changed      000000014000d460 f i libucrtd:debug_heap.obj
 0001:0000c490       _calloc_dbg                000000014000d490 f   libucrtd:debug_heap.obj
 0001:0000c530       _chvalidchk_l              000000014000d530 f i libucrtd:debug_heap.obj
 0001:0000c560       _free_dbg                  000000014000d560 f   libucrtd:debug_heap.obj
 0001:0000c5d0       _invoke_watson_if_oneof    000000014000d5d0 f i libucrtd:debug_heap.obj
 0001:0000c630       _ischartype_l              000000014000d630 f i libucrtd:debug_heap.obj
 0001:0000c690       _malloc_dbg                000000014000d690 f   libucrtd:debug_heap.obj
 0001:0000c6d0       _msize_dbg                 000000014000d6d0 f   libucrtd:debug_heap.obj
 0001:0000c870       _realloc_dbg               000000014000d870 f   libucrtd:debug_heap.obj
 0001:0000c8e0       _recalloc_dbg              000000014000d8e0 f   libucrtd:debug_heap.obj
 0001:0000ceb0       strcpy_s                   000000014000deb0 f   libucrtd:strcpy_s.obj
 0001:0000cef0       strcmp                     000000014000def0 f   libucrtd:strcmp.obj
 0001:0000dcd0       ??$get_module_file_name@$$TAEAY0BAF@DH@?$__crt_char_traits@D@@SAK$$QEA$$TAEAY0BAF@D$$QEAH@Z 000000014000ecd0 f i libucrtd:argv_parsing.obj
 0001:0000dcd0       ??$get_module_file_name@AEAPEAUHINSTANCE__@@AEAY0BAF@DK@?$__crt_char_traits@D@@SAKAEAPEAUHINSTANCE__@@AEAY0BAF@D$$QEAK@Z 000000014000ecd0 f i libucrtd:dbgrpt.obj
 0001:0000dd10       ??$get_module_file_name@AEAPEAUHINSTANCE__@@AEAY0BAF@_WK@?$__crt_char_traits@_W@@SAKAEAPEAUHINSTANCE__@@AEAY0BAF@_W$$QEAK@Z 000000014000ed10 f i libucrtd:dbgrpt.obj
 0001:0000dd50       ??$tcscpy_s@AEAY0BAF@D_KPEBD@?$__crt_char_traits@D@@SAHAEAY0BAF@D$$QEA_K$$QEAPEBD@Z 000000014000ed50 f i libucrtd:dbgrpt.obj
 0001:0000dd90       ??$tcscpy_s@AEAY0BAF@_W_KPEB_W@?$__crt_char_traits@_W@@SAHAEAY0BAF@_W$$QEA_K$$QEAPEB_W@Z 000000014000ed90 f i libucrtd:dbgrpt.obj
 0001:0000ddd0       ??$tcslen@AEAY0BAF@D@?$__crt_char_traits@D@@SA_KAEAY0BAF@D@Z 000000014000edd0 f i libucrtd:dbgrpt.obj
 0001:0000ddf0       ??$tcslen@AEAY0BAF@_W@?$__crt_char_traits@_W@@SA_KAEAY0BAF@_W@Z 000000014000edf0 f i libucrtd:dbgrpt.obj
 0001:0000de10       ??$tcslen@AEBQEBD@?$__crt_char_traits@D@@SA_KAEBQEBD@Z 000000014000ee10 f i libucrtd:dbgrpt.obj
 0001:0000de30       ??$tcslen@AEBQEB_W@?$__crt_char_traits@_W@@SA_KAEBQEB_W@Z 000000014000ee30 f i libucrtd:dbgrpt.obj
 0001:0000de90       _CrtDbgReport              000000014000ee90 f   libucrtd:dbgrpt.obj
 0001:0000df10       _CrtDbgReportW             000000014000ef10 f   libucrtd:dbgrpt.obj
 0001:0000df90       __acrt_MessageWindowA      000000014000ef90 f   libucrtd:dbgrpt.obj
 0001:0000dfe0       __acrt_MessageWindowW      000000014000efe0 f   libucrtd:dbgrpt.obj
 0001:0000e030       _snwprintf_s               000000014000f030 f i libucrtd:dbgrpt.obj
 0001:0000e0a0       _vsnwprintf_s_l            000000014000f0a0 f i libucrtd:dbgrpt.obj
 0001:0000e120       abort                      000000014000f120 f   libucrtd:abort.obj
 0001:0000e1a0       ??$?0AEBV?$string_output_adapter@D@__crt_stdio_output@@AEB_KAEBQEBDAEBQEAU__crt_locale_pointers@@AEBQEAD@?$format_validation_base@DV?$string_output_adapter@D@__crt_stdio_output@@@__crt_stdio_output@@IEAA@AEBV?$string_output_adapter@D@1@AEB_KAEBQEBDAEBQEAU__crt_locale_pointers@@AEBQEAD@Z 000000014000f1a0 f i libucrtd:output.obj
 0001:0000e1f0       ??$?0AEBV?$string_output_adapter@D@__crt_stdio_output@@AEB_KAEBQEBDAEBQEAU__crt_locale_pointers@@AEBQEAD@?$standard_base@DV?$string_output_adapter@D@__crt_stdio_output@@@__crt_stdio_output@@IEAA@AEBV?$string_output_adapter@D@1@AEB_KAEBQEBDAEBQEAU__crt_locale_pointers@@AEBQEAD@Z 000000014000f1f0 f i libucrtd:output.obj
 0001:0000e260       ??$?0AEBV?$string_output_adapter@_W@__crt_stdio_output@@AEB_KAEBQEB_WAEBQEAU__crt_locale_pointers@@AEBQEAD@?$format_validation_base@_WV?$string_output_adapter@_W@__crt_stdio_output@@@__crt_stdio_output@@IEAA@AEBV?$string_output_adapter@_W@1@AEB_KAEBQEB_WAEBQEAU__crt_locale_pointers@@AEBQEAD@Z 000000014000f260 f i libucrtd:output.obj
 0001:0000e2b0       ??$?0AEBV?$string_output_adapter@_W@__crt_stdio_output@@AEB_KAEBQEB_WAEBQEAU__crt_locale_pointers@@AEBQEAD@?$standard_base@_WV?$string_output_adapter@_W@__crt_stdio_output@@@__crt_stdio_output@@IEAA@AEBV?$string_output_adapter@_W@1@AEB_KAEBQEB_WAEBQEAU__crt_locale_pointers@@AEBQEAD@Z 000000014000f2b0 f i libucrtd:output.obj
 0001:0000fc30       ??$count@D@formatting_buffer@__crt_stdio_output@@QEBA_KXZ 0000000140010c30 f i libucrtd:output.obj
 0001:0000fc80       ??$data@_W@formatting_buffer@__crt_stdio_output@@QEAAPEA_WXZ 0000000140010c80 f i libucrtd:output.obj
 0001:0000fc80       ??$data@D@formatting_buffer@__crt_stdio_output@@QEAAPEADXZ 0000000140010c80 f i libucrtd:output.obj
 0001:0000fcd0       ??$ensure_buffer_is_big_enough@D@formatting_buffer@__crt_stdio_output@@QEAA_N_K@Z 0000000140010cd0 f i libucrtd:output.obj
 0001:0000fe00       ??$extract_argument_from_va_list@C_J@?$standard_base@_WV?$string_output_adapter@_W@__crt_stdio_output@@@__crt_stdio_output@@IEAA_NAEA_J@Z 0000000140010e00 f i libucrtd:output.obj
 0001:0000fe00       ??$extract_argument_from_va_list@C_J@?$standard_base@DV?$string_output_adapter@D@__crt_stdio_output@@@__crt_stdio_output@@IEAA_NAEA_J@Z 0000000140010e00 f i libucrtd:output.obj
 0001:0000fe40       ??$extract_argument_from_va_list@E_J@?$standard_base@_WV?$string_output_adapter@_W@__crt_stdio_output@@@__crt_stdio_output@@IEAA_NAEA_J@Z 0000000140010e40 f i libucrtd:output.obj
 0001:0000fe40       ??$extract_argument_from_va_list@E_J@?$standard_base@DV?$string_output_adapter@D@__crt_stdio_output@@@__crt_stdio_output@@IEAA_NAEA_J@Z 0000000140010e40 f i libucrtd:output.obj
 0001:0000fe80       ??$extract_argument_from_va_list@F_J@?$standard_base@_WV?$string_output_adapter@_W@__crt_stdio_output@@@__crt_stdio_output@@IEAA_NAEA_J@Z 0000000140010e80 f i libucrtd:output.obj
 0001:0000fe80       ??$extract_argument_from_va_list@F_J@?$standard_base@DV?$string_output_adapter@D@__crt_stdio_output@@@__crt_stdio_output@@IEAA_NAEA_J@Z 0000000140010e80 f i libucrtd:output.obj
 0001:0000fec0       ??$extract_argument_from_va_list@GD@?$standard_base@DV?$string_output_adapter@D@__crt_stdio_output@@@__crt_stdio_output@@IEAA_NAEAD@Z 0000000140010ec0 f i libucrtd:output.obj
 0001:0000fef0       ??$extract_argument_from_va_list@G_J@?$standard_base@_WV?$string_output_adapter@_W@__crt_stdio_output@@@__crt_stdio_output@@IEAA_NAEA_J@Z 0000000140010ef0 f i libucrtd:output.obj
 0001:0000fef0       ??$extract_argument_from_va_list@G_J@?$standard_base@DV?$string_output_adapter@D@__crt_stdio_output@@@__crt_stdio_output@@IEAA_NAEA_J@Z 0000000140010ef0 f i libucrtd:output.obj
 0001:0000ff30       ??$extract_argument_from_va_list@H_J@?$standard_base@_WV?$string_output_adapter@_W@__crt_stdio_output@@@__crt_stdio_output@@IEAA_NAEA_J@Z 0000000140010f30 f i libucrtd:output.obj
 0001:0000ff30       ??$extract_argument_from_va_list@H_J@?$standard_base@DV?$string_output_adapter@D@__crt_stdio_output@@@__crt_stdio_output@@IEAA_NAEA_J@Z 0000000140010f30 f i libucrtd:output.obj
 0001:0000ff60       ??$extract_argument_from_va_list@I_J@?$standard_base@DV?$string_output_adapter@D@__crt_stdio_output@@@__crt_stdio_output@@IEAA_NAEA_J@Z 0000000140010f60 f i libucrtd:output.obj
 0001:0000ff60       ??$extract_argument_from_va_list@I_J@?$standard_base@_WV?$string_output_adapter@_W@__crt_stdio_output@@@__crt_stdio_output@@IEAA_NAEA_J@Z 0000000140010f60 f i libucrtd:output.obj
 0001:0000ff90       ??$extract_argument_from_va_list@PEADPEAD@?$standard_base@DV?$string_output_adapter@D@__crt_stdio_output@@@__crt_stdio_output@@IEAA_NAEAPEAD@Z 0000000140010f90 f i libucrtd:output.obj
 0001:0000ff90       ??$extract_argument_from_va_list@PEADPEAD@?$standard_base@_WV?$string_output_adapter@_W@__crt_stdio_output@@@__crt_stdio_output@@IEAA_NAEAPEAD@Z 0000000140010f90 f i libucrtd:output.obj
 0001:0000ff90       ??$extract_argument_from_va_list@_K_J@?$standard_base@_WV?$string_output_adapter@_W@__crt_stdio_output@@@__crt_stdio_output@@IEAA_NAEA_J@Z 0000000140010f90 f i libucrtd:output.obj
 0001:0000ff90       ??$extract_argument_from_va_list@PEAXPEAX@?$standard_base@_WV?$string_output_adapter@_W@__crt_stdio_output@@@__crt_stdio_output@@IEAA_NAEAPEAX@Z 0000000140010f90 f i libucrtd:output.obj
 0001:0000ff90       ??$extract_argument_from_va_list@_J_J@?$standard_base@DV?$string_output_adapter@D@__crt_stdio_output@@@__crt_stdio_output@@IEAA_NAEA_J@Z 0000000140010f90 f i libucrtd:output.obj
 0001:0000ff90       ??$extract_argument_from_va_list@PEAUansi_string@?1??type_case_Z@?$output_processor@DV?$string_output_adapter@D@__crt_stdio_output@@V?$format_validation_base@DV?$string_output_adapter@D@__crt_stdio_output@@@2@@__crt_stdio_output@@AEAA_NXZ@PEAU1?1??234@AEAA_NXZ@@?$standard_base@DV?$string_output_adapter@D@__crt_stdio_output@@@__crt_stdio_output@@IEAA_NAEAPEAUansi_string@?1??type_case_Z@?$output_processor@DV?$string_output_adapter@D@__crt_stdio_output@@V?$format_validation_base@DV?$string_output_adapter@D@__crt_stdio_output@@@2@@1@AEAA_NXZ@@Z 0000000140010f90 f i libucrtd:output.obj
 0001:0000ff90       ??$extract_argument_from_va_list@_K_J@?$standard_base@DV?$string_output_adapter@D@__crt_stdio_output@@@__crt_stdio_output@@IEAA_NAEA_J@Z 0000000140010f90 f i libucrtd:output.obj
 0001:0000ff90       ??$extract_argument_from_va_list@PEAUansi_string@?1??type_case_Z@?$output_processor@_WV?$string_output_adapter@_W@__crt_stdio_output@@V?$format_validation_base@_WV?$string_output_adapter@_W@__crt_stdio_output@@@2@@__crt_stdio_output@@AEAA_NXZ@PEAU1?1??234@AEAA_NXZ@@?$standard_base@_WV?$string_output_adapter@_W@__crt_stdio_output@@@__crt_stdio_output@@IEAA_NAEAPEAUansi_string@?1??type_case_Z@?$output_processor@_WV?$string_output_adapter@_W@__crt_stdio_output@@V?$format_validation_base@_WV?$string_output_adapter@_W@__crt_stdio_output@@@2@@1@AEAA_NXZ@@Z 0000000140010f90 f i libucrtd:output.obj
 0001:0000ff90       ??$extract_argument_from_va_list@PEAXPEAX@?$standard_base@DV?$string_output_adapter@D@__crt_stdio_output@@@__crt_stdio_output@@IEAA_NAEAPEAX@Z 0000000140010f90 f i libucrtd:output.obj
 0001:0000ff90       ??$extract_argument_from_va_list@_J_J@?$standard_base@_WV?$string_output_adapter@_W@__crt_stdio_output@@@__crt_stdio_output@@IEAA_NAEA_J@Z 0000000140010f90 f i libucrtd:output.obj
 0001:0000ffc0       ??$extract_argument_from_va_list@U_CRT_DOUBLE@@U1@@?$standard_base@DV?$string_output_adapter@D@__crt_stdio_output@@@__crt_stdio_output@@IEAA_NAEAU_CRT_DOUBLE@@@Z 0000000140010fc0 f i libucrtd:output.obj
 0001:0000ffc0       ??$extract_argument_from_va_list@U_CRT_DOUBLE@@U1@@?$standard_base@_WV?$string_output_adapter@_W@__crt_stdio_output@@@__crt_stdio_output@@IEAA_NAEAU_CRT_DOUBLE@@@Z 0000000140010fc0 f i libucrtd:output.obj
 0001:00010010       ??$extract_argument_from_va_list@_W_W@?$standard_base@_WV?$string_output_adapter@_W@__crt_stdio_output@@@__crt_stdio_output@@IEAA_NAEA_W@Z 0000000140011010 f i libucrtd:output.obj
 0001:00010010       ??$extract_argument_from_va_list@_W_W@?$standard_base@DV?$string_output_adapter@D@__crt_stdio_output@@@__crt_stdio_output@@IEAA_NAEA_W@Z 0000000140011010 f i libucrtd:output.obj
 0001:00010040       ??$is_wide_character_specifier@D@__crt_stdio_output@@YA_N_KDW4length_modifier@0@@Z 0000000140011040 f i libucrtd:output.obj
 0001:000100e0       ??$is_wide_character_specifier@_W@__crt_stdio_output@@YA_N_K_WW4length_modifier@0@@Z 00000001400110e0 f i libucrtd:output.obj
 0001:000101b0       ??$read_va_arg@E@__crt_stdio_output@@YAEAEAPEAD@Z 00000001400111b0 f i libucrtd:output.obj
 0001:000101b0       ??$read_va_arg@C@__crt_stdio_output@@YACAEAPEAD@Z 00000001400111b0 f i libucrtd:output.obj
 0001:00010220       ??$read_va_arg@G@__crt_stdio_output@@YAGAEAPEAD@Z 0000000140011220 f i libucrtd:output.obj
 0001:00010220       ??$read_va_arg@_W@__crt_stdio_output@@YA_WAEAPEAD@Z 0000000140011220 f i libucrtd:output.obj
 0001:00010220       ??$read_va_arg@F@__crt_stdio_output@@YAFAEAPEAD@Z 0000000140011220 f i libucrtd:output.obj
 0001:00010290       ??$read_va_arg@I@__crt_stdio_output@@YAIAEAPEAD@Z 0000000140011290 f i libucrtd:output.obj
 0001:00010290       ??$read_va_arg@H@__crt_stdio_output@@YAHAEAPEAD@Z 0000000140011290 f i libucrtd:output.obj
 0001:000102f0       ??$read_va_arg@PEAD@__crt_stdio_output@@YAPEADAEAPEAD@Z 00000001400112f0 f i libucrtd:output.obj
 0001:000102f0       ??$read_va_arg@PEAX@__crt_stdio_output@@YAPEAXAEAPEAD@Z 00000001400112f0 f i libucrtd:output.obj
 0001:000102f0       ??$read_va_arg@_J@__crt_stdio_output@@YA_JAEAPEAD@Z 00000001400112f0 f i libucrtd:output.obj
 0001:000102f0       ??$read_va_arg@PEAUansi_string@?1??type_case_Z@?$output_processor@DV?$string_output_adapter@D@__crt_stdio_output@@V?$format_validation_base@DV?$string_output_adapter@D@__crt_stdio_output@@@2@@__crt_stdio_output@@AEAA_NXZ@@__crt_stdio_output@@YAPEAUansi_string@?1??type_case_Z@?$output_processor@DV?$string_output_adapter@D@__crt_stdio_output@@V?$format_validation_base@DV?$string_output_adapter@D@__crt_stdio_output@@@2@@0@AEAA_NXZ@AEAPEAD@Z 00000001400112f0 f i libucrtd:output.obj
 0001:000102f0       ??$read_va_arg@_K@__crt_stdio_output@@YA_KAEAPEAD@Z 00000001400112f0 f i libucrtd:output.obj
 0001:000102f0       ??$read_va_arg@PEAUansi_string@?1??type_case_Z@?$output_processor@_WV?$string_output_adapter@_W@__crt_stdio_output@@V?$format_validation_base@_WV?$string_output_adapter@_W@__crt_stdio_output@@@2@@__crt_stdio_output@@AEAA_NXZ@@__crt_stdio_output@@YAPEAUansi_string@?1??type_case_Z@?$output_processor@_WV?$string_output_adapter@_W@__crt_stdio_output@@V?$format_validation_base@_WV?$string_output_adapter@_W@__crt_stdio_output@@@2@@0@AEAA_NXZ@AEAPEAD@Z 00000001400112f0 f i libucrtd:output.obj
 0001:000102f0       ??$read_va_arg@U_CRT_DOUBLE@@@__crt_stdio_output@@YA?AU_CRT_DOUBLE@@AEAPEAD@Z 00000001400112f0 f i libucrtd:output.obj
 0001:00010360       ??$scratch_count@D@formatting_buffer@__crt_stdio_output@@QEBA_KXZ 0000000140011360 f i libucrtd:output.obj
 0001:00010380       ??$scratch_data@D@formatting_buffer@__crt_stdio_output@@QEAAPEADXZ 0000000140011380 f i libucrtd:output.obj
 0001:000103f0       ??$tcstol@PEBDPEAPEADH@?$__crt_char_traits@D@@SAJ$$QEAPEBD$$QEAPEAPEAD$$QEAH@Z 00000001400113f0 f i libucrtd:output.obj
 0001:00010430       ??$tcstol@PEB_WPEAPEA_WH@?$__crt_char_traits@_W@@SAJ$$QEAPEB_W$$QEAPEAPEA_W$$QEAH@Z 0000000140011430 f i libucrtd:output.obj
 0001:00010470       ??$type_case_integer_parse_into_buffer@I@?$output_processor@DV?$string_output_adapter@D@__crt_stdio_output@@V?$format_validation_base@DV?$string_output_adapter@D@__crt_stdio_output@@@2@@__crt_stdio_output@@AEAAXII_N@Z 0000000140011470 f i libucrtd:output.obj
 0001:00010590       ??$type_case_integer_parse_into_buffer@I@?$output_processor@_WV?$string_output_adapter@_W@__crt_stdio_output@@V?$format_validation_base@_WV?$string_output_adapter@_W@__crt_stdio_output@@@2@@__crt_stdio_output@@AEAAXII_N@Z 0000000140011590 f i libucrtd:output.obj
 0001:000106c0       ??$type_case_integer_parse_into_buffer@_K@?$output_processor@DV?$string_output_adapter@D@__crt_stdio_output@@V?$format_validation_base@DV?$string_output_adapter@D@__crt_stdio_output@@@2@@__crt_stdio_output@@AEAAX_KI_N@Z 00000001400116c0 f i libucrtd:output.obj
 0001:00010810       ??$type_case_integer_parse_into_buffer@_K@?$output_processor@_WV?$string_output_adapter@_W@__crt_stdio_output@@V?$format_validation_base@_WV?$string_output_adapter@_W@__crt_stdio_output@@@2@@__crt_stdio_output@@AEAAX_KI_N@Z 0000000140011810 f i libucrtd:output.obj
 0001:00010960       ??$write_multiple_characters@V?$string_output_adapter@D@__crt_stdio_output@@D@__crt_stdio_output@@YAXAEBV?$string_output_adapter@D@0@DHQEAH@Z 0000000140011960 f i libucrtd:output.obj
 0001:000109c0       ??$write_multiple_characters@V?$string_output_adapter@_W@__crt_stdio_output@@D@__crt_stdio_output@@YAXAEBV?$string_output_adapter@_W@0@DHQEAH@Z 00000001400119c0 f i libucrtd:output.obj
 0001:00010a20       ??0?$common_data@D@__crt_stdio_output@@IEAA@XZ 0000000140011a20 f i libucrtd:output.obj
 0001:00010af0       ??0?$common_data@_W@__crt_stdio_output@@IEAA@XZ 0000000140011af0 f i libucrtd:output.obj
 0001:00010bc0       ??0?$output_adapter_data@DV?$string_output_adapter@D@__crt_stdio_output@@@__crt_stdio_output@@IEAA@AEBV?$string_output_adapter@D@1@_KQEBDQEAU__crt_locale_pointers@@QEAD@Z 0000000140011bc0 f i libucrtd:output.obj
 0001:00010c40       ??0?$output_adapter_data@_WV?$string_output_adapter@_W@__crt_stdio_output@@@__crt_stdio_output@@IEAA@AEBV?$string_output_adapter@_W@1@_KQEB_WQEAU__crt_locale_pointers@@QEAD@Z 0000000140011c40 f i libucrtd:output.obj
 0001:00010cc0       ??0?$output_processor@DV?$string_output_adapter@D@__crt_stdio_output@@V?$format_validation_base@DV?$string_output_adapter@D@__crt_stdio_output@@@2@@__crt_stdio_output@@QEAA@AEBV?$string_output_adapter@D@1@_KQEBDQEAU__crt_locale_pointers@@QEAD@Z 0000000140011cc0 f i libucrtd:output.obj
 0001:00010d20       ??0?$output_processor@_WV?$string_output_adapter@_W@__crt_stdio_output@@V?$format_validation_base@_WV?$string_output_adapter@_W@__crt_stdio_output@@@2@@__crt_stdio_output@@QEAA@AEBV?$string_output_adapter@_W@1@_KQEB_WQEAU__crt_locale_pointers@@QEAD@Z 0000000140011d20 f i libucrtd:output.obj
 0001:00010d80       ??0__crt_errno_guard@@QEAA@QEAH@Z 0000000140011d80 f i libucrtd:output.obj
 0001:00010dc0       ??0formatting_buffer@__crt_stdio_output@@QEAA@XZ 0000000140011dc0 f i libucrtd:output.obj
 0001:00010e00       ??1?$common_data@D@__crt_stdio_output@@QEAA@XZ 0000000140011e00 f i libucrtd:output.obj
 0001:00010e00       ??1?$common_data@_W@__crt_stdio_output@@QEAA@XZ 0000000140011e00 f i libucrtd:output.obj
 0001:00010e20       ??1?$format_validation_base@_WV?$string_output_adapter@_W@__crt_stdio_output@@@__crt_stdio_output@@QEAA@XZ 0000000140011e20 f i libucrtd:output.obj
 0001:00010e20       ??1?$format_validation_base@DV?$string_output_adapter@D@__crt_stdio_output@@@__crt_stdio_output@@QEAA@XZ 0000000140011e20 f i libucrtd:output.obj
 0001:00010e40       ??1?$output_adapter_data@_WV?$string_output_adapter@_W@__crt_stdio_output@@@__crt_stdio_output@@QEAA@XZ 0000000140011e40 f i libucrtd:output.obj
 0001:00010e40       ??1?$output_adapter_data@DV?$string_output_adapter@D@__crt_stdio_output@@@__crt_stdio_output@@QEAA@XZ 0000000140011e40 f i libucrtd:output.obj
 0001:00010e60       ??1?$output_processor@_WV?$string_output_adapter@_W@__crt_stdio_output@@V?$format_validation_base@_WV?$string_output_adapter@_W@__crt_stdio_output@@@2@@__crt_stdio_output@@QEAA@XZ 0000000140011e60 f i libucrtd:output.obj
 0001:00010e60       ??1?$output_processor@DV?$string_output_adapter@D@__crt_stdio_output@@V?$format_validation_base@DV?$string_output_adapter@D@__crt_stdio_output@@@2@@__crt_stdio_output@@QEAA@XZ 0000000140011e60 f i libucrtd:output.obj
 0001:00010e80       ??1?$standard_base@_WV?$string_output_adapter@_W@__crt_stdio_output@@@__crt_stdio_output@@QEAA@XZ 0000000140011e80 f i libucrtd:output.obj
 0001:00010e80       ??1?$standard_base@DV?$string_output_adapter@D@__crt_stdio_output@@@__crt_stdio_output@@QEAA@XZ 0000000140011e80 f i libucrtd:output.obj
 0001:00010ea0       ??1__crt_errno_guard@@QEAA@XZ 0000000140011ea0 f i libucrtd:output.obj
 0001:00010ed0       ??1formatting_buffer@__crt_stdio_output@@QEAA@XZ 0000000140011ed0 f i libucrtd:output.obj
 0001:00010f00       ??4?$__crt_unique_heap_ptr@DU__crt_internal_free_policy@@@@QEAAAEAV0@$$QEAV0@@Z 0000000140011f00 f i libucrtd:output.obj
 0001:00010f40       ?adjust_hexit@?$output_processor@_WV?$string_output_adapter@_W@__crt_stdio_output@@V?$format_validation_base@_WV?$string_output_adapter@_W@__crt_stdio_output@@@2@@__crt_stdio_output@@CADH_N@Z 0000000140011f40 f i libucrtd:output.obj
 0001:00010f40       ?adjust_hexit@?$output_processor@DV?$string_output_adapter@D@__crt_stdio_output@@V?$format_validation_base@DV?$string_output_adapter@D@__crt_stdio_output@@@2@@__crt_stdio_output@@CADH_N@Z 0000000140011f40 f i libucrtd:output.obj
 0001:00010f90       ?advance_to_next_pass@?$standard_base@_WV?$string_output_adapter@_W@__crt_stdio_output@@@__crt_stdio_output@@IEAA_NXZ 0000000140011f90 f i libucrtd:output.obj
 0001:00010f90       ?advance_to_next_pass@?$standard_base@DV?$string_output_adapter@D@__crt_stdio_output@@@__crt_stdio_output@@IEAA_NXZ 0000000140011f90 f i libucrtd:output.obj
 0001:00010fe0       ?crop_zeroes@__crt_stdio_output@@YAXPEADQEAU__crt_locale_pointers@@@Z 0000000140011fe0 f i libucrtd:output.obj
 0001:00011120       ?find_next_state@?$output_processor@DV?$string_output_adapter@D@__crt_stdio_output@@V?$format_validation_base@DV?$string_output_adapter@D@__crt_stdio_output@@@2@@__crt_stdio_output@@AEBA?AW4state@2@DW432@@Z 0000000140012120 f i libucrtd:output.obj
 0001:000111c0       ?find_next_state@?$output_processor@_WV?$string_output_adapter@_W@__crt_stdio_output@@V?$format_validation_base@_WV?$string_output_adapter@_W@__crt_stdio_output@@@2@@__crt_stdio_output@@AEBA?AW4state@2@_WW432@@Z 00000001400121c0 f i libucrtd:output.obj
 0001:00011260       ?force_decimal_point@__crt_stdio_output@@YAXPEADQEAU__crt_locale_pointers@@@Z 0000000140012260 f i libucrtd:output.obj
 0001:00011340       ?get_flags@__crt_stdio_stream@@QEBAJXZ 0000000140012340 f i libucrtd:output.obj
 0001:00011370       ?has_flag@?$output_processor@_WV?$string_output_adapter@_W@__crt_stdio_output@@V?$format_validation_base@_WV?$string_output_adapter@_W@__crt_stdio_output@@@2@@__crt_stdio_output@@AEBA_NI@Z 0000000140012370 f i libucrtd:output.obj
 0001:00011370       ?has_flag@?$output_processor@DV?$string_output_adapter@D@__crt_stdio_output@@V?$format_validation_base@DV?$string_output_adapter@D@__crt_stdio_output@@@2@@__crt_stdio_output@@AEBA_NI@Z 0000000140012370 f i libucrtd:output.obj
 0001:000113b0       ?is_string_backed@__crt_stdio_stream@@QEBA_NXZ 00000001400123b0 f i libucrtd:output.obj
 0001:000113f0       ?narrow_null_string@?$output_processor@_WV?$string_output_adapter@_W@__crt_stdio_output@@V?$format_validation_base@_WV?$string_output_adapter@_W@__crt_stdio_output@@@2@@__crt_stdio_output@@CAPEADXZ 00000001400123f0 f i libucrtd:output.obj
 0001:000113f0       ?narrow_null_string@?$output_processor@DV?$string_output_adapter@D@__crt_stdio_output@@V?$format_validation_base@DV?$string_output_adapter@D@__crt_stdio_output@@@2@@__crt_stdio_output@@CAPEADXZ 00000001400123f0 f i libucrtd:output.obj
 0001:00011400       ?parse_int_from_format_string@?$output_processor@DV?$string_output_adapter@D@__crt_stdio_output@@V?$format_validation_base@DV?$string_output_adapter@D@__crt_stdio_output@@@2@@__crt_stdio_output@@AEAA_NQEAH@Z 0000000140012400 f i libucrtd:output.obj
 0001:000114e0       ?parse_int_from_format_string@?$output_processor@_WV?$string_output_adapter@_W@__crt_stdio_output@@V?$format_validation_base@_WV?$string_output_adapter@_W@__crt_stdio_output@@@2@@__crt_stdio_output@@AEAA_NQEAH@Z 00000001400124e0 f i libucrtd:output.obj
 0001:000115c0       ?process@?$output_processor@DV?$string_output_adapter@D@__crt_stdio_output@@V?$format_validation_base@DV?$string_output_adapter@D@__crt_stdio_output@@@2@@__crt_stdio_output@@QEAAHXZ 00000001400125c0 f i libucrtd:output.obj
 0001:00011920       ?process@?$output_processor@_WV?$string_output_adapter@_W@__crt_stdio_output@@V?$format_validation_base@_WV?$string_output_adapter@_W@__crt_stdio_output@@@2@@__crt_stdio_output@@QEAAHXZ 0000000140012920 f i libucrtd:output.obj
 0001:00011c80       ?set_flag@?$output_processor@DV?$string_output_adapter@D@__crt_stdio_output@@V?$format_validation_base@DV?$string_output_adapter@D@__crt_stdio_output@@@2@@__crt_stdio_output@@AEAAXI@Z 0000000140012c80 f i libucrtd:output.obj
 0001:00011c80       ?set_flag@?$output_processor@_WV?$string_output_adapter@_W@__crt_stdio_output@@V?$format_validation_base@_WV?$string_output_adapter@_W@__crt_stdio_output@@@2@@__crt_stdio_output@@AEAAXI@Z 0000000140012c80 f i libucrtd:output.obj
 0001:00011ca0       ?should_skip_normal_state_processing@?$standard_base@DV?$string_output_adapter@D@__crt_stdio_output@@@__crt_stdio_output@@IEAA_NXZ 0000000140012ca0 f i libucrtd:output.obj
 0001:00011ca0       ?should_skip_type_state_output@?$standard_base@DV?$string_output_adapter@D@__crt_stdio_output@@@__crt_stdio_output@@IEBA_NXZ 0000000140012ca0 f i libucrtd:output.obj
 0001:00011ca0       ?should_skip_type_state_output@?$standard_base@_WV?$string_output_adapter@_W@__crt_stdio_output@@@__crt_stdio_output@@IEBA_NXZ 0000000140012ca0 f i libucrtd:output.obj
 0001:00011ca0       ?should_skip_normal_state_processing@?$standard_base@_WV?$string_output_adapter@_W@__crt_stdio_output@@@__crt_stdio_output@@IEAA_NXZ 0000000140012ca0 f i libucrtd:output.obj
 0001:00011cb0       ?state_case_dot@?$output_processor@DV?$string_output_adapter@D@__crt_stdio_output@@V?$format_validation_base@DV?$string_output_adapter@D@__crt_stdio_output@@@2@@__crt_stdio_output@@AEAA_NXZ 0000000140012cb0 f i libucrtd:output.obj
 0001:00011cb0       ?state_case_dot@?$output_processor@_WV?$string_output_adapter@_W@__crt_stdio_output@@V?$format_validation_base@_WV?$string_output_adapter@_W@__crt_stdio_output@@@2@@__crt_stdio_output@@AEAA_NXZ 0000000140012cb0 f i libucrtd:output.obj
 0001:00011cd0       ?state_case_flag@?$output_processor@DV?$string_output_adapter@D@__crt_stdio_output@@V?$format_validation_base@DV?$string_output_adapter@D@__crt_stdio_output@@@2@@__crt_stdio_output@@AEAA_NXZ 0000000140012cd0 f i libucrtd:output.obj
 0001:00011d70       ?state_case_flag@?$output_processor@_WV?$string_output_adapter@_W@__crt_stdio_output@@V?$format_validation_base@_WV?$string_output_adapter@_W@__crt_stdio_output@@@2@@__crt_stdio_output@@AEAA_NXZ 0000000140012d70 f i libucrtd:output.obj
 0001:00011e10       ?state_case_normal@?$output_processor@DV?$string_output_adapter@D@__crt_stdio_output@@V?$format_validation_base@DV?$string_output_adapter@D@__crt_stdio_output@@@2@@__crt_stdio_output@@AEAA_NXZ 0000000140012e10 f i libucrtd:output.obj
 0001:00011ef0       ?state_case_normal@?$output_processor@_WV?$string_output_adapter@_W@__crt_stdio_output@@V?$format_validation_base@_WV?$string_output_adapter@_W@__crt_stdio_output@@@2@@__crt_stdio_output@@AEAA_NXZ 0000000140012ef0 f i libucrtd:output.obj
 0001:00011fd0       ?state_case_normal_common@?$output_processor@DV?$string_output_adapter@D@__crt_stdio_output@@V?$format_validation_base@DV?$string_output_adapter@D@__crt_stdio_output@@@2@@__crt_stdio_output@@AEAA_NXZ 0000000140012fd0 f i libucrtd:output.obj
 0001:00012020       ?state_case_normal_common@?$output_processor@_WV?$string_output_adapter@_W@__crt_stdio_output@@V?$format_validation_base@_WV?$string_output_adapter@_W@__crt_stdio_output@@@2@@__crt_stdio_output@@AEAA_NXZ 0000000140013020 f i libucrtd:output.obj
 0001:00012070       ?state_case_normal_tchar@?$output_processor@DV?$string_output_adapter@D@__crt_stdio_output@@V?$format_validation_base@DV?$string_output_adapter@D@__crt_stdio_output@@@2@@__crt_stdio_output@@AEAA_ND@Z 0000000140013070 f i libucrtd:output.obj
 0001:000121b0       ?state_case_normal_tchar@?$output_processor@_WV?$string_output_adapter@_W@__crt_stdio_output@@V?$format_validation_base@_WV?$string_output_adapter@_W@__crt_stdio_output@@@2@@__crt_stdio_output@@AEAA_N_W@Z 00000001400131b0 f i libucrtd:output.obj
 0001:000121d0       ?state_case_percent@?$output_processor@DV?$string_output_adapter@D@__crt_stdio_output@@V?$format_validation_base@DV?$string_output_adapter@D@__crt_stdio_output@@@2@@__crt_stdio_output@@AEAA_NXZ 00000001400131d0 f i libucrtd:output.obj
 0001:000121d0       ?state_case_percent@?$output_processor@_WV?$string_output_adapter@_W@__crt_stdio_output@@V?$format_validation_base@_WV?$string_output_adapter@_W@__crt_stdio_output@@@2@@__crt_stdio_output@@AEAA_NXZ 00000001400131d0 f i libucrtd:output.obj
 0001:00012220       ?state_case_precision@?$output_processor@DV?$string_output_adapter@D@__crt_stdio_output@@V?$format_validation_base@DV?$string_output_adapter@D@__crt_stdio_output@@@2@@__crt_stdio_output@@AEAA_NXZ 0000000140013220 f i libucrtd:output.obj
 0001:000122a0       ?state_case_precision@?$output_processor@_WV?$string_output_adapter@_W@__crt_stdio_output@@V?$format_validation_base@_WV?$string_output_adapter@_W@__crt_stdio_output@@@2@@__crt_stdio_output@@AEAA_NXZ 00000001400132a0 f i libucrtd:output.obj
 0001:00012320       ?state_case_size@?$output_processor@DV?$string_output_adapter@D@__crt_stdio_output@@V?$format_validation_base@DV?$string_output_adapter@D@__crt_stdio_output@@@2@@__crt_stdio_output@@AEAA_NXZ 0000000140013320 f i libucrtd:output.obj
 0001:000127a0       ?state_case_size@?$output_processor@_WV?$string_output_adapter@_W@__crt_stdio_output@@V?$format_validation_base@_WV?$string_output_adapter@_W@__crt_stdio_output@@@2@@__crt_stdio_output@@AEAA_NXZ 00000001400137a0 f i libucrtd:output.obj
 0001:00012c20       ?state_case_type@?$output_processor@DV?$string_output_adapter@D@__crt_stdio_output@@V?$format_validation_base@DV?$string_output_adapter@D@__crt_stdio_output@@@2@@__crt_stdio_output@@AEAA_NXZ 0000000140013c20 f i libucrtd:output.obj
 0001:000130b0       ?state_case_type@?$output_processor@_WV?$string_output_adapter@_W@__crt_stdio_output@@V?$format_validation_base@_WV?$string_output_adapter@_W@__crt_stdio_output@@@2@@__crt_stdio_output@@AEAA_NXZ 00000001400140b0 f i libucrtd:output.obj
 0001:00013580       ?state_case_width@?$output_processor@DV?$string_output_adapter@D@__crt_stdio_output@@V?$format_validation_base@DV?$string_output_adapter@D@__crt_stdio_output@@@2@@__crt_stdio_output@@AEAA_NXZ 0000000140014580 f i libucrtd:output.obj
 0001:00013610       ?state_case_width@?$output_processor@_WV?$string_output_adapter@_W@__crt_stdio_output@@V?$format_validation_base@_WV?$string_output_adapter@_W@__crt_stdio_output@@@2@@__crt_stdio_output@@AEAA_NXZ 0000000140014610 f i libucrtd:output.obj
 0001:000136a0       ?state_count@?$format_validation_base@_WV?$string_output_adapter@_W@__crt_stdio_output@@@__crt_stdio_output@@KAIXZ 00000001400146a0 f i libucrtd:output.obj
 0001:000136a0       ?state_count@?$format_validation_base@DV?$string_output_adapter@D@__crt_stdio_output@@@__crt_stdio_output@@KAIXZ 00000001400146a0 f i libucrtd:output.obj
 0001:000136b0       ?state_transition_table@?$format_validation_base@DV?$string_output_adapter@D@__crt_stdio_output@@@__crt_stdio_output@@KAPEBEXZ 00000001400146b0 f i libucrtd:output.obj
 0001:000136b0       ?state_transition_table@?$format_validation_base@_WV?$string_output_adapter@_W@__crt_stdio_output@@@__crt_stdio_output@@KAPEBEXZ 00000001400146b0 f i libucrtd:output.obj
 0001:000136c0       ?to_integer_size@__crt_stdio_output@@YA_KW4length_modifier@1@@Z 00000001400146c0 f i libucrtd:output.obj
 0001:00013770       ?type_case_X@?$output_processor@DV?$string_output_adapter@D@__crt_stdio_output@@V?$format_validation_base@DV?$string_output_adapter@D@__crt_stdio_output@@@2@@__crt_stdio_output@@AEAA_NXZ 0000000140014770 f i libucrtd:output.obj
 0001:00013790       ?type_case_X@?$output_processor@_WV?$string_output_adapter@_W@__crt_stdio_output@@V?$format_validation_base@_WV?$string_output_adapter@_W@__crt_stdio_output@@@2@@__crt_stdio_output@@AEAA_NXZ 0000000140014790 f i libucrtd:output.obj
 0001:000137b0       ?type_case_Z@?$output_processor@DV?$string_output_adapter@D@__crt_stdio_output@@V?$format_validation_base@DV?$string_output_adapter@D@__crt_stdio_output@@@2@@__crt_stdio_output@@AEAA_NXZ 00000001400147b0 f i libucrtd:output.obj
 0001:000138d0       ?type_case_Z@?$output_processor@_WV?$string_output_adapter@_W@__crt_stdio_output@@V?$format_validation_base@_WV?$string_output_adapter@_W@__crt_stdio_output@@@2@@__crt_stdio_output@@AEAA_NXZ 00000001400148d0 f i libucrtd:output.obj
 0001:000139f0       ?type_case_a@?$output_processor@DV?$string_output_adapter@D@__crt_stdio_output@@V?$format_validation_base@DV?$string_output_adapter@D@__crt_stdio_output@@@2@@__crt_stdio_output@@AEAA_NXZ 00000001400149f0 f i libucrtd:output.obj
 0001:00013da0       ?type_case_a@?$output_processor@_WV?$string_output_adapter@_W@__crt_stdio_output@@V?$format_validation_base@_WV?$string_output_adapter@_W@__crt_stdio_output@@@2@@__crt_stdio_output@@AEAA_NXZ 0000000140014da0 f i libucrtd:output.obj
 0001:00014150       ?type_case_c@?$output_processor@DV?$string_output_adapter@D@__crt_stdio_output@@V?$format_validation_base@DV?$string_output_adapter@D@__crt_stdio_output@@@2@@__crt_stdio_output@@AEAA_NXZ 0000000140015150 f i libucrtd:output.obj
 0001:00014170       ?type_case_c@?$output_processor@_WV?$string_output_adapter@_W@__crt_stdio_output@@V?$format_validation_base@_WV?$string_output_adapter@_W@__crt_stdio_output@@@2@@__crt_stdio_output@@AEAA_NXZ 0000000140015170 f i libucrtd:output.obj
 0001:00014190       ?type_case_c_tchar@?$output_processor@DV?$string_output_adapter@D@__crt_stdio_output@@V?$format_validation_base@DV?$string_output_adapter@D@__crt_stdio_output@@@2@@__crt_stdio_output@@AEAA_ND@Z 0000000140015190 f i libucrtd:output.obj
 0001:000142e0       ?type_case_c_tchar@?$output_processor@_WV?$string_output_adapter@_W@__crt_stdio_output@@V?$format_validation_base@_WV?$string_output_adapter@_W@__crt_stdio_output@@@2@@__crt_stdio_output@@AEAA_N_W@Z 00000001400152e0 f i libucrtd:output.obj
 0001:00014410       ?type_case_d@?$output_processor@DV?$string_output_adapter@D@__crt_stdio_output@@V?$format_validation_base@DV?$string_output_adapter@D@__crt_stdio_output@@@2@@__crt_stdio_output@@AEAA_NXZ 0000000140015410 f i libucrtd:output.obj
 0001:00014440       ?type_case_d@?$output_processor@_WV?$string_output_adapter@_W@__crt_stdio_output@@V?$format_validation_base@_WV?$string_output_adapter@_W@__crt_stdio_output@@@2@@__crt_stdio_output@@AEAA_NXZ 0000000140015440 f i libucrtd:output.obj
 0001:00014470       ?type_case_integer@?$output_processor@DV?$string_output_adapter@D@__crt_stdio_output@@V?$format_validation_base@DV?$string_output_adapter@D@__crt_stdio_output@@@2@@__crt_stdio_output@@AEAA_NI_N@Z 0000000140015470 f i libucrtd:output.obj
 0001:000148a0       ?type_case_integer@?$output_processor@_WV?$string_output_adapter@_W@__crt_stdio_output@@V?$format_validation_base@_WV?$string_output_adapter@_W@__crt_stdio_output@@@2@@__crt_stdio_output@@AEAA_NI_N@Z 00000001400158a0 f i libucrtd:output.obj
 0001:00014cd0       ?type_case_n@?$output_processor@DV?$string_output_adapter@D@__crt_stdio_output@@V?$format_validation_base@DV?$string_output_adapter@D@__crt_stdio_output@@@2@@__crt_stdio_output@@AEAA_NXZ 0000000140015cd0 f i libucrtd:output.obj
 0001:00014f10       ?type_case_n@?$output_processor@_WV?$string_output_adapter@_W@__crt_stdio_output@@V?$format_validation_base@_WV?$string_output_adapter@_W@__crt_stdio_output@@@2@@__crt_stdio_output@@AEAA_NXZ 0000000140015f10 f i libucrtd:output.obj
 0001:00015150       ?type_case_o@?$output_processor@DV?$string_output_adapter@D@__crt_stdio_output@@V?$format_validation_base@DV?$string_output_adapter@D@__crt_stdio_output@@@2@@__crt_stdio_output@@AEAA_NXZ 0000000140016150 f i libucrtd:output.obj
 0001:000151a0       ?type_case_o@?$output_processor@_WV?$string_output_adapter@_W@__crt_stdio_output@@V?$format_validation_base@_WV?$string_output_adapter@_W@__crt_stdio_output@@@2@@__crt_stdio_output@@AEAA_NXZ 00000001400161a0 f i libucrtd:output.obj
 0001:000151f0       ?type_case_p@?$output_processor@DV?$string_output_adapter@D@__crt_stdio_output@@V?$format_validation_base@DV?$string_output_adapter@D@__crt_stdio_output@@@2@@__crt_stdio_output@@AEAA_NXZ 00000001400161f0 f i libucrtd:output.obj
 0001:00015230       ?type_case_p@?$output_processor@_WV?$string_output_adapter@_W@__crt_stdio_output@@V?$format_validation_base@_WV?$string_output_adapter@_W@__crt_stdio_output@@@2@@__crt_stdio_output@@AEAA_NXZ 0000000140016230 f i libucrtd:output.obj
 0001:00015270       ?type_case_s@?$output_processor@DV?$string_output_adapter@D@__crt_stdio_output@@V?$format_validation_base@DV?$string_output_adapter@D@__crt_stdio_output@@@2@@__crt_stdio_output@@AEAA_NXZ 0000000140016270 f i libucrtd:output.obj
 0001:00015390       ?type_case_s@?$output_processor@_WV?$string_output_adapter@_W@__crt_stdio_output@@V?$format_validation_base@_WV?$string_output_adapter@_W@__crt_stdio_output@@@2@@__crt_stdio_output@@AEAA_NXZ 0000000140016390 f i libucrtd:output.obj
 0001:000154b0       ?type_case_s_compute_narrow_string_length@?$output_processor@DV?$string_output_adapter@D@__crt_stdio_output@@V?$format_validation_base@DV?$string_output_adapter@D@__crt_stdio_output@@@2@@__crt_stdio_output@@AEBAHHD@Z 00000001400164b0 f i libucrtd:output.obj
 0001:000154e0       ?type_case_s_compute_narrow_string_length@?$output_processor@_WV?$string_output_adapter@_W@__crt_stdio_output@@V?$format_validation_base@_WV?$string_output_adapter@_W@__crt_stdio_output@@@2@@__crt_stdio_output@@AEBAHH_W@Z 00000001400164e0 f i libucrtd:output.obj
 0001:00015570       ?type_case_u@?$output_processor@DV?$string_output_adapter@D@__crt_stdio_output@@V?$format_validation_base@DV?$string_output_adapter@D@__crt_stdio_output@@@2@@__crt_stdio_output@@AEAA_NXZ 0000000140016570 f i libucrtd:output.obj
 0001:00015590       ?type_case_u@?$output_processor@_WV?$string_output_adapter@_W@__crt_stdio_output@@V?$format_validation_base@_WV?$string_output_adapter@_W@__crt_stdio_output@@@2@@__crt_stdio_output@@AEAA_NXZ 0000000140016590 f i libucrtd:output.obj
 0001:000155b0       ?type_case_x@?$output_processor@DV?$string_output_adapter@D@__crt_stdio_output@@V?$format_validation_base@DV?$string_output_adapter@D@__crt_stdio_output@@@2@@__crt_stdio_output@@AEAA_NXZ 00000001400165b0 f i libucrtd:output.obj
 0001:000155d0       ?type_case_x@?$output_processor@_WV?$string_output_adapter@_W@__crt_stdio_output@@V?$format_validation_base@_WV?$string_output_adapter@_W@__crt_stdio_output@@@2@@__crt_stdio_output@@AEAA_NXZ 00000001400165d0 f i libucrtd:output.obj
 0001:000155f0       ?unset_flag@?$output_processor@_WV?$string_output_adapter@_W@__crt_stdio_output@@V?$format_validation_base@_WV?$string_output_adapter@_W@__crt_stdio_output@@@2@@__crt_stdio_output@@AEAAXI@Z 00000001400165f0 f i libucrtd:output.obj
 0001:000155f0       ?unset_flag@?$output_processor@DV?$string_output_adapter@D@__crt_stdio_output@@V?$format_validation_base@DV?$string_output_adapter@D@__crt_stdio_output@@@2@@__crt_stdio_output@@AEAAXI@Z 00000001400165f0 f i libucrtd:output.obj
 0001:00015620       ?update_field_width@?$standard_base@DV?$string_output_adapter@D@__crt_stdio_output@@@__crt_stdio_output@@IEAA_NXZ 0000000140016620 f i libucrtd:output.obj
 0001:00015620       ?update_field_width@?$standard_base@_WV?$string_output_adapter@_W@__crt_stdio_output@@@__crt_stdio_output@@IEAA_NXZ 0000000140016620 f i libucrtd:output.obj
 0001:00015650       ?update_precision@?$standard_base@_WV?$string_output_adapter@_W@__crt_stdio_output@@@__crt_stdio_output@@IEAA_NXZ 0000000140016650 f i libucrtd:output.obj
 0001:00015650       ?update_precision@?$standard_base@DV?$string_output_adapter@D@__crt_stdio_output@@@__crt_stdio_output@@IEAA_NXZ 0000000140016650 f i libucrtd:output.obj
 0001:00015680       ?validate@?$string_output_adapter@D@__crt_stdio_output@@QEBA_NXZ 0000000140016680 f i libucrtd:output.obj
 0001:00015740       ?validate@?$string_output_adapter@_W@__crt_stdio_output@@QEBA_NXZ 0000000140016740 f i libucrtd:output.obj
 0001:00015800       ?validate_and_update_state_at_end_of_format_string@?$format_validation_base@DV?$string_output_adapter@D@__crt_stdio_output@@@__crt_stdio_output@@IEBA_NXZ 0000000140016800 f i libucrtd:output.obj
 0001:000158c0       ?validate_and_update_state_at_end_of_format_string@?$format_validation_base@_WV?$string_output_adapter@_W@__crt_stdio_output@@@__crt_stdio_output@@IEBA_NXZ 00000001400168c0 f i libucrtd:output.obj
 0001:00015980       ?validate_state_for_type_case_a@?$standard_base@DV?$string_output_adapter@D@__crt_stdio_output@@@__crt_stdio_output@@IEBA_NXZ 0000000140016980 f i libucrtd:output.obj
 0001:00015980       ?should_format@?$standard_base@DV?$string_output_adapter@D@__crt_stdio_output@@@__crt_stdio_output@@IEAA_NXZ 0000000140016980 f i libucrtd:output.obj
 0001:00015980       ?should_format@?$standard_base@_WV?$string_output_adapter@_W@__crt_stdio_output@@@__crt_stdio_output@@IEAA_NXZ 0000000140016980 f i libucrtd:output.obj
 0001:00015980       ?validate_state_for_type_case_a@?$standard_base@_WV?$string_output_adapter@_W@__crt_stdio_output@@@__crt_stdio_output@@IEBA_NXZ 0000000140016980 f i libucrtd:output.obj
 0001:00015980       ?validate_and_update_state_at_beginning_of_format_character@?$standard_base@_WV?$string_output_adapter@_W@__crt_stdio_output@@@__crt_stdio_output@@IEAA_NXZ 0000000140016980 f i libucrtd:output.obj
 0001:00015980       ?validate_and_update_state_at_beginning_of_format_character@?$standard_base@DV?$string_output_adapter@D@__crt_stdio_output@@@__crt_stdio_output@@IEAA_NXZ 0000000140016980 f i libucrtd:output.obj
 0001:00015990       ?wide_null_string@?$output_processor@_WV?$string_output_adapter@_W@__crt_stdio_output@@V?$format_validation_base@_WV?$string_output_adapter@_W@__crt_stdio_output@@@2@@__crt_stdio_output@@CAPEA_WXZ 0000000140016990 f i libucrtd:output.obj
 0001:00015990       ?wide_null_string@?$output_processor@DV?$string_output_adapter@D@__crt_stdio_output@@V?$format_validation_base@DV?$string_output_adapter@D@__crt_stdio_output@@@2@@__crt_stdio_output@@CAPEA_WXZ 0000000140016990 f i libucrtd:output.obj
 0001:000159a0       ?write_character@?$string_output_adapter@D@__crt_stdio_output@@QEBA_NDQEAH@Z 00000001400169a0 f i libucrtd:output.obj
 0001:00015a60       ?write_character@?$string_output_adapter@_W@__crt_stdio_output@@QEBA_N_WQEAH@Z 0000000140016a60 f i libucrtd:output.obj
 0001:00015b20       ?write_stored_string_tchar@?$output_processor@DV?$string_output_adapter@D@__crt_stdio_output@@V?$format_validation_base@DV?$string_output_adapter@D@__crt_stdio_output@@@2@@__crt_stdio_output@@AEAA_ND@Z 0000000140016b20 f i libucrtd:output.obj
 0001:00015c80       ?write_stored_string_tchar@?$output_processor@_WV?$string_output_adapter@_W@__crt_stdio_output@@V?$format_validation_base@_WV?$string_output_adapter@_W@__crt_stdio_output@@@2@@__crt_stdio_output@@AEAA_N_W@Z 0000000140016c80 f i libucrtd:output.obj
 0001:00015dc0       ?write_string@?$string_output_adapter@D@__crt_stdio_output@@QEBAXQEBDHQEAH1@Z 0000000140016dc0 f i libucrtd:output.obj
 0001:00015f40       ?write_string@?$string_output_adapter@_W@__crt_stdio_output@@QEBAXQEB_WHQEAH1@Z 0000000140016f40 f i libucrtd:output.obj
 0001:000160d0       __acrt_isleadbyte_l_noupdate 00000001400170d0 f i libucrtd:output.obj
 0001:00016100       __stdio_common_vsnprintf_s 0000000140017100 f   libucrtd:output.obj
 0001:00016160       __stdio_common_vsnwprintf_s 0000000140017160 f   libucrtd:output.obj
 0001:000161c0       __stdio_common_vsprintf_s  00000001400171c0 f   libucrtd:output.obj
 0001:00016210       ??$is_overflow_condition@K@__crt_strtox@@YA_NIK@Z 0000000140017210 f i libucrtd:atox.obj
[...]
 0004:0000246c       $pdata$__dcrt_terminate_console_output 000000014004f46c     libucrtd:initcon.obj
 0004:00002478       $pdata$_raise_exc          000000014004f478     libucrtd:fpexcept.obj
 0004:00002484       $pdata$_raise_exc_ex       000000014004f484     libucrtd:fpexcept.obj
 0004:00002490       $pdata$_set_errno_from_matherr 000000014004f490     libucrtd:fpexcept.obj
 0004:0000249c       $pdata$_clrfp              000000014004f49c     libucrtd:fpctrl.obj
 0004:000024a8       $pdata$_ctrlfp             000000014004f4a8     libucrtd:fpctrl.obj
 0004:000024b4       $pdata$_set_statfp         000000014004f4b4     libucrtd:fpctrl.obj
 0004:000024c0       $pdata$_statfp             000000014004f4c0     libucrtd:fpctrl.obj
 0004:000024d8       $pdata$_FindPESection      000000014004f4d8     LIBCMTD:pesect.obj
 0004:000024e4       $pdata$_IsNonwritableInCurrentImage 000000014004f4e4     LIBCMTD:pesect.obj
 0004:000024f0       $pdata$_ValidateImageBase  000000014004f4f0     LIBCMTD:pesect.obj
 0004:000024fc       $pdata$??_Gtype_info@@UEAAPEAXI@Z 000000014004f4fc     LIBCMTD:std_type_info_static.obj
 0004:00002508       $pdata$__GSHandlerCheck_SEH 000000014004f508     LIBCMTD:_gshandlerseh_.obj
 0004:00002514       $pdata$__GSHandlerCheck_EH 000000014004f514     LIBCMTD:gshandlereh.obj
 0004:00002520       $pdata$??3@YAXPEAX_K@Z     000000014004f520     LIBCMTD:delete_scalar_size.obj
 0004:0000252c       $pdata$??3@YAXPEAX@Z       000000014004f52c     LIBCMTD:delete_scalar.obj
 0004:0000255c       $pdata$strrchr             000000014004f55c     libvcruntimed:strrchr.obj
 0004:00002568       $pdata$?_CatchTryBlock@@YAPEBU_s_TryBlockMapEntry@@PEBU_s_FuncInfo@@H@Z 000000014004f568     libvcruntimed:trnsctrl.obj
 0004:00002574       $pdata$?_GetEstablisherFrame@@YAPEA_KPEA_KPEAU_xDISPATCHER_CONTEXT@@PEBU_s_FuncInfo@@0@Z 000000014004f574     libvcruntimed:trnsctrl.obj
 0004:00002580       $pdata$?_GetRangeOfTrysToCheck@@YAPEBU_s_TryBlockMapEntry@@PEA_KPEBU_s_FuncInfo@@HHPEAI2PEAU_xDISPATCHER_CONTEXT@@@Z 000000014004f580     libvcruntimed:trnsctrl.obj
 0004:0000258c       $pdata$?__FrameUnwindToEmptyState@@YAXPEA_KPEAU_xDISPATCHER_CONTEXT@@PEBU_s_FuncInfo@@@Z 000000014004f58c     libvcruntimed:trnsctrl.obj
 0004:00002598       $pdata$?__SehTransFilter@@YAHPEAU_EXCEPTION_POINTERS@@PEAUEHExceptionRecord@@PEA_KPEAU_CONTEXT@@PEAU_xDISPATCHER_CONTEXT@@PEBU_s_FuncInfo@@PEAH@Z 000000014004f598     libvcruntimed:trnsctrl.obj
 0004:000025a4       $pdata$_CallSETranslator   000000014004f5a4     libvcruntimed:trnsctrl.obj
 0004:000025b0       $pdata$_CreateFrameInfo    000000014004f5b0     libvcruntimed:trnsctrl.obj
 0004:000025bc       $pdata$_FindAndUnlinkFrame 000000014004f5bc     libvcruntimed:trnsctrl.obj
 0004:000025c8       $pdata$_GetImageBase       000000014004f5c8     libvcruntimed:trnsctrl.obj
 0004:000025d4       $pdata$_GetThrowImageBase  000000014004f5d4     libvcruntimed:trnsctrl.obj
 0004:000025e0       $pdata$_IsExceptionObjectToBeDestroyed 000000014004f5e0     libvcruntimed:trnsctrl.obj
 0004:000025ec       $pdata$_SetImageBase       000000014004f5ec     libvcruntimed:trnsctrl.obj
 0004:000025f8       $pdata$_SetThrowImageBase  000000014004f5f8     libvcruntimed:trnsctrl.obj
 0004:00002604       $pdata$_UnwindNestedFrames 000000014004f604     libvcruntimed:trnsctrl.obj
 0004:00002610       $pdata$__CxxFrameHandler3  000000014004f610     libvcruntimed:trnsctrl.obj
 0004:0000261c       $pdata$?__GetCurrentState@@YAHPEA_KPEAU_xDISPATCHER_CONTEXT@@PEBU_s_FuncInfo@@@Z 000000014004f61c     libvcruntimed:ehstate.obj
 0004:00002628       $pdata$?__GetUnwindTryBlock@@YAHPEA_KPEAU_xDISPATCHER_CONTEXT@@PEBU_s_FuncInfo@@@Z 000000014004f628     libvcruntimed:ehstate.obj
 0004:00002634       $pdata$?__SetUnwindTryBlock@@YAXPEA_KPEAU_xDISPATCHER_CONTEXT@@PEBU_s_FuncInfo@@H@Z 000000014004f634     libvcruntimed:ehstate.obj
 0004:00002640       $pdata$?__StateFromControlPc@@YAHPEBU_s_FuncInfo@@PEAU_xDISPATCHER_CONTEXT@@@Z 000000014004f640     libvcruntimed:ehstate.obj
 0004:0000264c       $pdata$?__StateFromIp@@YAHPEBU_s_FuncInfo@@PEAU_xDISPATCHER_CONTEXT@@_J@Z 000000014004f64c     libvcruntimed:ehstate.obj
 0004:00002658       $pdata$__DestructExceptionObject 000000014004f658     libvcruntimed:frame.obj
 0004:00002664       $pdata$??0bad_exception@std@@QEAA@AEBV01@@Z 000000014004f664     libvcruntimed:frame.obj
 0004:00002670       $pdata$??0bad_exception@std@@QEAA@XZ 000000014004f670     libvcruntimed:frame.obj
 0004:0000267c       $pdata$??0exception@std@@QEAA@AEBV01@@Z 000000014004f67c     libvcruntimed:frame.obj
 0004:00002688       $pdata$??0exception@std@@QEAA@QEBDH@Z 000000014004f688     libvcruntimed:frame.obj
 0004:00002694       $pdata$??1bad_exception@std@@UEAA@XZ 000000014004f694     libvcruntimed:frame.obj
 0004:000026a0       $pdata$??1exception@std@@UEAA@XZ 000000014004f6a0     libvcruntimed:frame.obj
 0004:000026ac       $pdata$??8type_info@@QEBA_NAEBV0@@Z 000000014004f6ac     libvcruntimed:frame.obj
 0004:000026b8       $pdata$??_Gbad_exception@std@@UEAAPEAXI@Z 000000014004f6b8     libvcruntimed:frame.obj
 0004:000026c4       $pdata$??_Gexception@std@@UEAAPEAXI@Z 000000014004f6c4     libvcruntimed:frame.obj
 0004:000026d0       $pdata$?CatchIt@@YAXPEAUEHExceptionRecord@@PEA_KPEAU_CONTEXT@@PEAU_xDISPATCHER_CONTEXT@@PEBU_s_FuncInfo@@PEBU_s_HandlerType@@PEBU_s_CatchableType@@PEBU_s_TryBlockMapEntry@@H1EE@Z 000000014004f6d0     libvcruntimed:frame.obj
 0004:000026dc       $pdata$?ExFilterRethrow@@YAHPEAU_EXCEPTION_POINTERS@@PEAUEHExceptionRecord@@PEAH@Z 000000014004f6dc     libvcruntimed:frame.obj
 0004:000026e8       $pdata$?FindHandler@@YAXPEAUEHExceptionRecord@@PEA_KPEAU_CONTEXT@@PEAU_xDISPATCHER_CONTEXT@@PEBU_s_FuncInfo@@EH1@Z 000000014004f6e8     libvcruntimed:frame.obj
 0004:000026f4       $pdata$?FindHandlerForForeignException@@YAXPEAUEHExceptionRecord@@PEA_KPEAU_CONTEXT@@PEAU_xDISPATCHER_CONTEXT@@PEBU_s_FuncInfo@@HH1@Z 000000014004f6f4     libvcruntimed:frame.obj
 0004:00002700       $pdata$?IsInExceptionSpec@@YAEPEAUEHExceptionRecord@@PEBU_s_ESTypeList@@@Z 000000014004f700     libvcruntimed:frame.obj
 0004:0000270c       $pdata$?Is_bad_exception_allowed@@YAEPEBU_s_ESTypeList@@@Z 000000014004f70c     libvcruntimed:frame.obj
 0004:00002718       $pdata$?_CallMemberFunction0@@YAXPEAXP6AX0@Z@Z 000000014004f718     libvcruntimed:frame.obj
 0004:00002724       $pdata$?_CallMemberFunction1@@YAXPEAXP6AX0@Z0@Z 000000014004f724     libvcruntimed:frame.obj
 0004:00002730       $pdata$?_CallMemberFunction2@@YAXPEAXP6AX0@Z0H@Z 000000014004f730     libvcruntimed:frame.obj
 0004:0000273c       $pdata$?__RethrowException@@YAXPEAUEHExceptionRecord@@@Z 000000014004f73c     libvcruntimed:frame.obj
 0004:00002748       $pdata$?what@exception@std@@UEBAPEBDXZ 000000014004f748     libvcruntimed:frame.obj
 0004:00002754       $pdata$__AdjustPointer     000000014004f754     libvcruntimed:frame.obj
 0004:00002760       $pdata$__BuildCatchObject  000000014004f760     libvcruntimed:frame.obj
 0004:0000276c       $pdata$__BuildCatchObjectHelper 000000014004f76c     libvcruntimed:frame.obj
 0004:00002778       $pdata$__CxxCallCatchBlock 000000014004f778     libvcruntimed:frame.obj
 0004:00002784       $pdata$__FrameUnwindFilter 000000014004f784     libvcruntimed:frame.obj
 0004:00002790       $pdata$__FrameUnwindToState 000000014004f790     libvcruntimed:frame.obj
 0004:0000279c       $pdata$__InternalCxxFrameHandler 000000014004f79c     libvcruntimed:frame.obj
 0004:000027a8       $pdata$__TypeMatch         000000014004f7a8     libvcruntimed:frame.obj
 0004:000027c0       $pdata$??$?RD@__crt_public_free_policy@@QEBAXQEBD@Z 000000014004f7c0     libvcruntimed:std_exception.obj
 0004:000027cc       $pdata$??1?$__crt_unique_heap_ptr@DU__crt_public_free_policy@@@@QEAA@XZ 000000014004f7cc     libvcruntimed:std_exception.obj
 0004:000027d8       $pdata$?release@?$__crt_unique_heap_ptr@DU__crt_public_free_policy@@@@QEAAXXZ 000000014004f7d8     libvcruntimed:std_exception.obj
 0004:000027e4       $pdata$__std_exception_copy 000000014004f7e4     libvcruntimed:std_exception.obj
 0004:000027f0       $pdata$__std_exception_destroy 000000014004f7f0     libvcruntimed:std_exception.obj
 0004:000027fc       $pdata$_CxxThrowException  000000014004f7fc     libvcruntimed:throw.obj
 0004:00002814       $pdata$?filt$0@?0??__scrt_common_main_seh@@YAHXZ@4HA 000000014004f814     LIBCMTD:exe_winmain.obj
 0004:00002820       $pdata$__scrt_is_nonwritable_in_current_image$filt$0 000000014004f820     LIBCMTD:utility.obj
 0004:0000282c       $pdata$?filt$0@?0??common_exit@@YAXHW4_crt_exit_cleanup_mode@@W4_crt_exit_return_mode@@@Z@4HA 000000014004f82c     libucrtd:exit.obj
 0004:00002838       $pdata$?fin$1@?0??common_exit@@YAXHW4_crt_exit_cleanup_mode@@W4_crt_exit_return_mode@@@Z@4HA 000000014004f838     libucrtd:exit.obj
 0004:00002844       $pdata$__acrt_update_thread_locale_data$fin$0 000000014004f844     libucrtd:locale_refcounting.obj
 0004:00002844       $pdata$__acrt_uninitialize_locale$fin$0 000000014004f844     libucrtd:wsetlocale.obj
 0004:00002850       $pdata$?fin$0@?0??validate_heap_if_required_nolock@@YAXXZ@4HA 000000014004f850     libucrtd:debug_heap.obj
 0004:0000285c       $pdata$?fin$0@?0??heap_alloc_dbg_internal@@YAPEAX_KHQEBDH@Z@4HA 000000014004f85c     libucrtd:debug_heap.obj
 0004:0000285c       $pdata$_CrtMemCheckpoint$fin$0 000000014004f85c     libucrtd:debug_heap.obj
 0004:00002868       $pdata$_CrtMemDumpAllObjectsSince$fin$0 000000014004f868     libucrtd:debug_heap.obj
 0004:00002868       $pdata$_CrtSetDbgFlag$fin$0 000000014004f868     libucrtd:debug_heap.obj
 0004:00002868       $pdata$_CrtCheckMemory$fin$0 000000014004f868     libucrtd:debug_heap.obj
 0004:00002868       $pdata$_realloc_dbg$fin$0  000000014004f868     libucrtd:debug_heap.obj
 0004:00002868       $pdata$_msize_dbg$fin$0    000000014004f868     libucrtd:debug_heap.obj
 0004:00002874       $pdata$?fin$0@?0???$?RV<lambda_72d1df2b273a38828b1ce30cbf4cdab5>@@AEAV<lambda_876a65b173b8412d3a47c70a915b0cf4>@@V<lambda_41932305e351933ebe8f8be3ed8bb5dc>@@@?$__crt_seh_guarded_call@X@@QEAAX$$QEAV<lambda_72d1df2b273a38828b1ce30cbf4cdab5>@@AEAV<lambda_876a65b173b8412d3a47c70a915b0cf4>@@$$QEAV<lambda_41932305e351933ebe8f8be3ed8bb5dc>@@@Z@4HA 000000014004f874     libucrtd:per_thread_data.obj
 0004:00002874       $pdata$?fin$0@?0???$?RV<lambda_8773731b9ba2edf4362dda13ebc82854>@@AEAV<lambda_6ac21da2756cd333d25ba1adc9a0001e>@@V<lambda_2c95662d60720604e97e3009a1ee1859>@@@?$__crt_seh_guarded_call@X@@QEAAX$$QEAV<lambda_8773731b9ba2edf4362dda13ebc82854>@@AEAV<lambda_6ac21da2756cd333d25ba1adc9a0001e>@@$$QEAV<lambda_2c95662d60720604e97e3009a1ee1859>@@@Z@4HA 000000014004f874     libucrtd:per_thread_data.obj
 0004:00002874       $pdata$?fin$0@?0???$?RV<lambda_5e887d1dcbef67a5eb4283622ba103bf>@@AEAV<lambda_4466841279450cc726390878d4a41900>@@V<lambda_341c25c0346d94847f1f3c463c57e077>@@@?$__crt_seh_guarded_call@X@@QEAAX$$QEAV<lambda_5e887d1dcbef67a5eb4283622ba103bf>@@AEAV<lambda_4466841279450cc726390878d4a41900>@@$$QEAV<lambda_341c25c0346d94847f1f3c463c57e077>@@@Z@4HA 000000014004f874     libucrtd:per_thread_data.obj
 0004:00002874       $pdata$?fin$0@?0???$?RV<lambda_441f2315ac0f593d45428a8fceb6abe6>@@AEAV<lambda_2f900415df1f7f624cdaaefe86d0b1c0>@@V<lambda_1d10a5a8ccb596b49763520e59d5af47>@@@?$__crt_seh_guarded_call@X@@QEAAX$$QEAV<lambda_441f2315ac0f593d45428a8fceb6abe6>@@AEAV<lambda_2f900415df1f7f624cdaaefe86d0b1c0>@@$$QEAV<lambda_1d10a5a8ccb596b49763520e59d5af47>@@@Z@4HA 000000014004f874     libucrtd:mbctype.obj
 0004:00002874       $pdata$?fin$0@?0???$?RV<lambda_fb3a7dec4e47f37f22dae91bb15c9095>@@AEAV<lambda_698284760c8add0bfb0756c19673e34b>@@V<lambda_dfb8eca1e75fef3034a8fb18dd509707>@@@?$__crt_seh_guarded_call@X@@QEAAX$$QEAV<lambda_fb3a7dec4e47f37f22dae91bb15c9095>@@AEAV<lambda_698284760c8add0bfb0756c19673e34b>@@$$QEAV<lambda_dfb8eca1e75fef3034a8fb18dd509707>@@@Z@4HA 000000014004f874     libucrtd:per_thread_data.obj
 0004:00002880       $pdata$__acrt_update_thread_multibyte_data$fin$0 000000014004f880     libucrtd:mbctype.obj
 0004:0000288c       $pdata$__acrt_lowio_ensure_fh_exists$fin$0 000000014004f88c     libucrtd:osfinfo.obj
 0004:00002898       $pdata$__acrt_initialize_lowio$fin$0 000000014004f898     libucrtd:ioinit.obj
 0004:000028a4       $pdata$_query_new_handler$fin$0 000000014004f8a4     libucrtd:new_handler.obj
 0004:000028a4       $pdata$_free_dbg$fin$0     000000014004f8a4     libucrtd:debug_heap.obj
 0004:000028b0       $pdata$?fin$0@?0???$?RV<lambda_c36588078e9f5dfd39652860aa6b3aaf>@@AEAV<lambda_ec61778202f4f5fc7e7711acc23c3bca>@@V<lambda_dc9d2797ccde5d239b4a0efae8ebd7db>@@@?$__crt_seh_guarded_call@P6AXH@Z@@QEAAP6AXH@Z$$QEAV<lambda_c36588078e9f5dfd39652860aa6b3aaf>@@AEAV<lambda_ec61778202f4f5fc7e7711acc23c3bca>@@$$QEAV<lambda_dc9d2797ccde5d239b4a0efae8ebd7db>@@@Z@4HA 000000014004f8b0     libucrtd:signal.obj
 0004:000028b0       $pdata$?fin$0@?0???$?RV<lambda_b0d8f1f77f5878de4f648f281b223c15>@@AEAV<lambda_942beefa13ab35ff55f86422493ffd6a>@@V<lambda_7adb6fc9c0d6a5bd4e2d9c212ec7cdcc>@@@?$__crt_seh_guarded_call@H@@QEAAH$$QEAV<lambda_b0d8f1f77f5878de4f648f281b223c15>@@AEAV<lambda_942beefa13ab35ff55f86422493ffd6a>@@$$QEAV<lambda_7adb6fc9c0d6a5bd4e2d9c212ec7cdcc>@@@Z@4HA 000000014004f8b0     libucrtd:onexit.obj
 0004:000028b0       $pdata$?fin$0@?0???$?RV<lambda_d22e02de4d14401f49897516b29a2b7c>@@AEAV<lambda_e971338317bfa523bb8920b43d823727>@@V<lambda_b0b8599c9027f5b14541fbbd6863d1f1>@@@?$__crt_seh_guarded_call@H@@QEAAH$$QEAV<lambda_d22e02de4d14401f49897516b29a2b7c>@@AEAV<lambda_e971338317bfa523bb8920b43d823727>@@$$QEAV<lambda_b0b8599c9027f5b14541fbbd6863d1f1>@@@Z@4HA 000000014004f8b0     libucrtd:onexit.obj
 0004:000028bc       $pdata$raise$fin$0         000000014004f8bc     libucrtd:signal.obj
 0004:000028c8       $pdata$_VCrtDbgReportA$fin$0 000000014004f8c8     libucrtd:dbgrptt.obj
 0004:000028d4       $pdata$_VCrtDbgReportA$fin$1 000000014004f8d4     libucrtd:dbgrptt.obj
 0004:000028e0       $pdata$_VCrtDbgReportW$fin$0 000000014004f8e0     libucrtd:dbgrptt.obj
 0004:000028ec       $pdata$_VCrtDbgReportW$fin$1 000000014004f8ec     libucrtd:dbgrptt.obj
 0004:000028f8       $pdata$?dtor$0@?0??fp_format_a@@YAHQEBNPEAD_KQEAD2H_NIQEAU__crt_locale_pointers@@@Z@4HA 000000014004f8f8     libucrtd:cvt.obj
 0004:00002904       $pdata$?dtor$0@?0??shortsort@@YAXPEAD0_KP6AHPEBX2@Z@Z@4HA 000000014004f904     libucrtd:qsort.obj
 0004:00002910       $pdata$common_flush_all$fin$0 000000014004f910     libucrtd:fflush.obj
 0004:0000291c       $pdata$common_flush_all$fin$1 000000014004f91c     libucrtd:fflush.obj
 0004:00002928       $pdata$?dtor$0@?0??_wcstombs_l_helper@@YA_KPEADPEB_W_KPEAU__crt_locale_pointers@@@Z@4HA 000000014004f928     libucrtd:wcstombs.obj
 0004:00002934       $pdata$_fcloseall$fin$0    000000014004f934     libucrtd:closeall.obj
 0004:00002940       $pdata$_write$fin$0        000000014004f940     libucrtd:write.obj
 0004:0000294c       $pdata$fclose$fin$0        000000014004f94c     libucrtd:fclose.obj
 0004:00002958       $pdata$common_control87$filt$0 000000014004f958     libucrtd:ieee.obj
 0004:00002964       $pdata$?fin$0@?0???$?RV<lambda_4f1f1a84956f0d44b74de224c960ff76>@@AEAV<lambda_a8f98972ebaa5f7148d35bffe53bd70d>@@V<lambda_f6ca65dda28655a1cf758c1c4e38e52a>@@@?$__crt_seh_guarded_call@H@@QEAAH$$QEAV<lambda_4f1f1a84956f0d44b74de224c960ff76>@@AEAV<lambda_a8f98972ebaa5f7148d35bffe53bd70d>@@$$QEAV<lambda_f6ca65dda28655a1cf758c1c4e38e52a>@@@Z@4HA 000000014004f964     libucrtd:close.obj
 0004:00002964       $pdata$?fin$0@?0???$?RV<lambda_2ce24b26f23dade10250ef086380d911>@@AEAV<lambda_e9ab68cc08dfd839979545c079379e6e>@@V<lambda_6262c464c96e4c69799ed44814c7c457>@@@?$__crt_seh_guarded_call@H@@QEAAH$$QEAV<lambda_2ce24b26f23dade10250ef086380d911>@@AEAV<lambda_e9ab68cc08dfd839979545c079379e6e>@@$$QEAV<lambda_6262c464c96e4c69799ed44814c7c457>@@@Z@4HA 000000014004f964     libucrtd:commit.obj
 0004:00002970       $pdata$_ctrlfp$filt$0      000000014004f970     libucrtd:fpctrl.obj
 0004:0000297c       $pdata$_IsNonwritableInCurrentImage$filt$0 000000014004f97c     LIBCMTD:pesect.obj
 0004:00002988       $pdata$_CallSETranslator$filt$0 000000014004f988     libvcruntimed:trnsctrl.obj
 0004:00002994       $pdata$terminate$filt$0    000000014004f994     libucrtd:terminate.obj
 0004:00002994       $pdata$__BuildCatchObject$filt$0 000000014004f994     libvcruntimed:frame.obj
 0004:00002994       $pdata$?filt$0@?0??is_bad_read_pointer@@YA_NQEBX_K@Z@4HA 000000014004f994     libucrtd:debug_heap.obj
 0004:00002994       $pdata$__BuildCatchObjectHelper$filt$0 000000014004f994     libvcruntimed:frame.obj
 0004:000029a0       $pdata$__CxxCallCatchBlock$filt$0 000000014004f9a0     libvcruntimed:frame.obj
 0004:000029ac       $pdata$__CxxCallCatchBlock$fin$1 000000014004f9ac     libvcruntimed:frame.obj
 0004:000029b8       $pdata$__DestructExceptionObject$filt$0 000000014004f9b8     libvcruntimed:frame.obj
 0004:000029c4       $pdata$__FrameUnwindToState$filt$0 000000014004f9c4     libvcruntimed:frame.obj
 0004:000029d0       $pdata$__FrameUnwindToState$fin$1 000000014004f9d0     libvcruntimed:frame.obj
 0005:00000000       __guard_fids__             0000000140050000     libucrtd:initialization.obj
 0005:00000060       __guard_fids___acrt_initialize_ptd 0000000140050060     libucrtd:per_thread_data.obj
 0005:00000064       __guard_fids_??$common_show_message_box@_W@@YAHQEB_W0I@Z 0000000140050064     libucrtd:crtmbox.obj
 0005:00000068       __guard_fids_??B<lambda_be3f05d9b531ea9a6da18e31b75428f1>@@QEBAP6AHPEBX0@ZXZ 0000000140050068     libucrtd:argv_wildcards.obj
 0005:0000006c       __guard_fids__             000000014005006c     libucrtd:locale_initializer.obj
 0005:00000070       __guard_fids__             0000000140050070     libucrtd:debug_heap_hook.obj
 0005:00000074       __guard_fids__             0000000140050074     libucrtd:multibyte_initializer.obj
 0005:00000078       __guard_fids__             0000000140050078     libucrtd:stdio_initializer.obj
 0005:0000007c       __guard_fids__             000000014005007c     libucrtd:stdio_initializer.obj
 0005:00000080       __guard_fids__             0000000140050080     libucrtd:fma3_initializer.obj
 0005:00000084       __guard_fids__             0000000140050084     libucrtd:console_output_initializer.obj
 0005:00000088       __guard_fids__             0000000140050088     LIBCMTD:exe_winmain.obj
 0005:0000008c       __guard_fids__             000000014005008c     LIBCMTD:exe_winmain.obj
 0005:00000090       __guard_fids__             0000000140050090     LIBCMTD:exe_winmain.obj
 0005:00000094       __guard_fids_?pre_c_initialization@@YAHXZ 0000000140050094     LIBCMTD:exe_winmain.obj
 0005:0000009c       __guard_fids___scrt_set_unhandled_exception_filter 000000014005009c     LIBCMTD:utility_desktop.obj
 0005:000000a0       __guard_fids__             00000001400500a0     LIBCMTD:guard_support.obj
 0005:000000a4       __guard_fids__guard_icall_checks_enforced 00000001400500a4     LIBCMTD:guard_support.obj
 0005:000000a8       __guard_fids__             00000001400500a8     libvcruntimed:telemetry.obj
 0005:000000ac       __guard_fids_?TraceLoggingRegister@__vcrt_trace_logging_provider@@YAJPEBU_TlgProvider_t@1@PEBU_GUID@@P6AX1KE_K2PEAU_EVENT_FILTER_DESCRIPTOR@@PEAX@Z4@Z 00000001400500ac     libvcruntimed:telemetry.obj
 0005:000000b0       __guard_fids___vcrt_initialize_ptd 00000001400500b0     libvcruntimed:per_thread_data.obj
 0005:000000b4       __guard_fids__             00000001400500b4     LIBCMTD:std_type_info_static.obj
 0005:000000b8       __guard_fids__UnwindNestedFrames 00000001400500b8     libvcruntimed:trnsctrl.obj
 0005:000000bc       __guard_fids__             00000001400500bc     libvcruntimed:frame.obj
 0005:000000c0       __guard_fids__             00000001400500c0     libvcruntimed:frame.obj
 0005:000000c8       __guard_fids__             00000001400500c8     libvcruntimed:frame.obj
